

<!doctype html>
<html id="ctl00_html" lang="en" class=" wide sport baseball"> 
    <head><script>window.client_hostname = "wbuathletics.com";window.client_title = "Wayland Baptist University";window.server_name = "820756-APP53";window.client_division = "NAIA";window.targetting_criteria = {"page_template":"schedule-boxscore","sport_name":"baseball","sport_name_custom":"baseball","site":"wbu","cbs_site_code":"wayb","content_id":null,"sect":"mbasebl"};window.client_shortname = "wbu";window.dfp_network_code = "21708449227";window.img_dfp_unit_name = "";window.ad_full_unit_name = "SAExtended/waylandbaptist";window.block_dfp = false;window.reactions = null;window.cbs_ads_activated = true;window.site_colors = {"safe_text_white":"#4e4e4e","safe_text_black":"#ffffff","primary_background":"#004990","primary_text":"#ffffff","secondary_background":"#ffd200","secondary_text":"#004990"};window.inactive_tab_title = "";window.site_in_dev_mode = false;window.sidearm_header_bidding_enabled = false;
                    window.utagData = function() {
                        return {
                            embedPageUrl: location.href,
                            brandPlatformId: "sidearm_site_" + (document.documentElement.clientWidth > 600 ? "desktop" : "mweb"),
                            pageViewGuid: PageTargetting.getPageviewGuid(),
                            _pageViewGuid: PageTargetting.getPageviewGuid() // cbs says they need it both /shrug
                        };
                    };
                </script><!-- Begin comScore Tag -->
<script>
    var _comscore = _comscore || [];
    _comscore.push({ c1: "2", c2: "3005086" });
    (function() {
      var s = document.createElement("script"), el = document.getElementsByTagName("script")[0]; s.async = true;
      s.src = (document.location.protocol == "https:" ? "https://sb" : "http://b") + ".scorecardresearch.com/beacon.js";
      el.parentNode.insertBefore(s, el);
    })();
</script>
<!-- End comScore Tag --><link rel="preload" as="script" href="https://dbukjj6eu5tsf.cloudfront.net/assets.sidearmsports.com/responsive/js/main.1635966696921.js"><link rel="preload" as="style" href="https://fonts.sidearmsports.com/sidearm_v2/2021-08-16-883562/sidearm_font_v2.css"><link rel="preload" as="style" href="https://fonts.sidearmsports.com/sidearm/2020-05-12-535576/sidearm_font.css"><link rel="preload" as="script" href="https://cdnjs.cloudflare.com/ajax/libs/jquery/1.9.1/jquery.min.js"><link rel="preload" as="script" href="https://cdnjs.cloudflare.com/ajax/libs/require.js/2.2.0/require.min.js"><link rel="preload" as="script" href="https://dbukjj6eu5tsf.cloudfront.net/assets.sidearmsports.com/responsive/js/bundle.1623185959941.js"><link rel="preconnect" href="https://cdnjs.cloudflare.com"><link rel="preconnect" href="https://dbukjj6eu5tsf.cloudfront.net/"><link rel="preconnect" href="http://s3.amazonaws.com"><link rel="preconnect" href="https://s3.amazonaws.com"><link rel="preconnect" href="https://fonts.gstatic.com"><link rel="stylesheet" href="https://cdnjs.cloudflare.com/ajax/libs/slick-carousel/1.5.9/slick.min.css"><link rel="stylesheet" href="https://fonts.sidearmsports.com/sidearm/2020-05-12-535576/sidearm_font.css"><link rel="stylesheet" href="https://fonts.sidearmsports.com/sidearm_v2/2021-08-16-883562/sidearm_font_v2.css"><link rel="stylesheet" href="/less/sidearm-responsive-grid.less?_=637716150112187132"><link rel="apple-touch-icon" href="/images/logos/site/site.png"><link rel="canonical" href="/sports/baseball/stats/2021/-25-midamerica-nazarene-university/boxscore/7362"><link href="https://fonts.googleapis.com/css2?family=Montserrat&amp;family=Roboto&amp;family=Roboto+Slab:wght@400;700&amp;family=Source+Sans+Pro:wght@400;600&amp;family=Titillium+Web&amp;display=swap" rel="stylesheet"><meta charset="utf-8"><meta name="viewport" content="width=device-width, initial-scale=1.0, maximum-scale=1.0, user-scalable=0">						
			<meta name="theme-color" content="#004990">
		
            <link href="/site/site.less?_=637471780123539553 " rel='stylesheet' type='text/css'>
            
	<link rel="stylesheet" href="/less/responsive/box-score.less?_=637716132346026707">
<meta name="og:title" content="Baseball vs #25 MidAmerica Nazarene University on 1/29/2021 - Box Score"><meta name="description" content="The official box score of Baseball vs #25 MidAmerica Nazarene University on 1/29/2021"><meta name="og:description" content="The official box score of Baseball vs #25 MidAmerica Nazarene University on 1/29/2021"><meta name="og:image" content="https://wbuathletics.com/images/logos/site/site.png"><meta name="og:image:alt" content="Wayland Baptist University Athletics Logo"><meta name="twitter:card" content="summary"><meta name="og:type" content="Boxscore"><script src="//cdnjs.cloudflare.com/ajax/libs/jquery/1.9.1/jquery.min.js"></script><script>var require = {"config":{"options":{"sport_id":1,"dummy_ads":false,"all_ads":[]}}};
                        var isSameOrigin = false;
                        try { isSameOrigin = window.top.location.hostname === window.self.location.hostname; } catch(err) {}; 
                        if (!isSameOrigin && window.top != window.self) {
                            var makeTopLevelTimeout = setTimeout(function() {
                                window.top.location = window.self.location;
                            }, 250)
                            window.top.postMessage('sidearm-iframe-interrogation', '*')
                            window.addEventListener('message', function(ev) {
                                if (ev.data === 'sidearm-iframe-request-allow') {
                                    clearTimeout(makeTopLevelTimeout)
                                }
                            })
                        }
                    window.s3_bucket_path = 'https://dbukjj6eu5tsf.cloudfront.net/sidearm.sites/wbu.sidearmsports.com';window.cdn_path = 'https://dbukjj6eu5tsf.cloudfront.net/';window.custom_cdn_url = '';window.urlArgs = '637450418891994667';window.cbs_school = false;window.has_alerts = false;window.disable_ad_blocker_check = false;window.fan_exam_modal_enabled = false;</script><script>window.associated_sport = {"id":1,"title":"Baseball","abbreviation":"BB","shortname":"baseball","short_title":"BSBL","global_sport_id":1,"non_sport":false,"show_at_vs":false,"global_sport_shortname":null,"gender":"m","youtube":"","facebook":"","twitter":"","instagram":"","pinterest":"","tickets":"","global_sport_name_slug":"baseball","url":null,"ranking":null,"game_synonym":null};</script><meta property="og:determiner" content="the"><meta property="og:locale" content="en_US"><meta property="og:site_name" content="Wayland Baptist University Athletics"><meta property="og:url" content="https://wbuathletics.com/sports/baseball/stats/2021/-25-midamerica-nazarene-university/boxscore/7362"><title>
	Baseball vs #25 MidAmerica Nazarene University on 1/29/2021 - Box Score - Wayland Baptist University Athletics
</title><div style='position: fixed; left: -10000px'></div><!-- Google Tag Manager -->           
            <script>
                (function(w, d, s, l, i){
            w[l] = w[l] ||[]; w[l].push({'gtm.start':new Date().getTime(),event:'gtm.js'});var f = d.getElementsByTagName(s)[0],
            j = d.createElement(s), dl = l != 'dataLayer' ? '&l=' + l : ''; j.async=true;j.src=
            '//www.googletagmanager.com/gtm.js?id='+i+dl;f.parentNode.insertBefore(j,f);
            })(window,document,'script','dataLayer','GTM-K3TH4CC');
            </script>
            <!-- End Google Tag Manager --><!-- Google Tag Manager -->           
            <script>
                (function(w, d, s, l, i){
            w[l] = w[l] ||[]; w[l].push({'gtm.start':new Date().getTime(),event:'gtm.js'});var f = d.getElementsByTagName(s)[0],
            j = d.createElement(s), dl = l != 'dataLayer' ? '&l=' + l : ''; j.async=true;j.src=
            '//www.googletagmanager.com/gtm.js?id='+i+dl;f.parentNode.insertBefore(j,f);
            })(window,document,'script','dataLayer','GTM-TW6R675');
            </script>
            <!-- End Google Tag Manager --><script> 
                Date.prototype.to_iso_with_offset = function() {
                    var time_zone_offset = -this.getTimezoneOffset(),
                        time_zone_diff = time_zone_offset >= 0 ? '+' : '-',
                        pad = function(num) {
                            var norm = Math.floor(Math.abs(num));
                            return (norm < 10 ? '0' : '') + norm;
                        };
                    return this.getFullYear() +
                        '-' + pad(this.getMonth() + 1) +
                        '-' + pad(this.getDate()) +
                        'T' + pad(this.getHours()) +
                        ':' + pad(this.getMinutes()) +
                        ':' + pad(this.getSeconds()) +
                        time_zone_diff + pad(time_zone_offset / 60) +
                        ':' + pad(time_zone_offset % 60);
                }
             window.dataLayer = window.dataLayer || []; window.dataLayer.push({"event":"dataLayerLoaded","timestamp":new Date().to_iso_with_offset(),"non_interaction_flag":true,"page_related_sport":"baseball","gaPropertyID":"UA-195106495-22","schoolAttributes":{"Name":"Wayland Baptist University","Division":"NAIA","Conference":"Sooner Athletic Conference","ssClientID":"758"},"pageAttributes":{"pageName":"Baseball vs #25 MidAmerica Nazarene University on 1/29/2021 - Box Score - Wayland Baptist University Athletics","pageCategory":"schedule-boxscore","site":"wbu","sport_name":"Baseball","sport_name_custom":"baseball","sect":"mbasebl"},"siteAttributes":{"P5":false,"All_Access":true,"Paciolan_Marketing":false,"ticketingProvider":undefined,"region":undefined,"Fanbase_Partner":false,"SIDEARM_Extended":true,"MMR":undefined}}); </script><script>(function(i,s,o,g,r,a,m){i['GoogleAnalyticsObject']=r;i[r]=i[r]||function(){(i[r].q=i[r].q||[]).push(arguments)},i[r].l=1*new Date();a=s.createElement(o),m=s.getElementsByTagName(o)[0];a.async=1;a.src=g;m.parentNode.insertBefore(a,m)})(window,document,'script','//www.google-analytics.com/analytics.js','ga');ga('create', 'UA-34816122-7', 'auto', 'tracker0'); ga('require', 'linkid'); location.search.indexOf('dontSendPageview=1') > -1 || ga('tracker0.send', 'pageview', {'page': '/sports/baseball/stats/2021/-25-midamerica-nazarene-university/boxscore/7362', title: document.title });</script></head>	
    <body><!-- Google Tag Manager (noscript) -->
            <noscript><iframe src='//www.googletagmanager.com/ns.html?id=GTM-K3TH4CC' title='Google Tag Manager' 
            height ='0' width ='0' style = 'display:none;visibility:hidden'></iframe>
            </noscript>                
            <!-- End Google Tag Manager (noscript) --><!-- Google Tag Manager (noscript) -->
            <noscript><iframe src='//www.googletagmanager.com/ns.html?id=GTM-TW6R675' title='Google Tag Manager' 
            height ='0' width ='0' style = 'display:none;visibility:hidden'></iframe>
            </noscript>                
            <!-- End Google Tag Manager (noscript) --><div style='position: fixed; left: -10000px'></div><!-- Begin comScore Tag -->
<noscript><img src="https://sb.scorecardresearch.com/p?c1=2&c2=3005086&cv=2.0&cj=1" alt="" aria-hidden="true" /></noscript>
<!-- End comScore Tag -->  
		<a class="sidearm-skip-link" href="#main-content">Skip To Main Content</a>
		
        <form name="aspnetForm" method="post" action="./boxscore.aspx?id=7362&amp;path=baseball" id="aspnetForm">
<div>
<input type="hidden" name="__VIEWSTATE" id="__VIEWSTATE" value="/wEPDwUJNTY5Njc0MDEyD2QWAmYPZBYCAgEPFgIeBWNsYXNzBRQgd2lkZSBzcG9ydCBiYXNlYmFsbBYCAgEPZBYCAh8PFgIeCWlubmVyaHRtbAWoCnZhciByZXF1aXJlID0geyJjb25maWciOnsib3B0aW9ucyI6eyJzcG9ydF9pZCI6MSwiZHVtbXlfYWRzIjpmYWxzZSwiYWxsX2FkcyI6W119fX07DQogICAgICAgICAgICAgICAgICAgICAgICB2YXIgaXNTYW1lT3JpZ2luID0gZmFsc2U7DQogICAgICAgICAgICAgICAgICAgICAgICB0cnkgeyBpc1NhbWVPcmlnaW4gPSB3aW5kb3cudG9wLmxvY2F0aW9uLmhvc3RuYW1lID09PSB3aW5kb3cuc2VsZi5sb2NhdGlvbi5ob3N0bmFtZTsgfSBjYXRjaChlcnIpIHt9OyANCiAgICAgICAgICAgICAgICAgICAgICAgIGlmICghaXNTYW1lT3JpZ2luICYmIHdpbmRvdy50b3AgIT0gd2luZG93LnNlbGYpIHsNCiAgICAgICAgICAgICAgICAgICAgICAgICAgICB2YXIgbWFrZVRvcExldmVsVGltZW91dCA9IHNldFRpbWVvdXQoZnVuY3Rpb24oKSB7DQogICAgICAgICAgICAgICAgICAgICAgICAgICAgICAgIHdpbmRvdy50b3AubG9jYXRpb24gPSB3aW5kb3cuc2VsZi5sb2NhdGlvbjsNCiAgICAgICAgICAgICAgICAgICAgICAgICAgICB9LCAyNTApDQogICAgICAgICAgICAgICAgICAgICAgICAgICAgd2luZG93LnRvcC5wb3N0TWVzc2FnZSgnc2lkZWFybS1pZnJhbWUtaW50ZXJyb2dhdGlvbicsICcqJykNCiAgICAgICAgICAgICAgICAgICAgICAgICAgICB3aW5kb3cuYWRkRXZlbnRMaXN0ZW5lcignbWVzc2FnZScsIGZ1bmN0aW9uKGV2KSB7DQogICAgICAgICAgICAgICAgICAgICAgICAgICAgICAgIGlmIChldi5kYXRhID09PSAnc2lkZWFybS1pZnJhbWUtcmVxdWVzdC1hbGxvdycpIHsNCiAgICAgICAgICAgICAgICAgICAgICAgICAgICAgICAgICAgIGNsZWFyVGltZW91dChtYWtlVG9wTGV2ZWxUaW1lb3V0KQ0KICAgICAgICAgICAgICAgICAgICAgICAgICAgICAgICB9DQogICAgICAgICAgICAgICAgICAgICAgICAgICAgfSkNCiAgICAgICAgICAgICAgICAgICAgICAgIH0NCiAgICAgICAgICAgICAgICAgICAgd2luZG93LnMzX2J1Y2tldF9wYXRoID0gJ2h0dHBzOi8vZGJ1a2pqNmV1NXRzZi5jbG91ZGZyb250Lm5ldC9zaWRlYXJtLnNpdGVzL3didS5zaWRlYXJtc3BvcnRzLmNvbSc7d2luZG93LmNkbl9wYXRoID0gJ2h0dHBzOi8vZGJ1a2pqNmV1NXRzZi5jbG91ZGZyb250Lm5ldC8nO3dpbmRvdy5jdXN0b21fY2RuX3VybCA9ICcnO3dpbmRvdy51cmxBcmdzID0gJzYzNzQ1MDQxODg5MTk5NDY2Nyc7d2luZG93LmNic19zY2hvb2wgPSBmYWxzZTt3aW5kb3cuaGFzX2FsZXJ0cyA9IGZhbHNlO3dpbmRvdy5kaXNhYmxlX2FkX2Jsb2NrZXJfY2hlY2sgPSBmYWxzZTt3aW5kb3cuZmFuX2V4YW1fbW9kYWxfZW5hYmxlZCA9IGZhbHNlO2RkDIAY13ycIQKEVyDpKjyCzR2+IhVtiPq2WB6qSSBX10g=">
</div>


<script src="//cdnjs.cloudflare.com/ajax/libs/require.js/2.2.0/require.min.js" type="text/javascript"></script>
<script src="https://dbukjj6eu5tsf.cloudfront.net/assets.sidearmsports.com/responsive/js/main.1635966696921.js" type="text/javascript"></script>
<div>

	<input type="hidden" name="__VIEWSTATEGENERATOR" id="__VIEWSTATEGENERATOR" value="9A5D787D">
</div>

            <header class="main-header">
                <h2 class="hide">Wayland Baptist University Athletics</h2>

                <div class="nav-header">
                    <div class="nav-header__inner row">
                        <div class="nav-header__tagline">
                            <span class="official">Official Site of</span>
                            <span>Wayland Baptist Athletics</span>
                        </div>
                    </div>
                </div>
                <nav class="main-navigation" aria-labelledby="h2_nav">
                    <h2 class="hide" id="h2_nav">Main Navigation Menu</h2>
                    <div class="main-navigation__wrapper">
                        

<script>
    var obj = {"start":0,"count":10,"name":"main-nav","sport_id":null,"count_breakpoints":null,"css_class":"","pinned_id":"","extra":{"watch_badge":false},"context":null,"dummy":false,"type":"main-navigation","id":"b8242cab-593d-460a-a473-6d9e178d5a92","data":[{"id":11,"title":"Sports","rank":1,"url":"","open_in_new_window":false,"include_social_media":false,"include_schedule_roster_news":true,"include_stats":false,"include_tickets":false,"include_youtube":false,"class_name":null,"items":[{"id":477,"title":"Men's Sports","short_title":null,"rank":2,"column":1,"url":"","separator":true,"open_in_new_window":false,"sport_id_association":null,"sport":{"id":0,"title":null,"abbreviation":null,"shortname":null,"short_title":null,"global_sport_id":null,"non_sport":false,"show_at_vs":false,"global_sport_shortname":null,"gender":null,"youtube":null,"facebook":null,"twitter":null,"instagram":null,"pinterest":null,"tickets":null,"global_sport_name_slug":null,"url":null,"ranking":null,"game_synonym":null},"class_name":null,"social_media_links":null,"schedule_roster_news_links":null,"items":[],"stats":null,"tickets":null,"youtube":null},{"id":360,"title":"Baseball","short_title":null,"rank":7,"column":1,"url":"/index.aspx?path=baseball","separator":false,"open_in_new_window":false,"sport_id_association":1,"sport":{"id":1,"title":"Baseball","abbreviation":"BB","shortname":"baseball","short_title":"BSBL","global_sport_id":null,"non_sport":false,"show_at_vs":false,"global_sport_shortname":"baseball","gender":null,"youtube":null,"facebook":null,"twitter":null,"instagram":null,"pinterest":null,"tickets":null,"global_sport_name_slug":null,"url":null,"ranking":null,"game_synonym":null},"class_name":null,"social_media_links":null,"schedule_roster_news_links":[{"id":0,"title":"Schedule","short_title":null,"rank":0,"column":0,"url":"/schedule.aspx?path=baseball","separator":false,"open_in_new_window":false,"sport_id_association":null,"sport":null,"class_name":"schedule","social_media_links":null,"schedule_roster_news_links":null,"items":null,"stats":null,"tickets":null,"youtube":null},{"id":0,"title":"Roster","short_title":null,"rank":0,"column":0,"url":"/roster.aspx?path=baseball","separator":false,"open_in_new_window":false,"sport_id_association":null,"sport":null,"class_name":"roster","social_media_links":null,"schedule_roster_news_links":null,"items":null,"stats":null,"tickets":null,"youtube":null},{"id":0,"title":"News","short_title":null,"rank":0,"column":0,"url":"/archives.aspx?path=baseball","separator":false,"open_in_new_window":false,"sport_id_association":null,"sport":null,"class_name":"news","social_media_links":null,"schedule_roster_news_links":null,"items":null,"stats":null,"tickets":null,"youtube":null}],"items":[],"stats":null,"tickets":null,"youtube":null},{"id":361,"title":"Basketball","short_title":null,"rank":9,"column":1,"url":"/index.aspx?path=mbball","separator":false,"open_in_new_window":false,"sport_id_association":3,"sport":{"id":3,"title":"Men's Basketball","abbreviation":"MBSKT","shortname":"mbball","short_title":"MBSKT","global_sport_id":null,"non_sport":false,"show_at_vs":false,"global_sport_shortname":"mbball","gender":null,"youtube":null,"facebook":null,"twitter":null,"instagram":null,"pinterest":null,"tickets":null,"global_sport_name_slug":null,"url":null,"ranking":null,"game_synonym":null},"class_name":null,"social_media_links":null,"schedule_roster_news_links":[{"id":0,"title":"Schedule","short_title":null,"rank":0,"column":0,"url":"/schedule.aspx?path=mbball","separator":false,"open_in_new_window":false,"sport_id_association":null,"sport":null,"class_name":"schedule","social_media_links":null,"schedule_roster_news_links":null,"items":null,"stats":null,"tickets":null,"youtube":null},{"id":0,"title":"Roster","short_title":null,"rank":0,"column":0,"url":"/roster.aspx?path=mbball","separator":false,"open_in_new_window":false,"sport_id_association":null,"sport":null,"class_name":"roster","social_media_links":null,"schedule_roster_news_links":null,"items":null,"stats":null,"tickets":null,"youtube":null},{"id":0,"title":"News","short_title":null,"rank":0,"column":0,"url":"/archives.aspx?path=mbball","separator":false,"open_in_new_window":false,"sport_id_association":null,"sport":null,"class_name":"news","social_media_links":null,"schedule_roster_news_links":null,"items":null,"stats":null,"tickets":null,"youtube":null}],"items":[],"stats":null,"tickets":null,"youtube":null},{"id":363,"title":"Cross Country","short_title":null,"rank":16,"column":1,"url":"/index.aspx?path=mcross","separator":false,"open_in_new_window":false,"sport_id_association":4,"sport":{"id":4,"title":"(RV) Men's Cross Country","abbreviation":"MXTRY","shortname":"mcross","short_title":"MXTRY","global_sport_id":null,"non_sport":false,"show_at_vs":false,"global_sport_shortname":"mcross","gender":null,"youtube":null,"facebook":null,"twitter":null,"instagram":null,"pinterest":null,"tickets":null,"global_sport_name_slug":null,"url":null,"ranking":null,"game_synonym":null},"class_name":null,"social_media_links":null,"schedule_roster_news_links":[{"id":0,"title":"Schedule","short_title":null,"rank":0,"column":0,"url":"/schedule.aspx?path=mcross","separator":false,"open_in_new_window":false,"sport_id_association":null,"sport":null,"class_name":"schedule","social_media_links":null,"schedule_roster_news_links":null,"items":null,"stats":null,"tickets":null,"youtube":null},{"id":0,"title":"Roster","short_title":null,"rank":0,"column":0,"url":"/roster.aspx?path=mcross","separator":false,"open_in_new_window":false,"sport_id_association":null,"sport":null,"class_name":"roster","social_media_links":null,"schedule_roster_news_links":null,"items":null,"stats":null,"tickets":null,"youtube":null},{"id":0,"title":"News","short_title":null,"rank":0,"column":0,"url":"/archives.aspx?path=mcross","separator":false,"open_in_new_window":false,"sport_id_association":null,"sport":null,"class_name":"news","social_media_links":null,"schedule_roster_news_links":null,"items":null,"stats":null,"tickets":null,"youtube":null}],"items":[],"stats":null,"tickets":null,"youtube":null},{"id":365,"title":"Football","short_title":null,"rank":17,"column":1,"url":"/index.aspx?path=football","separator":false,"open_in_new_window":false,"sport_id_association":2,"sport":{"id":2,"title":"Football","abbreviation":"FB","shortname":"football","short_title":"FTBL","global_sport_id":null,"non_sport":false,"show_at_vs":false,"global_sport_shortname":"football","gender":null,"youtube":null,"facebook":null,"twitter":null,"instagram":null,"pinterest":null,"tickets":null,"global_sport_name_slug":null,"url":null,"ranking":null,"game_synonym":null},"class_name":null,"social_media_links":null,"schedule_roster_news_links":[{"id":0,"title":"Schedule","short_title":null,"rank":0,"column":0,"url":"/schedule.aspx?path=football","separator":false,"open_in_new_window":false,"sport_id_association":null,"sport":null,"class_name":"schedule","social_media_links":null,"schedule_roster_news_links":null,"items":null,"stats":null,"tickets":null,"youtube":null},{"id":0,"title":"Roster","short_title":null,"rank":0,"column":0,"url":"/roster.aspx?path=football","separator":false,"open_in_new_window":false,"sport_id_association":null,"sport":null,"class_name":"roster","social_media_links":null,"schedule_roster_news_links":null,"items":null,"stats":null,"tickets":null,"youtube":null},{"id":0,"title":"News","short_title":null,"rank":0,"column":0,"url":"/archives.aspx?path=football","separator":false,"open_in_new_window":false,"sport_id_association":null,"sport":null,"class_name":"news","social_media_links":null,"schedule_roster_news_links":null,"items":null,"stats":null,"tickets":null,"youtube":null}],"items":[],"stats":null,"tickets":null,"youtube":null},{"id":366,"title":"Golf","short_title":null,"rank":19,"column":1,"url":"/index.aspx?path=mgolf","separator":false,"open_in_new_window":false,"sport_id_association":5,"sport":{"id":5,"title":"#9 Men's Golf","abbreviation":"MGOLF","shortname":"mgolf","short_title":"MGLF","global_sport_id":null,"non_sport":false,"show_at_vs":false,"global_sport_shortname":"mgolf","gender":null,"youtube":null,"facebook":null,"twitter":null,"instagram":null,"pinterest":null,"tickets":null,"global_sport_name_slug":null,"url":null,"ranking":null,"game_synonym":null},"class_name":null,"social_media_links":null,"schedule_roster_news_links":[{"id":0,"title":"Schedule","short_title":null,"rank":0,"column":0,"url":"/schedule.aspx?path=mgolf","separator":false,"open_in_new_window":false,"sport_id_association":null,"sport":null,"class_name":"schedule","social_media_links":null,"schedule_roster_news_links":null,"items":null,"stats":null,"tickets":null,"youtube":null},{"id":0,"title":"Roster","short_title":null,"rank":0,"column":0,"url":"/roster.aspx?path=mgolf","separator":false,"open_in_new_window":false,"sport_id_association":null,"sport":null,"class_name":"roster","social_media_links":null,"schedule_roster_news_links":null,"items":null,"stats":null,"tickets":null,"youtube":null},{"id":0,"title":"News","short_title":null,"rank":0,"column":0,"url":"/archives.aspx?path=mgolf","separator":false,"open_in_new_window":false,"sport_id_association":null,"sport":null,"class_name":"news","social_media_links":null,"schedule_roster_news_links":null,"items":null,"stats":null,"tickets":null,"youtube":null}],"items":[],"stats":null,"tickets":null,"youtube":null},{"id":367,"title":"Soccer","short_title":null,"rank":20,"column":1,"url":"/index.aspx?path=msoc","separator":false,"open_in_new_window":false,"sport_id_association":6,"sport":{"id":6,"title":"Men's Soccer","abbreviation":"MSOC","shortname":"msoc","short_title":"MSOC","global_sport_id":null,"non_sport":false,"show_at_vs":false,"global_sport_shortname":"msoc","gender":null,"youtube":null,"facebook":null,"twitter":null,"instagram":null,"pinterest":null,"tickets":null,"global_sport_name_slug":null,"url":null,"ranking":null,"game_synonym":null},"class_name":null,"social_media_links":null,"schedule_roster_news_links":[{"id":0,"title":"Schedule","short_title":null,"rank":0,"column":0,"url":"/schedule.aspx?path=msoc","separator":false,"open_in_new_window":false,"sport_id_association":null,"sport":null,"class_name":"schedule","social_media_links":null,"schedule_roster_news_links":null,"items":null,"stats":null,"tickets":null,"youtube":null},{"id":0,"title":"Roster","short_title":null,"rank":0,"column":0,"url":"/roster.aspx?path=msoc","separator":false,"open_in_new_window":false,"sport_id_association":null,"sport":null,"class_name":"roster","social_media_links":null,"schedule_roster_news_links":null,"items":null,"stats":null,"tickets":null,"youtube":null},{"id":0,"title":"News","short_title":null,"rank":0,"column":0,"url":"/archives.aspx?path=msoc","separator":false,"open_in_new_window":false,"sport_id_association":null,"sport":null,"class_name":"news","social_media_links":null,"schedule_roster_news_links":null,"items":null,"stats":null,"tickets":null,"youtube":null}],"items":[],"stats":null,"tickets":null,"youtube":null},{"id":369,"title":"Track & Field","short_title":null,"rank":22,"column":1,"url":"/index.aspx?path=mtrack","separator":false,"open_in_new_window":false,"sport_id_association":7,"sport":{"id":7,"title":"Men's Track & Field","abbreviation":"MTRACK","shortname":"mtrack","short_title":"MT&F","global_sport_id":null,"non_sport":false,"show_at_vs":false,"global_sport_shortname":"mtrack","gender":null,"youtube":null,"facebook":null,"twitter":null,"instagram":null,"pinterest":null,"tickets":null,"global_sport_name_slug":null,"url":null,"ranking":null,"game_synonym":null},"class_name":null,"social_media_links":null,"schedule_roster_news_links":[{"id":0,"title":"Schedule","short_title":null,"rank":0,"column":0,"url":"/schedule.aspx?path=mtrack","separator":false,"open_in_new_window":false,"sport_id_association":null,"sport":null,"class_name":"schedule","social_media_links":null,"schedule_roster_news_links":null,"items":null,"stats":null,"tickets":null,"youtube":null},{"id":0,"title":"Roster","short_title":null,"rank":0,"column":0,"url":"/roster.aspx?path=mtrack","separator":false,"open_in_new_window":false,"sport_id_association":null,"sport":null,"class_name":"roster","social_media_links":null,"schedule_roster_news_links":null,"items":null,"stats":null,"tickets":null,"youtube":null},{"id":0,"title":"News","short_title":null,"rank":0,"column":0,"url":"/archives.aspx?path=mtrack","separator":false,"open_in_new_window":false,"sport_id_association":null,"sport":null,"class_name":"news","social_media_links":null,"schedule_roster_news_links":null,"items":null,"stats":null,"tickets":null,"youtube":null}],"items":[],"stats":null,"tickets":null,"youtube":null},{"id":370,"title":"Wrestling","short_title":null,"rank":23,"column":1,"url":"/index.aspx?path=wrestling","separator":false,"open_in_new_window":false,"sport_id_association":16,"sport":{"id":16,"title":"(RV) Men's Wrestling","abbreviation":"MWREST","shortname":"wrestling","short_title":"MWREST","global_sport_id":null,"non_sport":false,"show_at_vs":false,"global_sport_shortname":"wrestling","gender":null,"youtube":null,"facebook":null,"twitter":null,"instagram":null,"pinterest":null,"tickets":null,"global_sport_name_slug":null,"url":null,"ranking":null,"game_synonym":null},"class_name":null,"social_media_links":null,"schedule_roster_news_links":[{"id":0,"title":"Schedule","short_title":null,"rank":0,"column":0,"url":"/schedule.aspx?path=wrestling","separator":false,"open_in_new_window":false,"sport_id_association":null,"sport":null,"class_name":"schedule","social_media_links":null,"schedule_roster_news_links":null,"items":null,"stats":null,"tickets":null,"youtube":null},{"id":0,"title":"Roster","short_title":null,"rank":0,"column":0,"url":"/roster.aspx?path=wrestling","separator":false,"open_in_new_window":false,"sport_id_association":null,"sport":null,"class_name":"roster","social_media_links":null,"schedule_roster_news_links":null,"items":null,"stats":null,"tickets":null,"youtube":null},{"id":0,"title":"News","short_title":null,"rank":0,"column":0,"url":"/archives.aspx?path=wrestling","separator":false,"open_in_new_window":false,"sport_id_association":null,"sport":null,"class_name":"news","social_media_links":null,"schedule_roster_news_links":null,"items":null,"stats":null,"tickets":null,"youtube":null}],"items":[],"stats":null,"tickets":null,"youtube":null},{"id":476,"title":"Women's Sports","short_title":null,"rank":1,"column":2,"url":"","separator":true,"open_in_new_window":false,"sport_id_association":null,"sport":{"id":0,"title":null,"abbreviation":null,"shortname":null,"short_title":null,"global_sport_id":null,"non_sport":false,"show_at_vs":false,"global_sport_shortname":null,"gender":null,"youtube":null,"facebook":null,"twitter":null,"instagram":null,"pinterest":null,"tickets":null,"global_sport_name_slug":null,"url":null,"ranking":null,"game_synonym":null},"class_name":null,"social_media_links":null,"schedule_roster_news_links":null,"items":[],"stats":null,"tickets":null,"youtube":null},{"id":478,"title":"Basketball","short_title":null,"rank":3,"column":2,"url":"/index.aspx?path=wbball","separator":false,"open_in_new_window":false,"sport_id_association":9,"sport":{"id":9,"title":"#8 Women's Basketball","abbreviation":"WBSKT","shortname":"wbball","short_title":"WBSKT","global_sport_id":null,"non_sport":false,"show_at_vs":false,"global_sport_shortname":"wbball","gender":null,"youtube":null,"facebook":null,"twitter":null,"instagram":null,"pinterest":null,"tickets":null,"global_sport_name_slug":null,"url":null,"ranking":null,"game_synonym":null},"class_name":null,"social_media_links":null,"schedule_roster_news_links":[{"id":0,"title":"Schedule","short_title":null,"rank":0,"column":0,"url":"/schedule.aspx?path=wbball","separator":false,"open_in_new_window":false,"sport_id_association":null,"sport":null,"class_name":"schedule","social_media_links":null,"schedule_roster_news_links":null,"items":null,"stats":null,"tickets":null,"youtube":null},{"id":0,"title":"Roster","short_title":null,"rank":0,"column":0,"url":"/roster.aspx?path=wbball","separator":false,"open_in_new_window":false,"sport_id_association":null,"sport":null,"class_name":"roster","social_media_links":null,"schedule_roster_news_links":null,"items":null,"stats":null,"tickets":null,"youtube":null},{"id":0,"title":"News","short_title":null,"rank":0,"column":0,"url":"/archives.aspx?path=wbball","separator":false,"open_in_new_window":false,"sport_id_association":null,"sport":null,"class_name":"news","social_media_links":null,"schedule_roster_news_links":null,"items":null,"stats":null,"tickets":null,"youtube":null}],"items":[],"stats":null,"tickets":null,"youtube":null},{"id":479,"title":"Cross Country","short_title":null,"rank":6,"column":2,"url":"/index.aspx?path=wcross","separator":false,"open_in_new_window":false,"sport_id_association":10,"sport":{"id":10,"title":"Women's Cross Ctry.","abbreviation":"WXTRY","shortname":"wcross","short_title":"WXTRY","global_sport_id":null,"non_sport":false,"show_at_vs":false,"global_sport_shortname":"wcross","gender":null,"youtube":null,"facebook":null,"twitter":null,"instagram":null,"pinterest":null,"tickets":null,"global_sport_name_slug":null,"url":null,"ranking":null,"game_synonym":null},"class_name":null,"social_media_links":null,"schedule_roster_news_links":[{"id":0,"title":"Schedule","short_title":null,"rank":0,"column":0,"url":"/schedule.aspx?path=wcross","separator":false,"open_in_new_window":false,"sport_id_association":null,"sport":null,"class_name":"schedule","social_media_links":null,"schedule_roster_news_links":null,"items":null,"stats":null,"tickets":null,"youtube":null},{"id":0,"title":"Roster","short_title":null,"rank":0,"column":0,"url":"/roster.aspx?path=wcross","separator":false,"open_in_new_window":false,"sport_id_association":null,"sport":null,"class_name":"roster","social_media_links":null,"schedule_roster_news_links":null,"items":null,"stats":null,"tickets":null,"youtube":null},{"id":0,"title":"News","short_title":null,"rank":0,"column":0,"url":"/archives.aspx?path=wcross","separator":false,"open_in_new_window":false,"sport_id_association":null,"sport":null,"class_name":"news","social_media_links":null,"schedule_roster_news_links":null,"items":null,"stats":null,"tickets":null,"youtube":null}],"items":[],"stats":null,"tickets":null,"youtube":null},{"id":475,"title":"Golf","short_title":null,"rank":8,"column":2,"url":"/index.aspx?path=wgolf","separator":false,"open_in_new_window":false,"sport_id_association":11,"sport":{"id":11,"title":"Women's Golf","abbreviation":"WGOLF","shortname":"wgolf","short_title":"WGLF","global_sport_id":null,"non_sport":false,"show_at_vs":false,"global_sport_shortname":"wgolf","gender":null,"youtube":null,"facebook":null,"twitter":null,"instagram":null,"pinterest":null,"tickets":null,"global_sport_name_slug":null,"url":null,"ranking":null,"game_synonym":null},"class_name":null,"social_media_links":null,"schedule_roster_news_links":[{"id":0,"title":"Schedule","short_title":null,"rank":0,"column":0,"url":"/schedule.aspx?path=wgolf","separator":false,"open_in_new_window":false,"sport_id_association":null,"sport":null,"class_name":"schedule","social_media_links":null,"schedule_roster_news_links":null,"items":null,"stats":null,"tickets":null,"youtube":null},{"id":0,"title":"Roster","short_title":null,"rank":0,"column":0,"url":"/roster.aspx?path=wgolf","separator":false,"open_in_new_window":false,"sport_id_association":null,"sport":null,"class_name":"roster","social_media_links":null,"schedule_roster_news_links":null,"items":null,"stats":null,"tickets":null,"youtube":null},{"id":0,"title":"News","short_title":null,"rank":0,"column":0,"url":"/archives.aspx?path=wgolf","separator":false,"open_in_new_window":false,"sport_id_association":null,"sport":null,"class_name":"news","social_media_links":null,"schedule_roster_news_links":null,"items":null,"stats":null,"tickets":null,"youtube":null}],"items":[],"stats":null,"tickets":null,"youtube":null},{"id":480,"title":"Soccer","short_title":null,"rank":10,"column":2,"url":"/index.aspx?path=wsoc","separator":false,"open_in_new_window":false,"sport_id_association":12,"sport":{"id":12,"title":"Women's Soccer","abbreviation":"WSOC","shortname":"wsoc","short_title":"WSOC","global_sport_id":null,"non_sport":false,"show_at_vs":false,"global_sport_shortname":"wsoc","gender":null,"youtube":null,"facebook":null,"twitter":null,"instagram":null,"pinterest":null,"tickets":null,"global_sport_name_slug":null,"url":null,"ranking":null,"game_synonym":null},"class_name":null,"social_media_links":null,"schedule_roster_news_links":[{"id":0,"title":"Schedule","short_title":null,"rank":0,"column":0,"url":"/schedule.aspx?path=wsoc","separator":false,"open_in_new_window":false,"sport_id_association":null,"sport":null,"class_name":"schedule","social_media_links":null,"schedule_roster_news_links":null,"items":null,"stats":null,"tickets":null,"youtube":null},{"id":0,"title":"Roster","short_title":null,"rank":0,"column":0,"url":"/roster.aspx?path=wsoc","separator":false,"open_in_new_window":false,"sport_id_association":null,"sport":null,"class_name":"roster","social_media_links":null,"schedule_roster_news_links":null,"items":null,"stats":null,"tickets":null,"youtube":null},{"id":0,"title":"News","short_title":null,"rank":0,"column":0,"url":"/archives.aspx?path=wsoc","separator":false,"open_in_new_window":false,"sport_id_association":null,"sport":null,"class_name":"news","social_media_links":null,"schedule_roster_news_links":null,"items":null,"stats":null,"tickets":null,"youtube":null}],"items":[],"stats":null,"tickets":null,"youtube":null},{"id":481,"title":"Track & Field","short_title":null,"rank":11,"column":2,"url":"/index.aspx?path=wtrack","separator":false,"open_in_new_window":false,"sport_id_association":13,"sport":{"id":13,"title":"Women's Track & Field","abbreviation":"WT&F","shortname":"wtrack","short_title":"WT&F","global_sport_id":null,"non_sport":false,"show_at_vs":false,"global_sport_shortname":"wtrack","gender":null,"youtube":null,"facebook":null,"twitter":null,"instagram":null,"pinterest":null,"tickets":null,"global_sport_name_slug":null,"url":null,"ranking":null,"game_synonym":null},"class_name":null,"social_media_links":null,"schedule_roster_news_links":[{"id":0,"title":"Schedule","short_title":null,"rank":0,"column":0,"url":"/schedule.aspx?path=wtrack","separator":false,"open_in_new_window":false,"sport_id_association":null,"sport":null,"class_name":"schedule","social_media_links":null,"schedule_roster_news_links":null,"items":null,"stats":null,"tickets":null,"youtube":null},{"id":0,"title":"Roster","short_title":null,"rank":0,"column":0,"url":"/roster.aspx?path=wtrack","separator":false,"open_in_new_window":false,"sport_id_association":null,"sport":null,"class_name":"roster","social_media_links":null,"schedule_roster_news_links":null,"items":null,"stats":null,"tickets":null,"youtube":null},{"id":0,"title":"News","short_title":null,"rank":0,"column":0,"url":"/archives.aspx?path=wtrack","separator":false,"open_in_new_window":false,"sport_id_association":null,"sport":null,"class_name":"news","social_media_links":null,"schedule_roster_news_links":null,"items":null,"stats":null,"tickets":null,"youtube":null}],"items":[],"stats":null,"tickets":null,"youtube":null},{"id":482,"title":"Volleyball","short_title":null,"rank":13,"column":2,"url":"/index.aspx?path=wvball","separator":false,"open_in_new_window":false,"sport_id_association":14,"sport":{"id":14,"title":"(RV) Volleyball","abbreviation":"VLBL","shortname":"wvball","short_title":"VLBL","global_sport_id":null,"non_sport":false,"show_at_vs":false,"global_sport_shortname":"wvball","gender":null,"youtube":null,"facebook":null,"twitter":null,"instagram":null,"pinterest":null,"tickets":null,"global_sport_name_slug":null,"url":null,"ranking":null,"game_synonym":null},"class_name":null,"social_media_links":null,"schedule_roster_news_links":[{"id":0,"title":"Schedule","short_title":null,"rank":0,"column":0,"url":"/schedule.aspx?path=wvball","separator":false,"open_in_new_window":false,"sport_id_association":null,"sport":null,"class_name":"schedule","social_media_links":null,"schedule_roster_news_links":null,"items":null,"stats":null,"tickets":null,"youtube":null},{"id":0,"title":"Roster","short_title":null,"rank":0,"column":0,"url":"/roster.aspx?path=wvball","separator":false,"open_in_new_window":false,"sport_id_association":null,"sport":null,"class_name":"roster","social_media_links":null,"schedule_roster_news_links":null,"items":null,"stats":null,"tickets":null,"youtube":null},{"id":0,"title":"News","short_title":null,"rank":0,"column":0,"url":"/archives.aspx?path=wvball","separator":false,"open_in_new_window":false,"sport_id_association":null,"sport":null,"class_name":"news","social_media_links":null,"schedule_roster_news_links":null,"items":null,"stats":null,"tickets":null,"youtube":null}],"items":[],"stats":null,"tickets":null,"youtube":null},{"id":483,"title":"Wrestling","short_title":null,"rank":14,"column":2,"url":"/index.aspx?path=wwrestling","separator":false,"open_in_new_window":false,"sport_id_association":15,"sport":{"id":15,"title":"#7 Women's Wrestling","abbreviation":"WMWREST","shortname":"wwrestling","short_title":"WMWREST","global_sport_id":null,"non_sport":false,"show_at_vs":false,"global_sport_shortname":"wwrestling","gender":null,"youtube":null,"facebook":null,"twitter":null,"instagram":null,"pinterest":null,"tickets":null,"global_sport_name_slug":null,"url":null,"ranking":null,"game_synonym":null},"class_name":null,"social_media_links":null,"schedule_roster_news_links":[{"id":0,"title":"Schedule","short_title":null,"rank":0,"column":0,"url":"/schedule.aspx?path=wwrestling","separator":false,"open_in_new_window":false,"sport_id_association":null,"sport":null,"class_name":"schedule","social_media_links":null,"schedule_roster_news_links":null,"items":null,"stats":null,"tickets":null,"youtube":null},{"id":0,"title":"Roster","short_title":null,"rank":0,"column":0,"url":"/roster.aspx?path=wwrestling","separator":false,"open_in_new_window":false,"sport_id_association":null,"sport":null,"class_name":"roster","social_media_links":null,"schedule_roster_news_links":null,"items":null,"stats":null,"tickets":null,"youtube":null},{"id":0,"title":"News","short_title":null,"rank":0,"column":0,"url":"/archives.aspx?path=wwrestling","separator":false,"open_in_new_window":false,"sport_id_association":null,"sport":null,"class_name":"news","social_media_links":null,"schedule_roster_news_links":null,"items":null,"stats":null,"tickets":null,"youtube":null}],"items":[],"stats":null,"tickets":null,"youtube":null},{"id":485,"title":"Coed Sports","short_title":null,"rank":4,"column":3,"url":"","separator":true,"open_in_new_window":false,"sport_id_association":null,"sport":{"id":0,"title":null,"abbreviation":null,"shortname":null,"short_title":null,"global_sport_id":null,"non_sport":false,"show_at_vs":false,"global_sport_shortname":null,"gender":null,"youtube":null,"facebook":null,"twitter":null,"instagram":null,"pinterest":null,"tickets":null,"global_sport_name_slug":null,"url":null,"ranking":null,"game_synonym":null},"class_name":null,"social_media_links":null,"schedule_roster_news_links":null,"items":[],"stats":null,"tickets":null,"youtube":null},{"id":484,"title":"ESports","short_title":null,"rank":5,"column":3,"url":"/index.aspx?path=e-sports","separator":false,"open_in_new_window":false,"sport_id_association":32,"sport":{"id":32,"title":"Esports","abbreviation":"ESPORTS","shortname":"e-sports","short_title":"ESPORTS","global_sport_id":null,"non_sport":false,"show_at_vs":false,"global_sport_shortname":"","gender":null,"youtube":null,"facebook":null,"twitter":null,"instagram":null,"pinterest":null,"tickets":null,"global_sport_name_slug":null,"url":null,"ranking":null,"game_synonym":null},"class_name":null,"social_media_links":null,"schedule_roster_news_links":[{"id":0,"title":"Schedule","short_title":null,"rank":0,"column":0,"url":"/schedule.aspx?path=e-sports","separator":false,"open_in_new_window":false,"sport_id_association":null,"sport":null,"class_name":"schedule","social_media_links":null,"schedule_roster_news_links":null,"items":null,"stats":null,"tickets":null,"youtube":null},{"id":0,"title":"Roster","short_title":null,"rank":0,"column":0,"url":"/roster.aspx?path=e-sports","separator":false,"open_in_new_window":false,"sport_id_association":null,"sport":null,"class_name":"roster","social_media_links":null,"schedule_roster_news_links":null,"items":null,"stats":null,"tickets":null,"youtube":null},{"id":0,"title":"News","short_title":null,"rank":0,"column":0,"url":"/archives.aspx?path=e-sports","separator":false,"open_in_new_window":false,"sport_id_association":null,"sport":null,"class_name":"news","social_media_links":null,"schedule_roster_news_links":null,"items":null,"stats":null,"tickets":null,"youtube":null}],"items":[],"stats":null,"tickets":null,"youtube":null}],"columns":[{"column":1,"items":[{"id":477,"title":"Men's Sports","short_title":null,"rank":2,"column":1,"url":"","separator":true,"open_in_new_window":false,"sport_id_association":null,"sport":{"id":0,"title":null,"abbreviation":null,"shortname":null,"short_title":null,"global_sport_id":null,"non_sport":false,"show_at_vs":false,"global_sport_shortname":null,"gender":null,"youtube":null,"facebook":null,"twitter":null,"instagram":null,"pinterest":null,"tickets":null,"global_sport_name_slug":null,"url":null,"ranking":null,"game_synonym":null},"class_name":null,"social_media_links":null,"schedule_roster_news_links":null,"items":[],"stats":null,"tickets":null,"youtube":null},{"id":360,"title":"Baseball","short_title":null,"rank":7,"column":1,"url":"/index.aspx?path=baseball","separator":false,"open_in_new_window":false,"sport_id_association":1,"sport":{"id":1,"title":"Baseball","abbreviation":"BB","shortname":"baseball","short_title":"BSBL","global_sport_id":null,"non_sport":false,"show_at_vs":false,"global_sport_shortname":"baseball","gender":null,"youtube":null,"facebook":null,"twitter":null,"instagram":null,"pinterest":null,"tickets":null,"global_sport_name_slug":null,"url":null,"ranking":null,"game_synonym":null},"class_name":null,"social_media_links":null,"schedule_roster_news_links":[{"id":0,"title":"Schedule","short_title":null,"rank":0,"column":0,"url":"/schedule.aspx?path=baseball","separator":false,"open_in_new_window":false,"sport_id_association":null,"sport":null,"class_name":"schedule","social_media_links":null,"schedule_roster_news_links":null,"items":null,"stats":null,"tickets":null,"youtube":null},{"id":0,"title":"Roster","short_title":null,"rank":0,"column":0,"url":"/roster.aspx?path=baseball","separator":false,"open_in_new_window":false,"sport_id_association":null,"sport":null,"class_name":"roster","social_media_links":null,"schedule_roster_news_links":null,"items":null,"stats":null,"tickets":null,"youtube":null},{"id":0,"title":"News","short_title":null,"rank":0,"column":0,"url":"/archives.aspx?path=baseball","separator":false,"open_in_new_window":false,"sport_id_association":null,"sport":null,"class_name":"news","social_media_links":null,"schedule_roster_news_links":null,"items":null,"stats":null,"tickets":null,"youtube":null}],"items":[],"stats":null,"tickets":null,"youtube":null},{"id":361,"title":"Basketball","short_title":null,"rank":9,"column":1,"url":"/index.aspx?path=mbball","separator":false,"open_in_new_window":false,"sport_id_association":3,"sport":{"id":3,"title":"Men's Basketball","abbreviation":"MBSKT","shortname":"mbball","short_title":"MBSKT","global_sport_id":null,"non_sport":false,"show_at_vs":false,"global_sport_shortname":"mbball","gender":null,"youtube":null,"facebook":null,"twitter":null,"instagram":null,"pinterest":null,"tickets":null,"global_sport_name_slug":null,"url":null,"ranking":null,"game_synonym":null},"class_name":null,"social_media_links":null,"schedule_roster_news_links":[{"id":0,"title":"Schedule","short_title":null,"rank":0,"column":0,"url":"/schedule.aspx?path=mbball","separator":false,"open_in_new_window":false,"sport_id_association":null,"sport":null,"class_name":"schedule","social_media_links":null,"schedule_roster_news_links":null,"items":null,"stats":null,"tickets":null,"youtube":null},{"id":0,"title":"Roster","short_title":null,"rank":0,"column":0,"url":"/roster.aspx?path=mbball","separator":false,"open_in_new_window":false,"sport_id_association":null,"sport":null,"class_name":"roster","social_media_links":null,"schedule_roster_news_links":null,"items":null,"stats":null,"tickets":null,"youtube":null},{"id":0,"title":"News","short_title":null,"rank":0,"column":0,"url":"/archives.aspx?path=mbball","separator":false,"open_in_new_window":false,"sport_id_association":null,"sport":null,"class_name":"news","social_media_links":null,"schedule_roster_news_links":null,"items":null,"stats":null,"tickets":null,"youtube":null}],"items":[],"stats":null,"tickets":null,"youtube":null},{"id":363,"title":"Cross Country","short_title":null,"rank":16,"column":1,"url":"/index.aspx?path=mcross","separator":false,"open_in_new_window":false,"sport_id_association":4,"sport":{"id":4,"title":"(RV) Men's Cross Country","abbreviation":"MXTRY","shortname":"mcross","short_title":"MXTRY","global_sport_id":null,"non_sport":false,"show_at_vs":false,"global_sport_shortname":"mcross","gender":null,"youtube":null,"facebook":null,"twitter":null,"instagram":null,"pinterest":null,"tickets":null,"global_sport_name_slug":null,"url":null,"ranking":null,"game_synonym":null},"class_name":null,"social_media_links":null,"schedule_roster_news_links":[{"id":0,"title":"Schedule","short_title":null,"rank":0,"column":0,"url":"/schedule.aspx?path=mcross","separator":false,"open_in_new_window":false,"sport_id_association":null,"sport":null,"class_name":"schedule","social_media_links":null,"schedule_roster_news_links":null,"items":null,"stats":null,"tickets":null,"youtube":null},{"id":0,"title":"Roster","short_title":null,"rank":0,"column":0,"url":"/roster.aspx?path=mcross","separator":false,"open_in_new_window":false,"sport_id_association":null,"sport":null,"class_name":"roster","social_media_links":null,"schedule_roster_news_links":null,"items":null,"stats":null,"tickets":null,"youtube":null},{"id":0,"title":"News","short_title":null,"rank":0,"column":0,"url":"/archives.aspx?path=mcross","separator":false,"open_in_new_window":false,"sport_id_association":null,"sport":null,"class_name":"news","social_media_links":null,"schedule_roster_news_links":null,"items":null,"stats":null,"tickets":null,"youtube":null}],"items":[],"stats":null,"tickets":null,"youtube":null},{"id":365,"title":"Football","short_title":null,"rank":17,"column":1,"url":"/index.aspx?path=football","separator":false,"open_in_new_window":false,"sport_id_association":2,"sport":{"id":2,"title":"Football","abbreviation":"FB","shortname":"football","short_title":"FTBL","global_sport_id":null,"non_sport":false,"show_at_vs":false,"global_sport_shortname":"football","gender":null,"youtube":null,"facebook":null,"twitter":null,"instagram":null,"pinterest":null,"tickets":null,"global_sport_name_slug":null,"url":null,"ranking":null,"game_synonym":null},"class_name":null,"social_media_links":null,"schedule_roster_news_links":[{"id":0,"title":"Schedule","short_title":null,"rank":0,"column":0,"url":"/schedule.aspx?path=football","separator":false,"open_in_new_window":false,"sport_id_association":null,"sport":null,"class_name":"schedule","social_media_links":null,"schedule_roster_news_links":null,"items":null,"stats":null,"tickets":null,"youtube":null},{"id":0,"title":"Roster","short_title":null,"rank":0,"column":0,"url":"/roster.aspx?path=football","separator":false,"open_in_new_window":false,"sport_id_association":null,"sport":null,"class_name":"roster","social_media_links":null,"schedule_roster_news_links":null,"items":null,"stats":null,"tickets":null,"youtube":null},{"id":0,"title":"News","short_title":null,"rank":0,"column":0,"url":"/archives.aspx?path=football","separator":false,"open_in_new_window":false,"sport_id_association":null,"sport":null,"class_name":"news","social_media_links":null,"schedule_roster_news_links":null,"items":null,"stats":null,"tickets":null,"youtube":null}],"items":[],"stats":null,"tickets":null,"youtube":null},{"id":366,"title":"Golf","short_title":null,"rank":19,"column":1,"url":"/index.aspx?path=mgolf","separator":false,"open_in_new_window":false,"sport_id_association":5,"sport":{"id":5,"title":"#9 Men's Golf","abbreviation":"MGOLF","shortname":"mgolf","short_title":"MGLF","global_sport_id":null,"non_sport":false,"show_at_vs":false,"global_sport_shortname":"mgolf","gender":null,"youtube":null,"facebook":null,"twitter":null,"instagram":null,"pinterest":null,"tickets":null,"global_sport_name_slug":null,"url":null,"ranking":null,"game_synonym":null},"class_name":null,"social_media_links":null,"schedule_roster_news_links":[{"id":0,"title":"Schedule","short_title":null,"rank":0,"column":0,"url":"/schedule.aspx?path=mgolf","separator":false,"open_in_new_window":false,"sport_id_association":null,"sport":null,"class_name":"schedule","social_media_links":null,"schedule_roster_news_links":null,"items":null,"stats":null,"tickets":null,"youtube":null},{"id":0,"title":"Roster","short_title":null,"rank":0,"column":0,"url":"/roster.aspx?path=mgolf","separator":false,"open_in_new_window":false,"sport_id_association":null,"sport":null,"class_name":"roster","social_media_links":null,"schedule_roster_news_links":null,"items":null,"stats":null,"tickets":null,"youtube":null},{"id":0,"title":"News","short_title":null,"rank":0,"column":0,"url":"/archives.aspx?path=mgolf","separator":false,"open_in_new_window":false,"sport_id_association":null,"sport":null,"class_name":"news","social_media_links":null,"schedule_roster_news_links":null,"items":null,"stats":null,"tickets":null,"youtube":null}],"items":[],"stats":null,"tickets":null,"youtube":null},{"id":367,"title":"Soccer","short_title":null,"rank":20,"column":1,"url":"/index.aspx?path=msoc","separator":false,"open_in_new_window":false,"sport_id_association":6,"sport":{"id":6,"title":"Men's Soccer","abbreviation":"MSOC","shortname":"msoc","short_title":"MSOC","global_sport_id":null,"non_sport":false,"show_at_vs":false,"global_sport_shortname":"msoc","gender":null,"youtube":null,"facebook":null,"twitter":null,"instagram":null,"pinterest":null,"tickets":null,"global_sport_name_slug":null,"url":null,"ranking":null,"game_synonym":null},"class_name":null,"social_media_links":null,"schedule_roster_news_links":[{"id":0,"title":"Schedule","short_title":null,"rank":0,"column":0,"url":"/schedule.aspx?path=msoc","separator":false,"open_in_new_window":false,"sport_id_association":null,"sport":null,"class_name":"schedule","social_media_links":null,"schedule_roster_news_links":null,"items":null,"stats":null,"tickets":null,"youtube":null},{"id":0,"title":"Roster","short_title":null,"rank":0,"column":0,"url":"/roster.aspx?path=msoc","separator":false,"open_in_new_window":false,"sport_id_association":null,"sport":null,"class_name":"roster","social_media_links":null,"schedule_roster_news_links":null,"items":null,"stats":null,"tickets":null,"youtube":null},{"id":0,"title":"News","short_title":null,"rank":0,"column":0,"url":"/archives.aspx?path=msoc","separator":false,"open_in_new_window":false,"sport_id_association":null,"sport":null,"class_name":"news","social_media_links":null,"schedule_roster_news_links":null,"items":null,"stats":null,"tickets":null,"youtube":null}],"items":[],"stats":null,"tickets":null,"youtube":null},{"id":369,"title":"Track & Field","short_title":null,"rank":22,"column":1,"url":"/index.aspx?path=mtrack","separator":false,"open_in_new_window":false,"sport_id_association":7,"sport":{"id":7,"title":"Men's Track & Field","abbreviation":"MTRACK","shortname":"mtrack","short_title":"MT&F","global_sport_id":null,"non_sport":false,"show_at_vs":false,"global_sport_shortname":"mtrack","gender":null,"youtube":null,"facebook":null,"twitter":null,"instagram":null,"pinterest":null,"tickets":null,"global_sport_name_slug":null,"url":null,"ranking":null,"game_synonym":null},"class_name":null,"social_media_links":null,"schedule_roster_news_links":[{"id":0,"title":"Schedule","short_title":null,"rank":0,"column":0,"url":"/schedule.aspx?path=mtrack","separator":false,"open_in_new_window":false,"sport_id_association":null,"sport":null,"class_name":"schedule","social_media_links":null,"schedule_roster_news_links":null,"items":null,"stats":null,"tickets":null,"youtube":null},{"id":0,"title":"Roster","short_title":null,"rank":0,"column":0,"url":"/roster.aspx?path=mtrack","separator":false,"open_in_new_window":false,"sport_id_association":null,"sport":null,"class_name":"roster","social_media_links":null,"schedule_roster_news_links":null,"items":null,"stats":null,"tickets":null,"youtube":null},{"id":0,"title":"News","short_title":null,"rank":0,"column":0,"url":"/archives.aspx?path=mtrack","separator":false,"open_in_new_window":false,"sport_id_association":null,"sport":null,"class_name":"news","social_media_links":null,"schedule_roster_news_links":null,"items":null,"stats":null,"tickets":null,"youtube":null}],"items":[],"stats":null,"tickets":null,"youtube":null},{"id":370,"title":"Wrestling","short_title":null,"rank":23,"column":1,"url":"/index.aspx?path=wrestling","separator":false,"open_in_new_window":false,"sport_id_association":16,"sport":{"id":16,"title":"(RV) Men's Wrestling","abbreviation":"MWREST","shortname":"wrestling","short_title":"MWREST","global_sport_id":null,"non_sport":false,"show_at_vs":false,"global_sport_shortname":"wrestling","gender":null,"youtube":null,"facebook":null,"twitter":null,"instagram":null,"pinterest":null,"tickets":null,"global_sport_name_slug":null,"url":null,"ranking":null,"game_synonym":null},"class_name":null,"social_media_links":null,"schedule_roster_news_links":[{"id":0,"title":"Schedule","short_title":null,"rank":0,"column":0,"url":"/schedule.aspx?path=wrestling","separator":false,"open_in_new_window":false,"sport_id_association":null,"sport":null,"class_name":"schedule","social_media_links":null,"schedule_roster_news_links":null,"items":null,"stats":null,"tickets":null,"youtube":null},{"id":0,"title":"Roster","short_title":null,"rank":0,"column":0,"url":"/roster.aspx?path=wrestling","separator":false,"open_in_new_window":false,"sport_id_association":null,"sport":null,"class_name":"roster","social_media_links":null,"schedule_roster_news_links":null,"items":null,"stats":null,"tickets":null,"youtube":null},{"id":0,"title":"News","short_title":null,"rank":0,"column":0,"url":"/archives.aspx?path=wrestling","separator":false,"open_in_new_window":false,"sport_id_association":null,"sport":null,"class_name":"news","social_media_links":null,"schedule_roster_news_links":null,"items":null,"stats":null,"tickets":null,"youtube":null}],"items":[],"stats":null,"tickets":null,"youtube":null}]},{"column":2,"items":[{"id":476,"title":"Women's Sports","short_title":null,"rank":1,"column":2,"url":"","separator":true,"open_in_new_window":false,"sport_id_association":null,"sport":{"id":0,"title":null,"abbreviation":null,"shortname":null,"short_title":null,"global_sport_id":null,"non_sport":false,"show_at_vs":false,"global_sport_shortname":null,"gender":null,"youtube":null,"facebook":null,"twitter":null,"instagram":null,"pinterest":null,"tickets":null,"global_sport_name_slug":null,"url":null,"ranking":null,"game_synonym":null},"class_name":null,"social_media_links":null,"schedule_roster_news_links":null,"items":[],"stats":null,"tickets":null,"youtube":null},{"id":478,"title":"Basketball","short_title":null,"rank":3,"column":2,"url":"/index.aspx?path=wbball","separator":false,"open_in_new_window":false,"sport_id_association":9,"sport":{"id":9,"title":"#8 Women's Basketball","abbreviation":"WBSKT","shortname":"wbball","short_title":"WBSKT","global_sport_id":null,"non_sport":false,"show_at_vs":false,"global_sport_shortname":"wbball","gender":null,"youtube":null,"facebook":null,"twitter":null,"instagram":null,"pinterest":null,"tickets":null,"global_sport_name_slug":null,"url":null,"ranking":null,"game_synonym":null},"class_name":null,"social_media_links":null,"schedule_roster_news_links":[{"id":0,"title":"Schedule","short_title":null,"rank":0,"column":0,"url":"/schedule.aspx?path=wbball","separator":false,"open_in_new_window":false,"sport_id_association":null,"sport":null,"class_name":"schedule","social_media_links":null,"schedule_roster_news_links":null,"items":null,"stats":null,"tickets":null,"youtube":null},{"id":0,"title":"Roster","short_title":null,"rank":0,"column":0,"url":"/roster.aspx?path=wbball","separator":false,"open_in_new_window":false,"sport_id_association":null,"sport":null,"class_name":"roster","social_media_links":null,"schedule_roster_news_links":null,"items":null,"stats":null,"tickets":null,"youtube":null},{"id":0,"title":"News","short_title":null,"rank":0,"column":0,"url":"/archives.aspx?path=wbball","separator":false,"open_in_new_window":false,"sport_id_association":null,"sport":null,"class_name":"news","social_media_links":null,"schedule_roster_news_links":null,"items":null,"stats":null,"tickets":null,"youtube":null}],"items":[],"stats":null,"tickets":null,"youtube":null},{"id":479,"title":"Cross Country","short_title":null,"rank":6,"column":2,"url":"/index.aspx?path=wcross","separator":false,"open_in_new_window":false,"sport_id_association":10,"sport":{"id":10,"title":"Women's Cross Ctry.","abbreviation":"WXTRY","shortname":"wcross","short_title":"WXTRY","global_sport_id":null,"non_sport":false,"show_at_vs":false,"global_sport_shortname":"wcross","gender":null,"youtube":null,"facebook":null,"twitter":null,"instagram":null,"pinterest":null,"tickets":null,"global_sport_name_slug":null,"url":null,"ranking":null,"game_synonym":null},"class_name":null,"social_media_links":null,"schedule_roster_news_links":[{"id":0,"title":"Schedule","short_title":null,"rank":0,"column":0,"url":"/schedule.aspx?path=wcross","separator":false,"open_in_new_window":false,"sport_id_association":null,"sport":null,"class_name":"schedule","social_media_links":null,"schedule_roster_news_links":null,"items":null,"stats":null,"tickets":null,"youtube":null},{"id":0,"title":"Roster","short_title":null,"rank":0,"column":0,"url":"/roster.aspx?path=wcross","separator":false,"open_in_new_window":false,"sport_id_association":null,"sport":null,"class_name":"roster","social_media_links":null,"schedule_roster_news_links":null,"items":null,"stats":null,"tickets":null,"youtube":null},{"id":0,"title":"News","short_title":null,"rank":0,"column":0,"url":"/archives.aspx?path=wcross","separator":false,"open_in_new_window":false,"sport_id_association":null,"sport":null,"class_name":"news","social_media_links":null,"schedule_roster_news_links":null,"items":null,"stats":null,"tickets":null,"youtube":null}],"items":[],"stats":null,"tickets":null,"youtube":null},{"id":475,"title":"Golf","short_title":null,"rank":8,"column":2,"url":"/index.aspx?path=wgolf","separator":false,"open_in_new_window":false,"sport_id_association":11,"sport":{"id":11,"title":"Women's Golf","abbreviation":"WGOLF","shortname":"wgolf","short_title":"WGLF","global_sport_id":null,"non_sport":false,"show_at_vs":false,"global_sport_shortname":"wgolf","gender":null,"youtube":null,"facebook":null,"twitter":null,"instagram":null,"pinterest":null,"tickets":null,"global_sport_name_slug":null,"url":null,"ranking":null,"game_synonym":null},"class_name":null,"social_media_links":null,"schedule_roster_news_links":[{"id":0,"title":"Schedule","short_title":null,"rank":0,"column":0,"url":"/schedule.aspx?path=wgolf","separator":false,"open_in_new_window":false,"sport_id_association":null,"sport":null,"class_name":"schedule","social_media_links":null,"schedule_roster_news_links":null,"items":null,"stats":null,"tickets":null,"youtube":null},{"id":0,"title":"Roster","short_title":null,"rank":0,"column":0,"url":"/roster.aspx?path=wgolf","separator":false,"open_in_new_window":false,"sport_id_association":null,"sport":null,"class_name":"roster","social_media_links":null,"schedule_roster_news_links":null,"items":null,"stats":null,"tickets":null,"youtube":null},{"id":0,"title":"News","short_title":null,"rank":0,"column":0,"url":"/archives.aspx?path=wgolf","separator":false,"open_in_new_window":false,"sport_id_association":null,"sport":null,"class_name":"news","social_media_links":null,"schedule_roster_news_links":null,"items":null,"stats":null,"tickets":null,"youtube":null}],"items":[],"stats":null,"tickets":null,"youtube":null},{"id":480,"title":"Soccer","short_title":null,"rank":10,"column":2,"url":"/index.aspx?path=wsoc","separator":false,"open_in_new_window":false,"sport_id_association":12,"sport":{"id":12,"title":"Women's Soccer","abbreviation":"WSOC","shortname":"wsoc","short_title":"WSOC","global_sport_id":null,"non_sport":false,"show_at_vs":false,"global_sport_shortname":"wsoc","gender":null,"youtube":null,"facebook":null,"twitter":null,"instagram":null,"pinterest":null,"tickets":null,"global_sport_name_slug":null,"url":null,"ranking":null,"game_synonym":null},"class_name":null,"social_media_links":null,"schedule_roster_news_links":[{"id":0,"title":"Schedule","short_title":null,"rank":0,"column":0,"url":"/schedule.aspx?path=wsoc","separator":false,"open_in_new_window":false,"sport_id_association":null,"sport":null,"class_name":"schedule","social_media_links":null,"schedule_roster_news_links":null,"items":null,"stats":null,"tickets":null,"youtube":null},{"id":0,"title":"Roster","short_title":null,"rank":0,"column":0,"url":"/roster.aspx?path=wsoc","separator":false,"open_in_new_window":false,"sport_id_association":null,"sport":null,"class_name":"roster","social_media_links":null,"schedule_roster_news_links":null,"items":null,"stats":null,"tickets":null,"youtube":null},{"id":0,"title":"News","short_title":null,"rank":0,"column":0,"url":"/archives.aspx?path=wsoc","separator":false,"open_in_new_window":false,"sport_id_association":null,"sport":null,"class_name":"news","social_media_links":null,"schedule_roster_news_links":null,"items":null,"stats":null,"tickets":null,"youtube":null}],"items":[],"stats":null,"tickets":null,"youtube":null},{"id":481,"title":"Track & Field","short_title":null,"rank":11,"column":2,"url":"/index.aspx?path=wtrack","separator":false,"open_in_new_window":false,"sport_id_association":13,"sport":{"id":13,"title":"Women's Track & Field","abbreviation":"WT&F","shortname":"wtrack","short_title":"WT&F","global_sport_id":null,"non_sport":false,"show_at_vs":false,"global_sport_shortname":"wtrack","gender":null,"youtube":null,"facebook":null,"twitter":null,"instagram":null,"pinterest":null,"tickets":null,"global_sport_name_slug":null,"url":null,"ranking":null,"game_synonym":null},"class_name":null,"social_media_links":null,"schedule_roster_news_links":[{"id":0,"title":"Schedule","short_title":null,"rank":0,"column":0,"url":"/schedule.aspx?path=wtrack","separator":false,"open_in_new_window":false,"sport_id_association":null,"sport":null,"class_name":"schedule","social_media_links":null,"schedule_roster_news_links":null,"items":null,"stats":null,"tickets":null,"youtube":null},{"id":0,"title":"Roster","short_title":null,"rank":0,"column":0,"url":"/roster.aspx?path=wtrack","separator":false,"open_in_new_window":false,"sport_id_association":null,"sport":null,"class_name":"roster","social_media_links":null,"schedule_roster_news_links":null,"items":null,"stats":null,"tickets":null,"youtube":null},{"id":0,"title":"News","short_title":null,"rank":0,"column":0,"url":"/archives.aspx?path=wtrack","separator":false,"open_in_new_window":false,"sport_id_association":null,"sport":null,"class_name":"news","social_media_links":null,"schedule_roster_news_links":null,"items":null,"stats":null,"tickets":null,"youtube":null}],"items":[],"stats":null,"tickets":null,"youtube":null},{"id":482,"title":"Volleyball","short_title":null,"rank":13,"column":2,"url":"/index.aspx?path=wvball","separator":false,"open_in_new_window":false,"sport_id_association":14,"sport":{"id":14,"title":"(RV) Volleyball","abbreviation":"VLBL","shortname":"wvball","short_title":"VLBL","global_sport_id":null,"non_sport":false,"show_at_vs":false,"global_sport_shortname":"wvball","gender":null,"youtube":null,"facebook":null,"twitter":null,"instagram":null,"pinterest":null,"tickets":null,"global_sport_name_slug":null,"url":null,"ranking":null,"game_synonym":null},"class_name":null,"social_media_links":null,"schedule_roster_news_links":[{"id":0,"title":"Schedule","short_title":null,"rank":0,"column":0,"url":"/schedule.aspx?path=wvball","separator":false,"open_in_new_window":false,"sport_id_association":null,"sport":null,"class_name":"schedule","social_media_links":null,"schedule_roster_news_links":null,"items":null,"stats":null,"tickets":null,"youtube":null},{"id":0,"title":"Roster","short_title":null,"rank":0,"column":0,"url":"/roster.aspx?path=wvball","separator":false,"open_in_new_window":false,"sport_id_association":null,"sport":null,"class_name":"roster","social_media_links":null,"schedule_roster_news_links":null,"items":null,"stats":null,"tickets":null,"youtube":null},{"id":0,"title":"News","short_title":null,"rank":0,"column":0,"url":"/archives.aspx?path=wvball","separator":false,"open_in_new_window":false,"sport_id_association":null,"sport":null,"class_name":"news","social_media_links":null,"schedule_roster_news_links":null,"items":null,"stats":null,"tickets":null,"youtube":null}],"items":[],"stats":null,"tickets":null,"youtube":null},{"id":483,"title":"Wrestling","short_title":null,"rank":14,"column":2,"url":"/index.aspx?path=wwrestling","separator":false,"open_in_new_window":false,"sport_id_association":15,"sport":{"id":15,"title":"#7 Women's Wrestling","abbreviation":"WMWREST","shortname":"wwrestling","short_title":"WMWREST","global_sport_id":null,"non_sport":false,"show_at_vs":false,"global_sport_shortname":"wwrestling","gender":null,"youtube":null,"facebook":null,"twitter":null,"instagram":null,"pinterest":null,"tickets":null,"global_sport_name_slug":null,"url":null,"ranking":null,"game_synonym":null},"class_name":null,"social_media_links":null,"schedule_roster_news_links":[{"id":0,"title":"Schedule","short_title":null,"rank":0,"column":0,"url":"/schedule.aspx?path=wwrestling","separator":false,"open_in_new_window":false,"sport_id_association":null,"sport":null,"class_name":"schedule","social_media_links":null,"schedule_roster_news_links":null,"items":null,"stats":null,"tickets":null,"youtube":null},{"id":0,"title":"Roster","short_title":null,"rank":0,"column":0,"url":"/roster.aspx?path=wwrestling","separator":false,"open_in_new_window":false,"sport_id_association":null,"sport":null,"class_name":"roster","social_media_links":null,"schedule_roster_news_links":null,"items":null,"stats":null,"tickets":null,"youtube":null},{"id":0,"title":"News","short_title":null,"rank":0,"column":0,"url":"/archives.aspx?path=wwrestling","separator":false,"open_in_new_window":false,"sport_id_association":null,"sport":null,"class_name":"news","social_media_links":null,"schedule_roster_news_links":null,"items":null,"stats":null,"tickets":null,"youtube":null}],"items":[],"stats":null,"tickets":null,"youtube":null}]},{"column":3,"items":[{"id":485,"title":"Coed Sports","short_title":null,"rank":4,"column":3,"url":"","separator":true,"open_in_new_window":false,"sport_id_association":null,"sport":{"id":0,"title":null,"abbreviation":null,"shortname":null,"short_title":null,"global_sport_id":null,"non_sport":false,"show_at_vs":false,"global_sport_shortname":null,"gender":null,"youtube":null,"facebook":null,"twitter":null,"instagram":null,"pinterest":null,"tickets":null,"global_sport_name_slug":null,"url":null,"ranking":null,"game_synonym":null},"class_name":null,"social_media_links":null,"schedule_roster_news_links":null,"items":[],"stats":null,"tickets":null,"youtube":null},{"id":484,"title":"ESports","short_title":null,"rank":5,"column":3,"url":"/index.aspx?path=e-sports","separator":false,"open_in_new_window":false,"sport_id_association":32,"sport":{"id":32,"title":"Esports","abbreviation":"ESPORTS","shortname":"e-sports","short_title":"ESPORTS","global_sport_id":null,"non_sport":false,"show_at_vs":false,"global_sport_shortname":"","gender":null,"youtube":null,"facebook":null,"twitter":null,"instagram":null,"pinterest":null,"tickets":null,"global_sport_name_slug":null,"url":null,"ranking":null,"game_synonym":null},"class_name":null,"social_media_links":null,"schedule_roster_news_links":[{"id":0,"title":"Schedule","short_title":null,"rank":0,"column":0,"url":"/schedule.aspx?path=e-sports","separator":false,"open_in_new_window":false,"sport_id_association":null,"sport":null,"class_name":"schedule","social_media_links":null,"schedule_roster_news_links":null,"items":null,"stats":null,"tickets":null,"youtube":null},{"id":0,"title":"Roster","short_title":null,"rank":0,"column":0,"url":"/roster.aspx?path=e-sports","separator":false,"open_in_new_window":false,"sport_id_association":null,"sport":null,"class_name":"roster","social_media_links":null,"schedule_roster_news_links":null,"items":null,"stats":null,"tickets":null,"youtube":null},{"id":0,"title":"News","short_title":null,"rank":0,"column":0,"url":"/archives.aspx?path=e-sports","separator":false,"open_in_new_window":false,"sport_id_association":null,"sport":null,"class_name":"news","social_media_links":null,"schedule_roster_news_links":null,"items":null,"stats":null,"tickets":null,"youtube":null}],"items":[],"stats":null,"tickets":null,"youtube":null}]}],"ad":null},{"id":14,"title":"Calendar","rank":3,"url":"/calendar.aspx","open_in_new_window":false,"include_social_media":false,"include_schedule_roster_news":false,"include_stats":false,"include_tickets":false,"include_youtube":false,"class_name":null,"items":[],"columns":[],"ad":null},{"id":5,"title":"Fan Central","rank":4,"url":"","open_in_new_window":false,"include_social_media":false,"include_schedule_roster_news":false,"include_stats":false,"include_tickets":false,"include_youtube":false,"class_name":null,"items":[{"id":486,"title":"COVID-19 Restrictions","short_title":null,"rank":1,"column":1,"url":"https://wbuathletics.com/news/2021/10/8/general-2020-21-game-day-covid-19-protocol.aspx","separator":false,"open_in_new_window":false,"sport_id_association":null,"sport":{"id":0,"title":null,"abbreviation":null,"shortname":null,"short_title":null,"global_sport_id":null,"non_sport":false,"show_at_vs":false,"global_sport_shortname":null,"gender":null,"youtube":null,"facebook":null,"twitter":null,"instagram":null,"pinterest":null,"tickets":null,"global_sport_name_slug":null,"url":null,"ranking":null,"game_synonym":null},"class_name":null,"social_media_links":null,"schedule_roster_news_links":null,"items":[],"stats":null,"tickets":null,"youtube":null},{"id":404,"title":"Composite Schedule","short_title":null,"rank":2,"column":1,"url":"http://wbuathletics.com/calendar.aspx","separator":false,"open_in_new_window":false,"sport_id_association":null,"sport":{"id":0,"title":null,"abbreviation":null,"shortname":null,"short_title":null,"global_sport_id":null,"non_sport":false,"show_at_vs":false,"global_sport_shortname":null,"gender":null,"youtube":null,"facebook":null,"twitter":null,"instagram":null,"pinterest":null,"tickets":null,"global_sport_name_slug":null,"url":null,"ranking":null,"game_synonym":null},"class_name":null,"social_media_links":null,"schedule_roster_news_links":null,"items":[],"stats":null,"tickets":null,"youtube":null},{"id":123,"title":"Facilities","short_title":null,"rank":6,"column":1,"url":"/sports/2012/10/4/gen_1004124208.aspx","separator":false,"open_in_new_window":false,"sport_id_association":null,"sport":{"id":0,"title":null,"abbreviation":null,"shortname":null,"short_title":null,"global_sport_id":null,"non_sport":false,"show_at_vs":false,"global_sport_shortname":null,"gender":null,"youtube":null,"facebook":null,"twitter":null,"instagram":null,"pinterest":null,"tickets":null,"global_sport_name_slug":null,"url":null,"ranking":null,"game_synonym":null},"class_name":null,"social_media_links":null,"schedule_roster_news_links":null,"items":[],"stats":null,"tickets":null,"youtube":null},{"id":446,"title":"Donate","short_title":null,"rank":7,"column":1,"url":"https://give.wbu.edu/","separator":false,"open_in_new_window":false,"sport_id_association":null,"sport":{"id":0,"title":null,"abbreviation":null,"shortname":null,"short_title":null,"global_sport_id":null,"non_sport":false,"show_at_vs":false,"global_sport_shortname":null,"gender":null,"youtube":null,"facebook":null,"twitter":null,"instagram":null,"pinterest":null,"tickets":null,"global_sport_name_slug":null,"url":null,"ranking":null,"game_synonym":null},"class_name":null,"social_media_links":null,"schedule_roster_news_links":null,"items":[],"stats":null,"tickets":null,"youtube":null},{"id":262,"title":"Alma Mater/Fight Song","short_title":null,"rank":8,"column":1,"url":"/sports/2013/7/10/gen_0710131345.aspx","separator":false,"open_in_new_window":false,"sport_id_association":null,"sport":{"id":0,"title":null,"abbreviation":null,"shortname":null,"short_title":null,"global_sport_id":null,"non_sport":false,"show_at_vs":false,"global_sport_shortname":null,"gender":null,"youtube":null,"facebook":null,"twitter":null,"instagram":null,"pinterest":null,"tickets":null,"global_sport_name_slug":null,"url":null,"ranking":null,"game_synonym":null},"class_name":null,"social_media_links":null,"schedule_roster_news_links":null,"items":[],"stats":null,"tickets":null,"youtube":null},{"id":246,"title":"Merchandise","short_title":null,"rank":9,"column":1,"url":"http://bookstore.wbu.edu/","separator":false,"open_in_new_window":false,"sport_id_association":null,"sport":{"id":0,"title":null,"abbreviation":null,"shortname":null,"short_title":null,"global_sport_id":null,"non_sport":false,"show_at_vs":false,"global_sport_shortname":null,"gender":null,"youtube":null,"facebook":null,"twitter":null,"instagram":null,"pinterest":null,"tickets":null,"global_sport_name_slug":null,"url":null,"ranking":null,"game_synonym":null},"class_name":null,"social_media_links":null,"schedule_roster_news_links":null,"items":[],"stats":null,"tickets":null,"youtube":null},{"id":125,"title":"Tickets","short_title":null,"rank":10,"column":1,"url":"/sports/2012/9/28/Test.aspx","separator":false,"open_in_new_window":false,"sport_id_association":null,"sport":{"id":0,"title":null,"abbreviation":null,"shortname":null,"short_title":null,"global_sport_id":null,"non_sport":false,"show_at_vs":false,"global_sport_shortname":null,"gender":null,"youtube":null,"facebook":null,"twitter":null,"instagram":null,"pinterest":null,"tickets":null,"global_sport_name_slug":null,"url":null,"ranking":null,"game_synonym":null},"class_name":null,"social_media_links":null,"schedule_roster_news_links":null,"items":[],"stats":null,"tickets":null,"youtube":null},{"id":126,"title":"Hall of Honor","short_title":null,"rank":11,"column":1,"url":"/sports/2012/10/4/gen_1004125433.aspx","separator":false,"open_in_new_window":false,"sport_id_association":null,"sport":{"id":0,"title":null,"abbreviation":null,"shortname":null,"short_title":null,"global_sport_id":null,"non_sport":false,"show_at_vs":false,"global_sport_shortname":null,"gender":null,"youtube":null,"facebook":null,"twitter":null,"instagram":null,"pinterest":null,"tickets":null,"global_sport_name_slug":null,"url":null,"ranking":null,"game_synonym":null},"class_name":null,"social_media_links":null,"schedule_roster_news_links":null,"items":[],"stats":null,"tickets":null,"youtube":null},{"id":218,"title":"Harley Redin Award","short_title":null,"rank":12,"column":1,"url":"/sports/2012/11/15/gen_1115123601.aspx?path=gen","separator":false,"open_in_new_window":false,"sport_id_association":17,"sport":{"id":17,"title":"General","abbreviation":"gen","shortname":"gen","short_title":"GEN","global_sport_id":null,"non_sport":false,"show_at_vs":false,"global_sport_shortname":"general","gender":null,"youtube":null,"facebook":null,"twitter":null,"instagram":null,"pinterest":null,"tickets":null,"global_sport_name_slug":null,"url":null,"ranking":null,"game_synonym":null},"class_name":null,"social_media_links":null,"schedule_roster_news_links":null,"items":[],"stats":null,"tickets":null,"youtube":null},{"id":170,"title":"Photo Galleries","short_title":null,"rank":13,"column":1,"url":"/photo_gallery.aspx","separator":false,"open_in_new_window":true,"sport_id_association":null,"sport":{"id":0,"title":null,"abbreviation":null,"shortname":null,"short_title":null,"global_sport_id":null,"non_sport":false,"show_at_vs":false,"global_sport_shortname":null,"gender":null,"youtube":null,"facebook":null,"twitter":null,"instagram":null,"pinterest":null,"tickets":null,"global_sport_name_slug":null,"url":null,"ranking":null,"game_synonym":null},"class_name":null,"social_media_links":null,"schedule_roster_news_links":null,"items":[],"stats":null,"tickets":null,"youtube":null},{"id":309,"title":"Fan Guidelines","short_title":null,"rank":14,"column":1,"url":"/sports/2014/5/16/gen_0516145804.aspx?path=gen","separator":false,"open_in_new_window":false,"sport_id_association":17,"sport":{"id":17,"title":"General","abbreviation":"gen","shortname":"gen","short_title":"GEN","global_sport_id":null,"non_sport":false,"show_at_vs":false,"global_sport_shortname":"general","gender":null,"youtube":null,"facebook":null,"twitter":null,"instagram":null,"pinterest":null,"tickets":null,"global_sport_name_slug":null,"url":null,"ranking":null,"game_synonym":null},"class_name":null,"social_media_links":null,"schedule_roster_news_links":null,"items":[],"stats":null,"tickets":null,"youtube":null},{"id":173,"title":"Guns Up","short_title":null,"rank":15,"column":1,"url":"/sports/2012/10/18/gen_1018120727.aspx","separator":false,"open_in_new_window":false,"sport_id_association":null,"sport":{"id":0,"title":null,"abbreviation":null,"shortname":null,"short_title":null,"global_sport_id":null,"non_sport":false,"show_at_vs":false,"global_sport_shortname":null,"gender":null,"youtube":null,"facebook":null,"twitter":null,"instagram":null,"pinterest":null,"tickets":null,"global_sport_name_slug":null,"url":null,"ranking":null,"game_synonym":null},"class_name":null,"social_media_links":null,"schedule_roster_news_links":null,"items":[],"stats":null,"tickets":null,"youtube":null},{"id":184,"title":"Archived Stories","short_title":null,"rank":16,"column":1,"url":"/archives.aspx","separator":false,"open_in_new_window":false,"sport_id_association":null,"sport":{"id":0,"title":null,"abbreviation":null,"shortname":null,"short_title":null,"global_sport_id":null,"non_sport":false,"show_at_vs":false,"global_sport_shortname":null,"gender":null,"youtube":null,"facebook":null,"twitter":null,"instagram":null,"pinterest":null,"tickets":null,"global_sport_name_slug":null,"url":null,"ranking":null,"game_synonym":null},"class_name":null,"social_media_links":null,"schedule_roster_news_links":null,"items":[],"stats":null,"tickets":null,"youtube":null},{"id":407,"title":"Video Archives","short_title":null,"rank":17,"column":1,"url":"http://wbuathletics.com/watch/","separator":false,"open_in_new_window":false,"sport_id_association":null,"sport":{"id":0,"title":null,"abbreviation":null,"shortname":null,"short_title":null,"global_sport_id":null,"non_sport":false,"show_at_vs":false,"global_sport_shortname":null,"gender":null,"youtube":null,"facebook":null,"twitter":null,"instagram":null,"pinterest":null,"tickets":null,"global_sport_name_slug":null,"url":null,"ranking":null,"game_synonym":null},"class_name":null,"social_media_links":null,"schedule_roster_news_links":null,"items":[],"stats":null,"tickets":null,"youtube":null}],"columns":[{"column":1,"items":[{"id":486,"title":"COVID-19 Restrictions","short_title":null,"rank":1,"column":1,"url":"https://wbuathletics.com/news/2021/10/8/general-2020-21-game-day-covid-19-protocol.aspx","separator":false,"open_in_new_window":false,"sport_id_association":null,"sport":{"id":0,"title":null,"abbreviation":null,"shortname":null,"short_title":null,"global_sport_id":null,"non_sport":false,"show_at_vs":false,"global_sport_shortname":null,"gender":null,"youtube":null,"facebook":null,"twitter":null,"instagram":null,"pinterest":null,"tickets":null,"global_sport_name_slug":null,"url":null,"ranking":null,"game_synonym":null},"class_name":null,"social_media_links":null,"schedule_roster_news_links":null,"items":[],"stats":null,"tickets":null,"youtube":null},{"id":404,"title":"Composite Schedule","short_title":null,"rank":2,"column":1,"url":"http://wbuathletics.com/calendar.aspx","separator":false,"open_in_new_window":false,"sport_id_association":null,"sport":{"id":0,"title":null,"abbreviation":null,"shortname":null,"short_title":null,"global_sport_id":null,"non_sport":false,"show_at_vs":false,"global_sport_shortname":null,"gender":null,"youtube":null,"facebook":null,"twitter":null,"instagram":null,"pinterest":null,"tickets":null,"global_sport_name_slug":null,"url":null,"ranking":null,"game_synonym":null},"class_name":null,"social_media_links":null,"schedule_roster_news_links":null,"items":[],"stats":null,"tickets":null,"youtube":null},{"id":123,"title":"Facilities","short_title":null,"rank":6,"column":1,"url":"/sports/2012/10/4/gen_1004124208.aspx","separator":false,"open_in_new_window":false,"sport_id_association":null,"sport":{"id":0,"title":null,"abbreviation":null,"shortname":null,"short_title":null,"global_sport_id":null,"non_sport":false,"show_at_vs":false,"global_sport_shortname":null,"gender":null,"youtube":null,"facebook":null,"twitter":null,"instagram":null,"pinterest":null,"tickets":null,"global_sport_name_slug":null,"url":null,"ranking":null,"game_synonym":null},"class_name":null,"social_media_links":null,"schedule_roster_news_links":null,"items":[],"stats":null,"tickets":null,"youtube":null},{"id":446,"title":"Donate","short_title":null,"rank":7,"column":1,"url":"https://give.wbu.edu/","separator":false,"open_in_new_window":false,"sport_id_association":null,"sport":{"id":0,"title":null,"abbreviation":null,"shortname":null,"short_title":null,"global_sport_id":null,"non_sport":false,"show_at_vs":false,"global_sport_shortname":null,"gender":null,"youtube":null,"facebook":null,"twitter":null,"instagram":null,"pinterest":null,"tickets":null,"global_sport_name_slug":null,"url":null,"ranking":null,"game_synonym":null},"class_name":null,"social_media_links":null,"schedule_roster_news_links":null,"items":[],"stats":null,"tickets":null,"youtube":null},{"id":262,"title":"Alma Mater/Fight Song","short_title":null,"rank":8,"column":1,"url":"/sports/2013/7/10/gen_0710131345.aspx","separator":false,"open_in_new_window":false,"sport_id_association":null,"sport":{"id":0,"title":null,"abbreviation":null,"shortname":null,"short_title":null,"global_sport_id":null,"non_sport":false,"show_at_vs":false,"global_sport_shortname":null,"gender":null,"youtube":null,"facebook":null,"twitter":null,"instagram":null,"pinterest":null,"tickets":null,"global_sport_name_slug":null,"url":null,"ranking":null,"game_synonym":null},"class_name":null,"social_media_links":null,"schedule_roster_news_links":null,"items":[],"stats":null,"tickets":null,"youtube":null},{"id":246,"title":"Merchandise","short_title":null,"rank":9,"column":1,"url":"http://bookstore.wbu.edu/","separator":false,"open_in_new_window":false,"sport_id_association":null,"sport":{"id":0,"title":null,"abbreviation":null,"shortname":null,"short_title":null,"global_sport_id":null,"non_sport":false,"show_at_vs":false,"global_sport_shortname":null,"gender":null,"youtube":null,"facebook":null,"twitter":null,"instagram":null,"pinterest":null,"tickets":null,"global_sport_name_slug":null,"url":null,"ranking":null,"game_synonym":null},"class_name":null,"social_media_links":null,"schedule_roster_news_links":null,"items":[],"stats":null,"tickets":null,"youtube":null},{"id":125,"title":"Tickets","short_title":null,"rank":10,"column":1,"url":"/sports/2012/9/28/Test.aspx","separator":false,"open_in_new_window":false,"sport_id_association":null,"sport":{"id":0,"title":null,"abbreviation":null,"shortname":null,"short_title":null,"global_sport_id":null,"non_sport":false,"show_at_vs":false,"global_sport_shortname":null,"gender":null,"youtube":null,"facebook":null,"twitter":null,"instagram":null,"pinterest":null,"tickets":null,"global_sport_name_slug":null,"url":null,"ranking":null,"game_synonym":null},"class_name":null,"social_media_links":null,"schedule_roster_news_links":null,"items":[],"stats":null,"tickets":null,"youtube":null},{"id":126,"title":"Hall of Honor","short_title":null,"rank":11,"column":1,"url":"/sports/2012/10/4/gen_1004125433.aspx","separator":false,"open_in_new_window":false,"sport_id_association":null,"sport":{"id":0,"title":null,"abbreviation":null,"shortname":null,"short_title":null,"global_sport_id":null,"non_sport":false,"show_at_vs":false,"global_sport_shortname":null,"gender":null,"youtube":null,"facebook":null,"twitter":null,"instagram":null,"pinterest":null,"tickets":null,"global_sport_name_slug":null,"url":null,"ranking":null,"game_synonym":null},"class_name":null,"social_media_links":null,"schedule_roster_news_links":null,"items":[],"stats":null,"tickets":null,"youtube":null},{"id":218,"title":"Harley Redin Award","short_title":null,"rank":12,"column":1,"url":"/sports/2012/11/15/gen_1115123601.aspx?path=gen","separator":false,"open_in_new_window":false,"sport_id_association":17,"sport":{"id":17,"title":"General","abbreviation":"gen","shortname":"gen","short_title":"GEN","global_sport_id":null,"non_sport":false,"show_at_vs":false,"global_sport_shortname":"general","gender":null,"youtube":null,"facebook":null,"twitter":null,"instagram":null,"pinterest":null,"tickets":null,"global_sport_name_slug":null,"url":null,"ranking":null,"game_synonym":null},"class_name":null,"social_media_links":null,"schedule_roster_news_links":null,"items":[],"stats":null,"tickets":null,"youtube":null},{"id":170,"title":"Photo Galleries","short_title":null,"rank":13,"column":1,"url":"/photo_gallery.aspx","separator":false,"open_in_new_window":true,"sport_id_association":null,"sport":{"id":0,"title":null,"abbreviation":null,"shortname":null,"short_title":null,"global_sport_id":null,"non_sport":false,"show_at_vs":false,"global_sport_shortname":null,"gender":null,"youtube":null,"facebook":null,"twitter":null,"instagram":null,"pinterest":null,"tickets":null,"global_sport_name_slug":null,"url":null,"ranking":null,"game_synonym":null},"class_name":null,"social_media_links":null,"schedule_roster_news_links":null,"items":[],"stats":null,"tickets":null,"youtube":null},{"id":309,"title":"Fan Guidelines","short_title":null,"rank":14,"column":1,"url":"/sports/2014/5/16/gen_0516145804.aspx?path=gen","separator":false,"open_in_new_window":false,"sport_id_association":17,"sport":{"id":17,"title":"General","abbreviation":"gen","shortname":"gen","short_title":"GEN","global_sport_id":null,"non_sport":false,"show_at_vs":false,"global_sport_shortname":"general","gender":null,"youtube":null,"facebook":null,"twitter":null,"instagram":null,"pinterest":null,"tickets":null,"global_sport_name_slug":null,"url":null,"ranking":null,"game_synonym":null},"class_name":null,"social_media_links":null,"schedule_roster_news_links":null,"items":[],"stats":null,"tickets":null,"youtube":null},{"id":173,"title":"Guns Up","short_title":null,"rank":15,"column":1,"url":"/sports/2012/10/18/gen_1018120727.aspx","separator":false,"open_in_new_window":false,"sport_id_association":null,"sport":{"id":0,"title":null,"abbreviation":null,"shortname":null,"short_title":null,"global_sport_id":null,"non_sport":false,"show_at_vs":false,"global_sport_shortname":null,"gender":null,"youtube":null,"facebook":null,"twitter":null,"instagram":null,"pinterest":null,"tickets":null,"global_sport_name_slug":null,"url":null,"ranking":null,"game_synonym":null},"class_name":null,"social_media_links":null,"schedule_roster_news_links":null,"items":[],"stats":null,"tickets":null,"youtube":null},{"id":184,"title":"Archived Stories","short_title":null,"rank":16,"column":1,"url":"/archives.aspx","separator":false,"open_in_new_window":false,"sport_id_association":null,"sport":{"id":0,"title":null,"abbreviation":null,"shortname":null,"short_title":null,"global_sport_id":null,"non_sport":false,"show_at_vs":false,"global_sport_shortname":null,"gender":null,"youtube":null,"facebook":null,"twitter":null,"instagram":null,"pinterest":null,"tickets":null,"global_sport_name_slug":null,"url":null,"ranking":null,"game_synonym":null},"class_name":null,"social_media_links":null,"schedule_roster_news_links":null,"items":[],"stats":null,"tickets":null,"youtube":null},{"id":407,"title":"Video Archives","short_title":null,"rank":17,"column":1,"url":"http://wbuathletics.com/watch/","separator":false,"open_in_new_window":false,"sport_id_association":null,"sport":{"id":0,"title":null,"abbreviation":null,"shortname":null,"short_title":null,"global_sport_id":null,"non_sport":false,"show_at_vs":false,"global_sport_shortname":null,"gender":null,"youtube":null,"facebook":null,"twitter":null,"instagram":null,"pinterest":null,"tickets":null,"global_sport_name_slug":null,"url":null,"ranking":null,"game_synonym":null},"class_name":null,"social_media_links":null,"schedule_roster_news_links":null,"items":[],"stats":null,"tickets":null,"youtube":null}]}],"ad":null},{"id":6,"title":"Inside Athletics","rank":5,"url":"","open_in_new_window":false,"include_social_media":false,"include_schedule_roster_news":false,"include_stats":false,"include_tickets":false,"include_youtube":false,"class_name":null,"items":[{"id":403,"title":"WBU Home Page","short_title":null,"rank":1,"column":1,"url":"https://www.wbu.edu","separator":false,"open_in_new_window":true,"sport_id_association":null,"sport":{"id":0,"title":null,"abbreviation":null,"shortname":null,"short_title":null,"global_sport_id":null,"non_sport":false,"show_at_vs":false,"global_sport_shortname":null,"gender":null,"youtube":null,"facebook":null,"twitter":null,"instagram":null,"pinterest":null,"tickets":null,"global_sport_name_slug":null,"url":null,"ranking":null,"game_synonym":null},"class_name":null,"social_media_links":null,"schedule_roster_news_links":null,"items":[],"stats":null,"tickets":null,"youtube":null},{"id":129,"title":"Staff Directory","short_title":null,"rank":2,"column":1,"url":"/staff.aspx","separator":false,"open_in_new_window":false,"sport_id_association":null,"sport":{"id":0,"title":null,"abbreviation":null,"shortname":null,"short_title":null,"global_sport_id":null,"non_sport":false,"show_at_vs":false,"global_sport_shortname":null,"gender":null,"youtube":null,"facebook":null,"twitter":null,"instagram":null,"pinterest":null,"tickets":null,"global_sport_name_slug":null,"url":null,"ranking":null,"game_synonym":null},"class_name":null,"social_media_links":null,"schedule_roster_news_links":null,"items":[],"stats":null,"tickets":null,"youtube":null},{"id":122,"title":"Mission Statement","short_title":null,"rank":3,"column":1,"url":"/sports/2012/10/4/gen_1004123335.aspx","separator":false,"open_in_new_window":false,"sport_id_association":null,"sport":{"id":0,"title":null,"abbreviation":null,"shortname":null,"short_title":null,"global_sport_id":null,"non_sport":false,"show_at_vs":false,"global_sport_shortname":null,"gender":null,"youtube":null,"facebook":null,"twitter":null,"instagram":null,"pinterest":null,"tickets":null,"global_sport_name_slug":null,"url":null,"ranking":null,"game_synonym":null},"class_name":null,"social_media_links":null,"schedule_roster_news_links":null,"items":[],"stats":null,"tickets":null,"youtube":null},{"id":315,"title":"Champions of Character","short_title":null,"rank":4,"column":1,"url":"/sports/2014/6/9/gen_0609140421.aspx","separator":false,"open_in_new_window":false,"sport_id_association":null,"sport":{"id":0,"title":null,"abbreviation":null,"shortname":null,"short_title":null,"global_sport_id":null,"non_sport":false,"show_at_vs":false,"global_sport_shortname":null,"gender":null,"youtube":null,"facebook":null,"twitter":null,"instagram":null,"pinterest":null,"tickets":null,"global_sport_name_slug":null,"url":null,"ranking":null,"game_synonym":null},"class_name":null,"social_media_links":null,"schedule_roster_news_links":null,"items":[],"stats":null,"tickets":null,"youtube":null},{"id":124,"title":"Athletic Training","short_title":null,"rank":5,"column":1,"url":"/sports/2012/10/4/gen_1004123813.aspx","separator":false,"open_in_new_window":false,"sport_id_association":null,"sport":{"id":0,"title":null,"abbreviation":null,"shortname":null,"short_title":null,"global_sport_id":null,"non_sport":false,"show_at_vs":false,"global_sport_shortname":null,"gender":null,"youtube":null,"facebook":null,"twitter":null,"instagram":null,"pinterest":null,"tickets":null,"global_sport_name_slug":null,"url":null,"ranking":null,"game_synonym":null},"class_name":null,"social_media_links":null,"schedule_roster_news_links":null,"items":[],"stats":null,"tickets":null,"youtube":null},{"id":230,"title":"Media Relations & Mktg.","short_title":null,"rank":6,"column":1,"url":"/sports/2013/1/3/gen_0103132734.aspx","separator":false,"open_in_new_window":false,"sport_id_association":null,"sport":{"id":0,"title":null,"abbreviation":null,"shortname":null,"short_title":null,"global_sport_id":null,"non_sport":false,"show_at_vs":false,"global_sport_shortname":null,"gender":null,"youtube":null,"facebook":null,"twitter":null,"instagram":null,"pinterest":null,"tickets":null,"global_sport_name_slug":null,"url":null,"ranking":null,"game_synonym":null},"class_name":null,"social_media_links":null,"schedule_roster_news_links":null,"items":[],"stats":null,"tickets":null,"youtube":null},{"id":422,"title":"Visual Identities","short_title":null,"rank":7,"column":1,"url":"https://www.wbu.edu/marketing/visual-identities-info.htm","separator":false,"open_in_new_window":false,"sport_id_association":null,"sport":{"id":0,"title":null,"abbreviation":null,"shortname":null,"short_title":null,"global_sport_id":null,"non_sport":false,"show_at_vs":false,"global_sport_shortname":null,"gender":null,"youtube":null,"facebook":null,"twitter":null,"instagram":null,"pinterest":null,"tickets":null,"global_sport_name_slug":null,"url":null,"ranking":null,"game_synonym":null},"class_name":null,"social_media_links":null,"schedule_roster_news_links":null,"items":[],"stats":null,"tickets":null,"youtube":null},{"id":440,"title":"Student-Athlete Handbook","short_title":null,"rank":8,"column":1,"url":"/documents/2019/2/8/Student_Athlete_Handbook.pdf","separator":false,"open_in_new_window":false,"sport_id_association":null,"sport":{"id":0,"title":null,"abbreviation":null,"shortname":null,"short_title":null,"global_sport_id":null,"non_sport":false,"show_at_vs":false,"global_sport_shortname":null,"gender":null,"youtube":null,"facebook":null,"twitter":null,"instagram":null,"pinterest":null,"tickets":null,"global_sport_name_slug":null,"url":null,"ranking":null,"game_synonym":null},"class_name":null,"social_media_links":null,"schedule_roster_news_links":null,"items":[],"stats":null,"tickets":null,"youtube":null},{"id":289,"title":"Athletic Policy Manual","short_title":null,"rank":9,"column":1,"url":"","separator":false,"open_in_new_window":true,"sport_id_association":null,"sport":{"id":0,"title":null,"abbreviation":null,"shortname":null,"short_title":null,"global_sport_id":null,"non_sport":false,"show_at_vs":false,"global_sport_shortname":null,"gender":null,"youtube":null,"facebook":null,"twitter":null,"instagram":null,"pinterest":null,"tickets":null,"global_sport_name_slug":null,"url":null,"ranking":null,"game_synonym":null},"class_name":null,"social_media_links":null,"schedule_roster_news_links":null,"items":[],"stats":null,"tickets":null,"youtube":null},{"id":413,"title":"Agent Information","short_title":null,"rank":10,"column":1,"url":"/documents/2017/9/11/Athletic_Agent_Information.docx","separator":false,"open_in_new_window":false,"sport_id_association":null,"sport":{"id":0,"title":null,"abbreviation":null,"shortname":null,"short_title":null,"global_sport_id":null,"non_sport":false,"show_at_vs":false,"global_sport_shortname":null,"gender":null,"youtube":null,"facebook":null,"twitter":null,"instagram":null,"pinterest":null,"tickets":null,"global_sport_name_slug":null,"url":null,"ranking":null,"game_synonym":null},"class_name":null,"social_media_links":null,"schedule_roster_news_links":null,"items":[],"stats":null,"tickets":null,"youtube":null},{"id":330,"title":"Reporting Sexual Violence","short_title":null,"rank":11,"column":1,"url":"http://www2.wbu.edu/reportcrime/defaultIX.aspx","separator":false,"open_in_new_window":false,"sport_id_association":null,"sport":{"id":0,"title":null,"abbreviation":null,"shortname":null,"short_title":null,"global_sport_id":null,"non_sport":false,"show_at_vs":false,"global_sport_shortname":null,"gender":null,"youtube":null,"facebook":null,"twitter":null,"instagram":null,"pinterest":null,"tickets":null,"global_sport_name_slug":null,"url":null,"ranking":null,"game_synonym":null},"class_name":null,"social_media_links":null,"schedule_roster_news_links":null,"items":[],"stats":null,"tickets":null,"youtube":null}],"columns":[{"column":1,"items":[{"id":403,"title":"WBU Home Page","short_title":null,"rank":1,"column":1,"url":"https://www.wbu.edu","separator":false,"open_in_new_window":true,"sport_id_association":null,"sport":{"id":0,"title":null,"abbreviation":null,"shortname":null,"short_title":null,"global_sport_id":null,"non_sport":false,"show_at_vs":false,"global_sport_shortname":null,"gender":null,"youtube":null,"facebook":null,"twitter":null,"instagram":null,"pinterest":null,"tickets":null,"global_sport_name_slug":null,"url":null,"ranking":null,"game_synonym":null},"class_name":null,"social_media_links":null,"schedule_roster_news_links":null,"items":[],"stats":null,"tickets":null,"youtube":null},{"id":129,"title":"Staff Directory","short_title":null,"rank":2,"column":1,"url":"/staff.aspx","separator":false,"open_in_new_window":false,"sport_id_association":null,"sport":{"id":0,"title":null,"abbreviation":null,"shortname":null,"short_title":null,"global_sport_id":null,"non_sport":false,"show_at_vs":false,"global_sport_shortname":null,"gender":null,"youtube":null,"facebook":null,"twitter":null,"instagram":null,"pinterest":null,"tickets":null,"global_sport_name_slug":null,"url":null,"ranking":null,"game_synonym":null},"class_name":null,"social_media_links":null,"schedule_roster_news_links":null,"items":[],"stats":null,"tickets":null,"youtube":null},{"id":122,"title":"Mission Statement","short_title":null,"rank":3,"column":1,"url":"/sports/2012/10/4/gen_1004123335.aspx","separator":false,"open_in_new_window":false,"sport_id_association":null,"sport":{"id":0,"title":null,"abbreviation":null,"shortname":null,"short_title":null,"global_sport_id":null,"non_sport":false,"show_at_vs":false,"global_sport_shortname":null,"gender":null,"youtube":null,"facebook":null,"twitter":null,"instagram":null,"pinterest":null,"tickets":null,"global_sport_name_slug":null,"url":null,"ranking":null,"game_synonym":null},"class_name":null,"social_media_links":null,"schedule_roster_news_links":null,"items":[],"stats":null,"tickets":null,"youtube":null},{"id":315,"title":"Champions of Character","short_title":null,"rank":4,"column":1,"url":"/sports/2014/6/9/gen_0609140421.aspx","separator":false,"open_in_new_window":false,"sport_id_association":null,"sport":{"id":0,"title":null,"abbreviation":null,"shortname":null,"short_title":null,"global_sport_id":null,"non_sport":false,"show_at_vs":false,"global_sport_shortname":null,"gender":null,"youtube":null,"facebook":null,"twitter":null,"instagram":null,"pinterest":null,"tickets":null,"global_sport_name_slug":null,"url":null,"ranking":null,"game_synonym":null},"class_name":null,"social_media_links":null,"schedule_roster_news_links":null,"items":[],"stats":null,"tickets":null,"youtube":null},{"id":124,"title":"Athletic Training","short_title":null,"rank":5,"column":1,"url":"/sports/2012/10/4/gen_1004123813.aspx","separator":false,"open_in_new_window":false,"sport_id_association":null,"sport":{"id":0,"title":null,"abbreviation":null,"shortname":null,"short_title":null,"global_sport_id":null,"non_sport":false,"show_at_vs":false,"global_sport_shortname":null,"gender":null,"youtube":null,"facebook":null,"twitter":null,"instagram":null,"pinterest":null,"tickets":null,"global_sport_name_slug":null,"url":null,"ranking":null,"game_synonym":null},"class_name":null,"social_media_links":null,"schedule_roster_news_links":null,"items":[],"stats":null,"tickets":null,"youtube":null},{"id":230,"title":"Media Relations & Mktg.","short_title":null,"rank":6,"column":1,"url":"/sports/2013/1/3/gen_0103132734.aspx","separator":false,"open_in_new_window":false,"sport_id_association":null,"sport":{"id":0,"title":null,"abbreviation":null,"shortname":null,"short_title":null,"global_sport_id":null,"non_sport":false,"show_at_vs":false,"global_sport_shortname":null,"gender":null,"youtube":null,"facebook":null,"twitter":null,"instagram":null,"pinterest":null,"tickets":null,"global_sport_name_slug":null,"url":null,"ranking":null,"game_synonym":null},"class_name":null,"social_media_links":null,"schedule_roster_news_links":null,"items":[],"stats":null,"tickets":null,"youtube":null},{"id":422,"title":"Visual Identities","short_title":null,"rank":7,"column":1,"url":"https://www.wbu.edu/marketing/visual-identities-info.htm","separator":false,"open_in_new_window":false,"sport_id_association":null,"sport":{"id":0,"title":null,"abbreviation":null,"shortname":null,"short_title":null,"global_sport_id":null,"non_sport":false,"show_at_vs":false,"global_sport_shortname":null,"gender":null,"youtube":null,"facebook":null,"twitter":null,"instagram":null,"pinterest":null,"tickets":null,"global_sport_name_slug":null,"url":null,"ranking":null,"game_synonym":null},"class_name":null,"social_media_links":null,"schedule_roster_news_links":null,"items":[],"stats":null,"tickets":null,"youtube":null},{"id":440,"title":"Student-Athlete Handbook","short_title":null,"rank":8,"column":1,"url":"/documents/2019/2/8/Student_Athlete_Handbook.pdf","separator":false,"open_in_new_window":false,"sport_id_association":null,"sport":{"id":0,"title":null,"abbreviation":null,"shortname":null,"short_title":null,"global_sport_id":null,"non_sport":false,"show_at_vs":false,"global_sport_shortname":null,"gender":null,"youtube":null,"facebook":null,"twitter":null,"instagram":null,"pinterest":null,"tickets":null,"global_sport_name_slug":null,"url":null,"ranking":null,"game_synonym":null},"class_name":null,"social_media_links":null,"schedule_roster_news_links":null,"items":[],"stats":null,"tickets":null,"youtube":null},{"id":289,"title":"Athletic Policy Manual","short_title":null,"rank":9,"column":1,"url":"","separator":false,"open_in_new_window":true,"sport_id_association":null,"sport":{"id":0,"title":null,"abbreviation":null,"shortname":null,"short_title":null,"global_sport_id":null,"non_sport":false,"show_at_vs":false,"global_sport_shortname":null,"gender":null,"youtube":null,"facebook":null,"twitter":null,"instagram":null,"pinterest":null,"tickets":null,"global_sport_name_slug":null,"url":null,"ranking":null,"game_synonym":null},"class_name":null,"social_media_links":null,"schedule_roster_news_links":null,"items":[],"stats":null,"tickets":null,"youtube":null},{"id":413,"title":"Agent Information","short_title":null,"rank":10,"column":1,"url":"/documents/2017/9/11/Athletic_Agent_Information.docx","separator":false,"open_in_new_window":false,"sport_id_association":null,"sport":{"id":0,"title":null,"abbreviation":null,"shortname":null,"short_title":null,"global_sport_id":null,"non_sport":false,"show_at_vs":false,"global_sport_shortname":null,"gender":null,"youtube":null,"facebook":null,"twitter":null,"instagram":null,"pinterest":null,"tickets":null,"global_sport_name_slug":null,"url":null,"ranking":null,"game_synonym":null},"class_name":null,"social_media_links":null,"schedule_roster_news_links":null,"items":[],"stats":null,"tickets":null,"youtube":null},{"id":330,"title":"Reporting Sexual Violence","short_title":null,"rank":11,"column":1,"url":"http://www2.wbu.edu/reportcrime/defaultIX.aspx","separator":false,"open_in_new_window":false,"sport_id_association":null,"sport":{"id":0,"title":null,"abbreviation":null,"shortname":null,"short_title":null,"global_sport_id":null,"non_sport":false,"show_at_vs":false,"global_sport_shortname":null,"gender":null,"youtube":null,"facebook":null,"twitter":null,"instagram":null,"pinterest":null,"tickets":null,"global_sport_name_slug":null,"url":null,"ranking":null,"game_synonym":null},"class_name":null,"social_media_links":null,"schedule_roster_news_links":null,"items":[],"stats":null,"tickets":null,"youtube":null}]}],"ad":null},{"id":7,"title":"Recruits ","rank":6,"url":"","open_in_new_window":false,"include_social_media":false,"include_schedule_roster_news":false,"include_stats":false,"include_tickets":false,"include_youtube":false,"class_name":null,"items":[{"id":146,"title":"Prospective Athlete","short_title":null,"rank":1,"column":1,"url":"/sb_output.aspx?form=3","separator":false,"open_in_new_window":false,"sport_id_association":null,"sport":{"id":0,"title":null,"abbreviation":null,"shortname":null,"short_title":null,"global_sport_id":null,"non_sport":false,"show_at_vs":false,"global_sport_shortname":null,"gender":null,"youtube":null,"facebook":null,"twitter":null,"instagram":null,"pinterest":null,"tickets":null,"global_sport_name_slug":null,"url":null,"ranking":null,"game_synonym":null},"class_name":null,"social_media_links":null,"schedule_roster_news_links":null,"items":[],"stats":null,"tickets":null,"youtube":null},{"id":470,"title":"Virtual Campus Tour","short_title":null,"rank":2,"column":1,"url":"https://www.wbu.edu/student-life/explore/virtual-tour.htm","separator":false,"open_in_new_window":false,"sport_id_association":null,"sport":{"id":0,"title":null,"abbreviation":null,"shortname":null,"short_title":null,"global_sport_id":null,"non_sport":false,"show_at_vs":false,"global_sport_shortname":null,"gender":null,"youtube":null,"facebook":null,"twitter":null,"instagram":null,"pinterest":null,"tickets":null,"global_sport_name_slug":null,"url":null,"ranking":null,"game_synonym":null},"class_name":null,"social_media_links":null,"schedule_roster_news_links":null,"items":[],"stats":null,"tickets":null,"youtube":null},{"id":471,"title":"Facilities","short_title":null,"rank":3,"column":1,"url":"https://wbuathletics.com/sports/2012/10/4/gen_1004124208.aspx","separator":false,"open_in_new_window":false,"sport_id_association":null,"sport":{"id":0,"title":null,"abbreviation":null,"shortname":null,"short_title":null,"global_sport_id":null,"non_sport":false,"show_at_vs":false,"global_sport_shortname":null,"gender":null,"youtube":null,"facebook":null,"twitter":null,"instagram":null,"pinterest":null,"tickets":null,"global_sport_name_slug":null,"url":null,"ranking":null,"game_synonym":null},"class_name":null,"social_media_links":null,"schedule_roster_news_links":null,"items":[],"stats":null,"tickets":null,"youtube":null},{"id":474,"title":"NAIA Eligibility COVID-19 FAQs","short_title":null,"rank":4,"column":1,"url":"https://www.naia.org/covid19/eligibility-center-faqs","separator":false,"open_in_new_window":false,"sport_id_association":null,"sport":{"id":0,"title":null,"abbreviation":null,"shortname":null,"short_title":null,"global_sport_id":null,"non_sport":false,"show_at_vs":false,"global_sport_shortname":null,"gender":null,"youtube":null,"facebook":null,"twitter":null,"instagram":null,"pinterest":null,"tickets":null,"global_sport_name_slug":null,"url":null,"ranking":null,"game_synonym":null},"class_name":null,"social_media_links":null,"schedule_roster_news_links":null,"items":[],"stats":null,"tickets":null,"youtube":null},{"id":198,"title":"Play NAIA","short_title":null,"rank":5,"column":1,"url":"http://www.playnaia.org/","separator":false,"open_in_new_window":true,"sport_id_association":null,"sport":{"id":0,"title":null,"abbreviation":null,"shortname":null,"short_title":null,"global_sport_id":null,"non_sport":false,"show_at_vs":false,"global_sport_shortname":null,"gender":null,"youtube":null,"facebook":null,"twitter":null,"instagram":null,"pinterest":null,"tickets":null,"global_sport_name_slug":null,"url":null,"ranking":null,"game_synonym":null},"class_name":null,"social_media_links":null,"schedule_roster_news_links":null,"items":[],"stats":null,"tickets":null,"youtube":null},{"id":300,"title":"Tryout Waiver","short_title":null,"rank":6,"column":1,"url":"/documents/2017/9/20/Athletic_Waiver_of_Liability.pdf","separator":false,"open_in_new_window":true,"sport_id_association":null,"sport":{"id":0,"title":null,"abbreviation":null,"shortname":null,"short_title":null,"global_sport_id":null,"non_sport":false,"show_at_vs":false,"global_sport_shortname":null,"gender":null,"youtube":null,"facebook":null,"twitter":null,"instagram":null,"pinterest":null,"tickets":null,"global_sport_name_slug":null,"url":null,"ranking":null,"game_synonym":null},"class_name":null,"social_media_links":null,"schedule_roster_news_links":null,"items":[],"stats":null,"tickets":null,"youtube":null},{"id":441,"title":"Notice of Availability of the Annual Security and Fire Safety Report","short_title":null,"rank":7,"column":1,"url":"/documents/2019/2/11/Safety_Fire_Report.pdf","separator":false,"open_in_new_window":false,"sport_id_association":null,"sport":{"id":0,"title":null,"abbreviation":null,"shortname":null,"short_title":null,"global_sport_id":null,"non_sport":false,"show_at_vs":false,"global_sport_shortname":null,"gender":null,"youtube":null,"facebook":null,"twitter":null,"instagram":null,"pinterest":null,"tickets":null,"global_sport_name_slug":null,"url":null,"ranking":null,"game_synonym":null},"class_name":null,"social_media_links":null,"schedule_roster_news_links":null,"items":[],"stats":null,"tickets":null,"youtube":null},{"id":442,"title":"EADA Report","short_title":null,"rank":8,"column":1,"url":"/sports/2019/2/18/EADA.aspx","separator":false,"open_in_new_window":false,"sport_id_association":null,"sport":{"id":0,"title":null,"abbreviation":null,"shortname":null,"short_title":null,"global_sport_id":null,"non_sport":false,"show_at_vs":false,"global_sport_shortname":null,"gender":null,"youtube":null,"facebook":null,"twitter":null,"instagram":null,"pinterest":null,"tickets":null,"global_sport_name_slug":null,"url":null,"ranking":null,"game_synonym":null},"class_name":null,"social_media_links":null,"schedule_roster_news_links":null,"items":[],"stats":null,"tickets":null,"youtube":null},{"id":443,"title":"Athletic Enrollment & Graduation Reports","short_title":null,"rank":9,"column":1,"url":"/documents/2019/2/18/Athletic_Enrollment_Graduation_Report.pdf","separator":false,"open_in_new_window":false,"sport_id_association":null,"sport":{"id":0,"title":null,"abbreviation":null,"shortname":null,"short_title":null,"global_sport_id":null,"non_sport":false,"show_at_vs":false,"global_sport_shortname":null,"gender":null,"youtube":null,"facebook":null,"twitter":null,"instagram":null,"pinterest":null,"tickets":null,"global_sport_name_slug":null,"url":null,"ranking":null,"game_synonym":null},"class_name":null,"social_media_links":null,"schedule_roster_news_links":null,"items":[],"stats":null,"tickets":null,"youtube":null}],"columns":[{"column":1,"items":[{"id":146,"title":"Prospective Athlete","short_title":null,"rank":1,"column":1,"url":"/sb_output.aspx?form=3","separator":false,"open_in_new_window":false,"sport_id_association":null,"sport":{"id":0,"title":null,"abbreviation":null,"shortname":null,"short_title":null,"global_sport_id":null,"non_sport":false,"show_at_vs":false,"global_sport_shortname":null,"gender":null,"youtube":null,"facebook":null,"twitter":null,"instagram":null,"pinterest":null,"tickets":null,"global_sport_name_slug":null,"url":null,"ranking":null,"game_synonym":null},"class_name":null,"social_media_links":null,"schedule_roster_news_links":null,"items":[],"stats":null,"tickets":null,"youtube":null},{"id":470,"title":"Virtual Campus Tour","short_title":null,"rank":2,"column":1,"url":"https://www.wbu.edu/student-life/explore/virtual-tour.htm","separator":false,"open_in_new_window":false,"sport_id_association":null,"sport":{"id":0,"title":null,"abbreviation":null,"shortname":null,"short_title":null,"global_sport_id":null,"non_sport":false,"show_at_vs":false,"global_sport_shortname":null,"gender":null,"youtube":null,"facebook":null,"twitter":null,"instagram":null,"pinterest":null,"tickets":null,"global_sport_name_slug":null,"url":null,"ranking":null,"game_synonym":null},"class_name":null,"social_media_links":null,"schedule_roster_news_links":null,"items":[],"stats":null,"tickets":null,"youtube":null},{"id":471,"title":"Facilities","short_title":null,"rank":3,"column":1,"url":"https://wbuathletics.com/sports/2012/10/4/gen_1004124208.aspx","separator":false,"open_in_new_window":false,"sport_id_association":null,"sport":{"id":0,"title":null,"abbreviation":null,"shortname":null,"short_title":null,"global_sport_id":null,"non_sport":false,"show_at_vs":false,"global_sport_shortname":null,"gender":null,"youtube":null,"facebook":null,"twitter":null,"instagram":null,"pinterest":null,"tickets":null,"global_sport_name_slug":null,"url":null,"ranking":null,"game_synonym":null},"class_name":null,"social_media_links":null,"schedule_roster_news_links":null,"items":[],"stats":null,"tickets":null,"youtube":null},{"id":474,"title":"NAIA Eligibility COVID-19 FAQs","short_title":null,"rank":4,"column":1,"url":"https://www.naia.org/covid19/eligibility-center-faqs","separator":false,"open_in_new_window":false,"sport_id_association":null,"sport":{"id":0,"title":null,"abbreviation":null,"shortname":null,"short_title":null,"global_sport_id":null,"non_sport":false,"show_at_vs":false,"global_sport_shortname":null,"gender":null,"youtube":null,"facebook":null,"twitter":null,"instagram":null,"pinterest":null,"tickets":null,"global_sport_name_slug":null,"url":null,"ranking":null,"game_synonym":null},"class_name":null,"social_media_links":null,"schedule_roster_news_links":null,"items":[],"stats":null,"tickets":null,"youtube":null},{"id":198,"title":"Play NAIA","short_title":null,"rank":5,"column":1,"url":"http://www.playnaia.org/","separator":false,"open_in_new_window":true,"sport_id_association":null,"sport":{"id":0,"title":null,"abbreviation":null,"shortname":null,"short_title":null,"global_sport_id":null,"non_sport":false,"show_at_vs":false,"global_sport_shortname":null,"gender":null,"youtube":null,"facebook":null,"twitter":null,"instagram":null,"pinterest":null,"tickets":null,"global_sport_name_slug":null,"url":null,"ranking":null,"game_synonym":null},"class_name":null,"social_media_links":null,"schedule_roster_news_links":null,"items":[],"stats":null,"tickets":null,"youtube":null},{"id":300,"title":"Tryout Waiver","short_title":null,"rank":6,"column":1,"url":"/documents/2017/9/20/Athletic_Waiver_of_Liability.pdf","separator":false,"open_in_new_window":true,"sport_id_association":null,"sport":{"id":0,"title":null,"abbreviation":null,"shortname":null,"short_title":null,"global_sport_id":null,"non_sport":false,"show_at_vs":false,"global_sport_shortname":null,"gender":null,"youtube":null,"facebook":null,"twitter":null,"instagram":null,"pinterest":null,"tickets":null,"global_sport_name_slug":null,"url":null,"ranking":null,"game_synonym":null},"class_name":null,"social_media_links":null,"schedule_roster_news_links":null,"items":[],"stats":null,"tickets":null,"youtube":null},{"id":441,"title":"Notice of Availability of the Annual Security and Fire Safety Report","short_title":null,"rank":7,"column":1,"url":"/documents/2019/2/11/Safety_Fire_Report.pdf","separator":false,"open_in_new_window":false,"sport_id_association":null,"sport":{"id":0,"title":null,"abbreviation":null,"shortname":null,"short_title":null,"global_sport_id":null,"non_sport":false,"show_at_vs":false,"global_sport_shortname":null,"gender":null,"youtube":null,"facebook":null,"twitter":null,"instagram":null,"pinterest":null,"tickets":null,"global_sport_name_slug":null,"url":null,"ranking":null,"game_synonym":null},"class_name":null,"social_media_links":null,"schedule_roster_news_links":null,"items":[],"stats":null,"tickets":null,"youtube":null},{"id":442,"title":"EADA Report","short_title":null,"rank":8,"column":1,"url":"/sports/2019/2/18/EADA.aspx","separator":false,"open_in_new_window":false,"sport_id_association":null,"sport":{"id":0,"title":null,"abbreviation":null,"shortname":null,"short_title":null,"global_sport_id":null,"non_sport":false,"show_at_vs":false,"global_sport_shortname":null,"gender":null,"youtube":null,"facebook":null,"twitter":null,"instagram":null,"pinterest":null,"tickets":null,"global_sport_name_slug":null,"url":null,"ranking":null,"game_synonym":null},"class_name":null,"social_media_links":null,"schedule_roster_news_links":null,"items":[],"stats":null,"tickets":null,"youtube":null},{"id":443,"title":"Athletic Enrollment & Graduation Reports","short_title":null,"rank":9,"column":1,"url":"/documents/2019/2/18/Athletic_Enrollment_Graduation_Report.pdf","separator":false,"open_in_new_window":false,"sport_id_association":null,"sport":{"id":0,"title":null,"abbreviation":null,"shortname":null,"short_title":null,"global_sport_id":null,"non_sport":false,"show_at_vs":false,"global_sport_shortname":null,"gender":null,"youtube":null,"facebook":null,"twitter":null,"instagram":null,"pinterest":null,"tickets":null,"global_sport_name_slug":null,"url":null,"ranking":null,"game_synonym":null},"class_name":null,"social_media_links":null,"schedule_roster_news_links":null,"items":[],"stats":null,"tickets":null,"youtube":null}]}],"ad":null}],"mode":"web"};
    if (!("sidearmComponents" in window))
        window.sidearmComponents = [];
    window.sidearmComponents.push(obj);
</script>

<navigation-component params="{ id: 'b8242cab-593d-460a-a473-6d9e178d5a92' }"></navigation-component>



<!-- ko if: false -->
<div class="hide">

    <a href="/index.aspx?path=baseball">Baseball</a>

    <a href="/schedule.aspx?path=baseball">Baseball: Schedule</a>

    <a href="/roster.aspx?path=baseball">Baseball: Roster</a>

    <a href="/archives.aspx?path=baseball">Baseball: News</a>

    <a href="/index.aspx?path=mbball">Basketball</a>

    <a href="/schedule.aspx?path=mbball">Basketball: Schedule</a>

    <a href="/roster.aspx?path=mbball">Basketball: Roster</a>

    <a href="/archives.aspx?path=mbball">Basketball: News</a>

    <a href="/index.aspx?path=mcross">Cross Country</a>

    <a href="/schedule.aspx?path=mcross">Cross Country: Schedule</a>

    <a href="/roster.aspx?path=mcross">Cross Country: Roster</a>

    <a href="/archives.aspx?path=mcross">Cross Country: News</a>

    <a href="/index.aspx?path=football">Football</a>

    <a href="/schedule.aspx?path=football">Football: Schedule</a>

    <a href="/roster.aspx?path=football">Football: Roster</a>

    <a href="/archives.aspx?path=football">Football: News</a>

    <a href="/index.aspx?path=mgolf">Golf</a>

    <a href="/schedule.aspx?path=mgolf">Golf: Schedule</a>

    <a href="/roster.aspx?path=mgolf">Golf: Roster</a>

    <a href="/archives.aspx?path=mgolf">Golf: News</a>

    <a href="/index.aspx?path=msoc">Soccer</a>

    <a href="/schedule.aspx?path=msoc">Soccer: Schedule</a>

    <a href="/roster.aspx?path=msoc">Soccer: Roster</a>

    <a href="/archives.aspx?path=msoc">Soccer: News</a>

    <a href="/index.aspx?path=mtrack">Track &amp; Field</a>

    <a href="/schedule.aspx?path=mtrack">Track &amp; Field: Schedule</a>

    <a href="/roster.aspx?path=mtrack">Track &amp; Field: Roster</a>

    <a href="/archives.aspx?path=mtrack">Track &amp; Field: News</a>

    <a href="/index.aspx?path=wrestling">Wrestling</a>

    <a href="/schedule.aspx?path=wrestling">Wrestling: Schedule</a>

    <a href="/roster.aspx?path=wrestling">Wrestling: Roster</a>

    <a href="/archives.aspx?path=wrestling">Wrestling: News</a>

    <a href="/index.aspx?path=wbball">Basketball</a>

    <a href="/schedule.aspx?path=wbball">Basketball: Schedule</a>

    <a href="/roster.aspx?path=wbball">Basketball: Roster</a>

    <a href="/archives.aspx?path=wbball">Basketball: News</a>

    <a href="/index.aspx?path=wcross">Cross Country</a>

    <a href="/schedule.aspx?path=wcross">Cross Country: Schedule</a>

    <a href="/roster.aspx?path=wcross">Cross Country: Roster</a>

    <a href="/archives.aspx?path=wcross">Cross Country: News</a>

    <a href="/index.aspx?path=wgolf">Golf</a>

    <a href="/schedule.aspx?path=wgolf">Golf: Schedule</a>

    <a href="/roster.aspx?path=wgolf">Golf: Roster</a>

    <a href="/archives.aspx?path=wgolf">Golf: News</a>

    <a href="/index.aspx?path=wsoc">Soccer</a>

    <a href="/schedule.aspx?path=wsoc">Soccer: Schedule</a>

    <a href="/roster.aspx?path=wsoc">Soccer: Roster</a>

    <a href="/archives.aspx?path=wsoc">Soccer: News</a>

    <a href="/index.aspx?path=wtrack">Track &amp; Field</a>

    <a href="/schedule.aspx?path=wtrack">Track &amp; Field: Schedule</a>

    <a href="/roster.aspx?path=wtrack">Track &amp; Field: Roster</a>

    <a href="/archives.aspx?path=wtrack">Track &amp; Field: News</a>

    <a href="/index.aspx?path=wvball">Volleyball</a>

    <a href="/schedule.aspx?path=wvball">Volleyball: Schedule</a>

    <a href="/roster.aspx?path=wvball">Volleyball: Roster</a>

    <a href="/archives.aspx?path=wvball">Volleyball: News</a>

    <a href="/index.aspx?path=wwrestling">Wrestling</a>

    <a href="/schedule.aspx?path=wwrestling">Wrestling: Schedule</a>

    <a href="/roster.aspx?path=wwrestling">Wrestling: Roster</a>

    <a href="/archives.aspx?path=wwrestling">Wrestling: News</a>

    <a href="/index.aspx?path=e-sports">ESports</a>

    <a href="/schedule.aspx?path=e-sports">ESports: Schedule</a>

    <a href="/roster.aspx?path=e-sports">ESports: Roster</a>

    <a href="/archives.aspx?path=e-sports">ESports: News</a>

    <a href="https://wbuathletics.com/news/2021/10/8/general-2020-21-game-day-covid-19-protocol.aspx">COVID-19 Restrictions</a>

    <a href="http://wbuathletics.com/calendar.aspx">Composite Schedule</a>

    <a href="/sports/2012/10/4/gen_1004124208.aspx">Facilities</a>

    <a href="https://give.wbu.edu/">Donate</a>

    <a href="/sports/2013/7/10/gen_0710131345.aspx">Alma Mater/Fight Song</a>

    <a href="http://bookstore.wbu.edu/">Merchandise</a>

    <a href="/sports/2012/9/28/Test.aspx">Tickets</a>

    <a href="/sports/2012/10/4/gen_1004125433.aspx">Hall of Honor</a>

    <a href="/sports/2012/11/15/gen_1115123601.aspx?path=gen">Harley Redin Award</a>

    <a href="/photo_gallery.aspx">Photo Galleries</a>

    <a href="/sports/2014/5/16/gen_0516145804.aspx?path=gen">Fan Guidelines</a>

    <a href="/sports/2012/10/18/gen_1018120727.aspx">Guns Up</a>

    <a href="/archives.aspx">Archived Stories</a>

    <a href="http://wbuathletics.com/watch/">Video Archives</a>

    <a href="https://www.wbu.edu">WBU Home Page</a>

    <a href="/staff.aspx">Staff Directory</a>

    <a href="/sports/2012/10/4/gen_1004123335.aspx">Mission Statement</a>

    <a href="/sports/2014/6/9/gen_0609140421.aspx">Champions of Character</a>

    <a href="/sports/2012/10/4/gen_1004123813.aspx">Athletic Training</a>

    <a href="/sports/2013/1/3/gen_0103132734.aspx">Media Relations &amp; Mktg.</a>

    <a href="https://www.wbu.edu/marketing/visual-identities-info.htm">Visual Identities</a>

    <a href="/documents/2019/2/8/Student_Athlete_Handbook.pdf">Student-Athlete Handbook</a>

    <a href="/documents/2017/9/11/Athletic_Agent_Information.docx">Agent Information</a>

    <a href="http://www2.wbu.edu/reportcrime/defaultIX.aspx">Reporting Sexual Violence</a>

    <a href="/sb_output.aspx?form=3">Prospective Athlete</a>

    <a href="https://www.wbu.edu/student-life/explore/virtual-tour.htm">Virtual Campus Tour</a>

    <a href="https://wbuathletics.com/sports/2012/10/4/gen_1004124208.aspx">Facilities</a>

    <a href="https://www.naia.org/covid19/eligibility-center-faqs">NAIA Eligibility COVID-19 FAQs</a>

    <a href="http://www.playnaia.org/">Play NAIA</a>

    <a href="/documents/2017/9/20/Athletic_Waiver_of_Liability.pdf">Tryout Waiver</a>

    <a href="/documents/2019/2/11/Safety_Fire_Report.pdf">Notice of Availability of the Annual Security and Fire Safety Report</a>

    <a href="/sports/2019/2/18/EADA.aspx">EADA Report</a>

    <a href="/documents/2019/2/18/Athletic_Enrollment_Graduation_Report.pdf">Athletic Enrollment &amp; Graduation Reports</a>

</div>
<!-- /ko -->
                    </div>
                    <div class="c-navigation__loader">
                        <div class="c-navigation__loader-inner line-scale-pulse-out-rapid">
                            <div></div>
                            <div></div>
                            <div></div>
                            <div></div>
                            <div></div>
                        </div>
                    </div>
                </nav>
                
                    <nav class="sport-navigation" aria-labelledby="h2_sport_nav">
                        <h2 class="hide" id="h2_sport_nav">Sport Navigation Menu</h2>
                        

<script>
    var obj = {"start":0,"count":10,"name":"sports-nav","sport_id":null,"count_breakpoints":null,"css_class":"","pinned_id":"","extra":{"sport":{"id":1,"title":"Baseball","abbreviation":"BB","shortname":"baseball","short_title":"BSBL","global_sport_id":null,"non_sport":false,"show_at_vs":false,"global_sport_shortname":"baseball","gender":null,"youtube":"","facebook":null,"twitter":"","instagram":"","pinterest":"","tickets":null,"global_sport_name_slug":null,"url":"","ranking":null,"game_synonym":null}},"context":null,"dummy":false,"type":"sport-navigation","id":"51632ea1-c618-492c-965e-c2d958017f05","data":[{"id":0,"title":"Baseball","short_title":"BSBL","rank":0,"column":0,"url":"/index.aspx?path=baseball","separator":false,"open_in_new_window":false,"sport_id_association":null,"sport":null,"class_name":"sport-home","social_media_links":null,"schedule_roster_news_links":null,"items":null,"stats":null,"tickets":null,"youtube":null},{"id":2,"title":"Schedule","short_title":null,"rank":2,"column":1,"url":"/schedule.aspx?path=baseball","separator":false,"open_in_new_window":false,"sport_id_association":1,"sport":{"id":1,"title":"Baseball","abbreviation":"BB","shortname":"baseball","short_title":"BSBL","global_sport_id":null,"non_sport":false,"show_at_vs":false,"global_sport_shortname":"baseball","gender":null,"youtube":null,"facebook":null,"twitter":null,"instagram":null,"pinterest":null,"tickets":null,"global_sport_name_slug":null,"url":null,"ranking":null,"game_synonym":null},"class_name":null,"social_media_links":null,"schedule_roster_news_links":null,"items":[],"stats":null,"tickets":null,"youtube":null},{"id":3,"title":"Roster","short_title":null,"rank":3,"column":1,"url":"/roster.aspx?path=baseball","separator":false,"open_in_new_window":false,"sport_id_association":1,"sport":{"id":1,"title":"Baseball","abbreviation":"BB","shortname":"baseball","short_title":"BSBL","global_sport_id":null,"non_sport":false,"show_at_vs":false,"global_sport_shortname":"baseball","gender":null,"youtube":null,"facebook":null,"twitter":null,"instagram":null,"pinterest":null,"tickets":null,"global_sport_name_slug":null,"url":null,"ranking":null,"game_synonym":null},"class_name":null,"social_media_links":null,"schedule_roster_news_links":null,"items":[],"stats":null,"tickets":null,"youtube":null},{"id":248,"title":"NAIA Statistics","short_title":null,"rank":7,"column":1,"url":"https://naiastats.prestosports.com/sports/bsb/2020-21/teams/waylandbaptist","separator":false,"open_in_new_window":true,"sport_id_association":null,"sport":{"id":0,"title":null,"abbreviation":null,"shortname":null,"short_title":null,"global_sport_id":null,"non_sport":false,"show_at_vs":false,"global_sport_shortname":null,"gender":null,"youtube":null,"facebook":null,"twitter":null,"instagram":null,"pinterest":null,"tickets":null,"global_sport_name_slug":null,"url":null,"ranking":null,"game_synonym":null},"class_name":null,"social_media_links":null,"schedule_roster_news_links":null,"items":[],"stats":null,"tickets":null,"youtube":null},{"id":180,"title":"Records","short_title":null,"rank":8,"column":1,"url":"/sports/2012/10/19/BB_1019123439.aspx","separator":false,"open_in_new_window":false,"sport_id_association":null,"sport":{"id":0,"title":null,"abbreviation":null,"shortname":null,"short_title":null,"global_sport_id":null,"non_sport":false,"show_at_vs":false,"global_sport_shortname":null,"gender":null,"youtube":null,"facebook":null,"twitter":null,"instagram":null,"pinterest":null,"tickets":null,"global_sport_name_slug":null,"url":null,"ranking":null,"game_synonym":null},"class_name":null,"social_media_links":null,"schedule_roster_news_links":null,"items":[],"stats":null,"tickets":null,"youtube":null},{"id":148,"title":"Recruits","short_title":null,"rank":13,"column":1,"url":"/sb_output.aspx?form=3","separator":false,"open_in_new_window":false,"sport_id_association":null,"sport":{"id":0,"title":null,"abbreviation":null,"shortname":null,"short_title":null,"global_sport_id":null,"non_sport":false,"show_at_vs":false,"global_sport_shortname":null,"gender":null,"youtube":null,"facebook":null,"twitter":null,"instagram":null,"pinterest":null,"tickets":null,"global_sport_name_slug":null,"url":null,"ranking":null,"game_synonym":null},"class_name":null,"social_media_links":null,"schedule_roster_news_links":null,"items":[],"stats":null,"tickets":null,"youtube":null},{"id":447,"title":"Donate","short_title":null,"rank":15,"column":1,"url":"https://give.wbu.edu/?x=baseball","separator":false,"open_in_new_window":false,"sport_id_association":null,"sport":{"id":0,"title":null,"abbreviation":null,"shortname":null,"short_title":null,"global_sport_id":null,"non_sport":false,"show_at_vs":false,"global_sport_shortname":null,"gender":null,"youtube":null,"facebook":null,"twitter":null,"instagram":null,"pinterest":null,"tickets":null,"global_sport_name_slug":null,"url":null,"ranking":null,"game_synonym":null},"class_name":null,"social_media_links":null,"schedule_roster_news_links":null,"items":[],"stats":null,"tickets":null,"youtube":null},{"id":0,"title":"Additional Links","short_title":null,"rank":0,"column":0,"url":"#","separator":false,"open_in_new_window":false,"sport_id_association":null,"sport":null,"class_name":"additional-links","social_media_links":null,"schedule_roster_news_links":null,"items":[{"id":344,"title":"Summer Camps","short_title":null,"rank":1,"column":1,"url":"/documents/2019/5/14/Camp_2019_flyer.pdf","separator":false,"open_in_new_window":false,"sport_id_association":null,"sport":{"id":0,"title":null,"abbreviation":null,"shortname":null,"short_title":null,"global_sport_id":null,"non_sport":false,"show_at_vs":false,"global_sport_shortname":null,"gender":null,"youtube":null,"facebook":null,"twitter":null,"instagram":null,"pinterest":null,"tickets":null,"global_sport_name_slug":null,"url":null,"ranking":null,"game_synonym":null},"class_name":null,"social_media_links":null,"schedule_roster_news_links":null,"items":null,"stats":null,"tickets":null,"youtube":null},{"id":185,"title":"JV Schedule","short_title":null,"rank":4,"column":1,"url":"/schedule.aspx?path=jvbball","separator":false,"open_in_new_window":false,"sport_id_association":null,"sport":{"id":0,"title":null,"abbreviation":null,"shortname":null,"short_title":null,"global_sport_id":null,"non_sport":false,"show_at_vs":false,"global_sport_shortname":null,"gender":null,"youtube":null,"facebook":null,"twitter":null,"instagram":null,"pinterest":null,"tickets":null,"global_sport_name_slug":null,"url":null,"ranking":null,"game_synonym":null},"class_name":null,"social_media_links":null,"schedule_roster_news_links":null,"items":null,"stats":null,"tickets":null,"youtube":null},{"id":244,"title":"JV Roster","short_title":null,"rank":5,"column":1,"url":"/roster.aspx?path=jvbball","separator":false,"open_in_new_window":false,"sport_id_association":null,"sport":{"id":0,"title":null,"abbreviation":null,"shortname":null,"short_title":null,"global_sport_id":null,"non_sport":false,"show_at_vs":false,"global_sport_shortname":null,"gender":null,"youtube":null,"facebook":null,"twitter":null,"instagram":null,"pinterest":null,"tickets":null,"global_sport_name_slug":null,"url":null,"ranking":null,"game_synonym":null},"class_name":null,"social_media_links":null,"schedule_roster_news_links":null,"items":null,"stats":null,"tickets":null,"youtube":null},{"id":4,"title":"Statistics","short_title":null,"rank":6,"column":1,"url":"http://www.wbuathletics.com/cumestats.aspx?path=baseball&year=2021&","separator":false,"open_in_new_window":false,"sport_id_association":1,"sport":{"id":1,"title":"Baseball","abbreviation":"BB","shortname":"baseball","short_title":"BSBL","global_sport_id":null,"non_sport":false,"show_at_vs":false,"global_sport_shortname":"baseball","gender":null,"youtube":null,"facebook":null,"twitter":null,"instagram":null,"pinterest":null,"tickets":null,"global_sport_name_slug":null,"url":null,"ranking":null,"game_synonym":null},"class_name":null,"social_media_links":null,"schedule_roster_news_links":null,"items":null,"stats":null,"tickets":null,"youtube":null},{"id":5,"title":"Archived Stories","short_title":null,"rank":11,"column":1,"url":"/archives.aspx?path=baseball","separator":false,"open_in_new_window":false,"sport_id_association":1,"sport":{"id":1,"title":"Baseball","abbreviation":"BB","shortname":"baseball","short_title":"BSBL","global_sport_id":null,"non_sport":false,"show_at_vs":false,"global_sport_shortname":"baseball","gender":null,"youtube":null,"facebook":null,"twitter":null,"instagram":null,"pinterest":null,"tickets":null,"global_sport_name_slug":null,"url":null,"ranking":null,"game_synonym":null},"class_name":null,"social_media_links":null,"schedule_roster_news_links":null,"items":null,"stats":null,"tickets":null,"youtube":null},{"id":188,"title":"Galleries","short_title":null,"rank":12,"column":1,"url":"https://wbuathletics.com/galleries/?","separator":false,"open_in_new_window":true,"sport_id_association":null,"sport":{"id":0,"title":null,"abbreviation":null,"shortname":null,"short_title":null,"global_sport_id":null,"non_sport":false,"show_at_vs":false,"global_sport_shortname":null,"gender":null,"youtube":null,"facebook":null,"twitter":null,"instagram":null,"pinterest":null,"tickets":null,"global_sport_name_slug":null,"url":null,"ranking":null,"game_synonym":null},"class_name":null,"social_media_links":null,"schedule_roster_news_links":null,"items":null,"stats":null,"tickets":null,"youtube":null},{"id":199,"title":"Play NAIA","short_title":null,"rank":14,"column":1,"url":"http://www.playnaia.org/","separator":false,"open_in_new_window":false,"sport_id_association":null,"sport":{"id":0,"title":null,"abbreviation":null,"shortname":null,"short_title":null,"global_sport_id":null,"non_sport":false,"show_at_vs":false,"global_sport_shortname":null,"gender":null,"youtube":null,"facebook":null,"twitter":null,"instagram":null,"pinterest":null,"tickets":null,"global_sport_name_slug":null,"url":null,"ranking":null,"game_synonym":null},"class_name":null,"social_media_links":null,"schedule_roster_news_links":null,"items":null,"stats":null,"tickets":null,"youtube":null}],"stats":null,"tickets":null,"youtube":null}],"mode":"web"};
    if (!("sidearmComponents" in window))
        window.sidearmComponents = [];
    window.sidearmComponents.push(obj);
</script>

<navigation-component params="{ id: '51632ea1-c618-492c-965e-c2d958017f05' }"></navigation-component>



<!-- ko if: false -->
<div class="hide">

    <a href="/index.aspx?path=baseball">Baseball</a>

    <a href="/schedule.aspx?path=baseball">Schedule</a>

    <a href="/roster.aspx?path=baseball">Roster</a>

    <a href="https://naiastats.prestosports.com/sports/bsb/2020-21/teams/waylandbaptist">NAIA Statistics</a>

    <a href="/sports/2012/10/19/BB_1019123439.aspx">Records</a>

    <a href="/sb_output.aspx?form=3">Recruits</a>

    <a href="https://give.wbu.edu/?x=baseball">Donate</a>

    <a href="#">Additional Links</a>

</div>
<!-- /ko -->
                    </nav>
                
            </header>

			<main class="main-content-placeholder" id="main-content">
				
	
    <article class="box-score baseball sidearm-responsive ">
    	<div id="print-bar">
			
		    <span>
			    <a href="/baseball/2021/boxscore/vs--25-midamerica-nazarene-university/7362/pdf"><i class="icon-pdf"></i>View PDF</a>
			</span>
			
		</div>

		
        <h2 class="hide text-center text-uppercase hide-on-medium-down">MidAmerica Nazarene  (0-1) -vs- Wayland Baptist  (1-0)</h2>
    

    <div class="panel">
        <div class="row">
            <div class="large-8 columns large-centered">
                <figure class="info-graphic logos-on-side relative">
                    <div class="row pad no-print">
                        <div class="team away large-3 x-small-4 columns text-center">
                            <img src="/services/logo_handler.ashx?image_path=/images/logos/manu_logo.png&width=200&height=200" alt="MidAmerica Nazarene logo">
				            <span class="hide-on-large">6</span>
                        </div>      
                        <div class="bracket hide-on-large">
                            <span>vs</span>
                            <hr>
                        </div>              
                        <div class="team home large-3 push-4 x-small-4 columns text-center">
				            <span class="hide-on-large">7</span>
                            <img src="/services/logo_handler.ashx?image_path=/images/logos/site/site.png&width=200&height=200" alt="Wayland Baptist logo">
                        </div>
                    </div>
					<div class="row pad hide-on-large text-italic text-center no-print">
                        <div class="x-small-4 columns">
                                                    
                                <span>0-1</span>
                            
                        </div>
                        <div class="push-4 x-small-4 columns left no-print">
                                                    
                                <span>1-0</span>
                            
                        </div>
                    </div>
                    <figcaption>
                        <table class="sidearm-table">
                            <caption>Team Score By Innings</caption>
                            <thead>
                                <tr>
                                    <th scope="col">Team</th>
                                    
                                        <th scope="col">1</th>
                                    
                                        <th scope="col">2</th>
                                    
                                        <th scope="col">3</th>
                                    
                                        <th scope="col">4</th>
                                    
                                        <th scope="col">5</th>
                                    
                                        <th scope="col">6</th>
                                    
                                        <th scope="col">7</th>
                                    
                                    <th scope="col">R</th>
                                    <th scope="col">H</th>
                                    <th scope="col">E</th>
                                </tr>
                            </thead>
                            <tbody>
                                <tr>
                                    <th scope="row">
                                        
										<span class="hide-on-x-large">MNU</span>
										<span class="hide-on-large-down">MidAmerica Nazarene</span>
									</th>
                                    
                                        <td>0</td>
                                    
                                        <td>0</td>
                                    
                                        <td>4</td>
                                    
                                        <td>0</td>
                                    
                                        <td>0</td>
                                    
                                        <td>1</td>
                                    
                                        <td>1</td>
                                    
                                    <td class="emphasize">6</td>
                                    <td class="emphasize">8</td>
                                    <td class="emphasize">1</td>
                                </tr>
                                <tr>
                                    <th scope="row">
                                        
                                            <span class="boxscore-winner" aria-label="Winner" title="Winner"></span>
                                        
										<span class="hide-on-x-large">WAY</span>
										<span class="hide-on-large-down">Wayland Baptist</span>
									</th>
                                    
                                        <td>1 </td>
                                    
                                        <td>0 </td>
                                    
                                        <td>0 </td>
                                    
                                        <td>3 </td>
                                    
                                        <td>0 </td>
                                    
                                        <td>0 </td>
                                    
                                        <td>3 </td>
                                    
                                    <td class="emphasize">7</td>
                                    <td class="emphasize">6</td>
                                    <td class="emphasize">2</td>
                                </tr>
                            </tbody>
                        </table>

                        <dl class="text-center inline">
                             <dt>W:</dt><dd><a href='/roster.aspx?rp_id=7195' class='boxscore_player_link'>Jones</a> (1-0)</dd>

                            <dt>L:</dt><dd>Castro (0-1)</dd>

                            
                        </dl>
                    </figcaption>
                </figure>
            </div>

            <div class="large-8 columns large-centered">
                <aside class="game-details">
                    
                        <h3 class="hide">Game Details</h3>
                    
                    <dl>
                        <dt>Date</dt>
                        <dd>1/29/2021</dd>

                        <dt>Start</dt>
                        <dd>2:00 PM</dd>

                        <dt>Time</dt>
                        <dd>2:04</dd>

					    <dt>Attendance</dt><dd>50</dd>
						<dt>Site</dt><dd>Plainview, Texas (Wilder Field)</dd>
						
                   
                        
					        <dt>VIEW</dt>
					        <dd><a class="game-details-history-link" href="/sports/baseball/opponent-history/-25-midamerica-nazarene-university/82">Match History vs MidAmerica Nazarene</a></dd>	
                        
                    </dl>
                </aside>
            </div>
        </div>
    </div>
   
    <div class="sidearm-responsive-tabs main-tabs" ui-tabs="" tabs-mobile-select="">
        <ul class="hide-on-medium-down no-print">
            <li><a href="#box-score">Box Score</a></li>
            
                <li><a href="#play-by-play">Play-By-Play</a></li>
            
            <li><a href="#composite-stats">Composite Stats</a></li>            
        </ul>

        <label for="box-score-select" class="hide">Box Score Menu</label>
        <select id="box-score-select" class="ui-tabs-select hide-on-large">
                
        </select>

        <section id="box-score">
            
                <h3 class="hide">Box Score</h3>
            
                
            <section class="panel" aria-label="Scoring Summary">
                
                    <h4 class="hide">Scoring Summary</h4>
                
                <div class="row pad">
			        
				        <table class="sidearm-table scoring-summary">
                            <caption>Scoring Summary</caption>
					        <thead>
						        <tr>    
                                    <th scope="col" class="text-hide hide-on-medium-down">Logo</th>                                        
							        <th scope="col" class="text-hide hide-on-small-down">Team</th>
                                    <th class="hide-on-medium" scope="col"><span class="hide">Team Color Indicator</span></th>
                                    <th scope="col" class="hide-on-small-down text-hide">Inning</th>
                                    <th scope="col" class="text-hide">Play Description</th>
							        <th scope="col">MNU</th>
							        <th scope="col">WAY</th>
						        </tr>
					        </thead>
					        <tbody>
						        
							        <tr>                                            
                                        <td class="hide-on-medium-down"><img src="/services/logo_handler.ashx?image_path=/images/logos/site/site.png&width=20&height=20" alt="Wayland Baptist"></td>
								        <th scope="row" class="hide-on-small-down">WAY</th>
								        <td class="hide-on-medium play opponent"></td>
                                        <td class="text-center hide-on-small-down">1st</td>
								        <td>
                                            <span class="hide-on-medium text-bold">1st - </span>
                                            Vargas homered to center field, RBI (1-2 BSS).
								        </td>
								        <td class="text-center">0</td>
								        <td class="text-center">1</td>
							        </tr>
						        
							        <tr>                                            
                                        <td class="hide-on-medium-down"><img src="/services/logo_handler.ashx?image_path=/images/logos/manu_logo.png&width=20&height=20" alt="MidAmerica Nazarene"></td>
								        <th scope="row" class="hide-on-small-down">MNU</th>
								        <td class="hide-on-medium play opponent"></td>
                                        <td class="text-center hide-on-small-down">3rd</td>
								        <td>
                                            <span class="hide-on-medium text-bold">3rd - </span>
                                            Rellihan grounded out to 2b, RBI (0-1 K); Healy advanced to second; Morris advanced to third; Fernandez scored.
								        </td>
								        <td class="text-center">1</td>
								        <td class="text-center">1</td>
							        </tr>
						        
							        <tr>                                            
                                        <td class="hide-on-medium-down"><img src="/services/logo_handler.ashx?image_path=/images/logos/manu_logo.png&width=20&height=20" alt="MidAmerica Nazarene"></td>
								        <th scope="row" class="hide-on-small-down">MNU</th>
								        <td class="hide-on-medium play opponent"></td>
                                        <td class="text-center hide-on-small-down">3rd</td>
								        <td>
                                            <span class="hide-on-medium text-bold">3rd - </span>
                                            Sandoval homered to right center, 3 RBI (2-2 SFBB); Healy scored; Morris scored.
								        </td>
								        <td class="text-center">4</td>
								        <td class="text-center">1</td>
							        </tr>
						        
							        <tr>                                            
                                        <td class="hide-on-medium-down"><img src="/services/logo_handler.ashx?image_path=/images/logos/site/site.png&width=20&height=20" alt="Wayland Baptist"></td>
								        <th scope="row" class="hide-on-small-down">WAY</th>
								        <td class="hide-on-medium play opponent"></td>
                                        <td class="text-center hide-on-small-down">4th</td>
								        <td>
                                            <span class="hide-on-medium text-bold">4th - </span>
                                            Green homered to left field, 3 RBI (0-1 K); Santos scored; Rivera scored.
								        </td>
								        <td class="text-center">4</td>
								        <td class="text-center">4</td>
							        </tr>
						        
							        <tr>                                            
                                        <td class="hide-on-medium-down"><img src="/services/logo_handler.ashx?image_path=/images/logos/manu_logo.png&width=20&height=20" alt="MidAmerica Nazarene"></td>
								        <th scope="row" class="hide-on-small-down">MNU</th>
								        <td class="hide-on-medium play opponent"></td>
                                        <td class="text-center hide-on-small-down">6th</td>
								        <td>
                                            <span class="hide-on-medium text-bold">6th - </span>
                                            Freeman stole second, advanced to third on an error by ss; Elam scored on an error by ss, unearned.
								        </td>
								        <td class="text-center">5</td>
								        <td class="text-center">4</td>
							        </tr>
						        
							        <tr>                                            
                                        <td class="hide-on-medium-down"><img src="/services/logo_handler.ashx?image_path=/images/logos/manu_logo.png&width=20&height=20" alt="MidAmerica Nazarene"></td>
								        <th scope="row" class="hide-on-small-down">MNU</th>
								        <td class="hide-on-medium play opponent"></td>
                                        <td class="text-center hide-on-small-down">7th</td>
								        <td>
                                            <span class="hide-on-medium text-bold">7th - </span>
                                            Healy singled to center field, RBI (3-2 BSBFB); Morris scored, unearned.
								        </td>
								        <td class="text-center">6</td>
								        <td class="text-center">4</td>
							        </tr>
						        
							        <tr>                                            
                                        <td class="hide-on-medium-down"><img src="/services/logo_handler.ashx?image_path=/images/logos/site/site.png&width=20&height=20" alt="Wayland Baptist"></td>
								        <th scope="row" class="hide-on-small-down">WAY</th>
								        <td class="hide-on-medium play opponent"></td>
                                        <td class="text-center hide-on-small-down">7th</td>
								        <td>
                                            <span class="hide-on-medium text-bold">7th - </span>
                                            Ozuna homered to left field, 3 RBI (1-1 KB); Deatherage scored; Goncalves scored.
								        </td>
								        <td class="text-center">6</td>
								        <td class="text-center">7</td>
							        </tr>
						        
					        </tbody>
					        <tfoot>
						        <tr>
                                    <td class="hide-on-medium-down"></td>
							        <th scope="row" class="text-hide hide-on-small-down">Totals</th>
                                    <td class="hide-on-medium"></td>
                                    <td class="hide-on-small-down"></td>
                                    <td></td>
							        <td class="text-center">6</td>
							        <td class="text-center">7</td>
						        </tr>
					        </tfoot>
				        </table>
			        		
                </div>
            </section>

            <section class="panel" aria-label="Team Individual Statistics">
                
                    <h4 class="hide">Team Individual Statistics</h4>
                
                <div class="row">
                    <div class="x-large-6 columns">
                        <table class="sidearm-table" sortable-table="">
                            <caption>MidAmerica Nazarene 6</caption>
                            <thead>
                                <tr>
                                    <th class="text-hide hide-on-small-down" scope="col">Position</th>
                                    <th class="text-left" scope="col">Player</th>
                                    <th class="text-center" title="At Bats" scope="col">AB</th>
                                    <th class="text-center" title="Runs Scored" scope="col">R</th>
                                    <th class="text-center" title="Hits" scope="col">H</th>
                                    <th class="text-center" title="Runs Batted In" scope="col">RBI</th>
                                    <th class="text-center" title="Walks" scope="col">BB</th>
                                    <th class="text-center" title="Strike Outs" scope="col">SO</th>
                                    <th class="text-center" title="Left On Base" scope="col">LOB</th>
                                </tr>
                            </thead>
                            <tbody>
                                
                                <tr>
                                    <td class="text-uppercase hide-on-small-down">dh</td>
                                    <th scope="row"><span class="hide-on-medium text-uppercase mobile-jersey-number">dh </span>Jenkins</th>
                                    <td class="text-center" data-label="AB">4</td>
                                    <td class="text-center" data-label="R">0</td>
                                    <td class="text-center" data-label="H">2</td>
                                    <td class="text-center" data-label="RBI">0</td>
                                    <td class="text-center" data-label="BB">0</td>
                                    <td class="text-center" data-label="SO">1</td>
                                    <td class="text-center" data-label="LOB">0</td>
                                </tr>
                                
                                <tr>
                                    <td class="text-uppercase hide-on-small-down">1b</td>
                                    <th scope="row"><span class="hide-on-medium text-uppercase mobile-jersey-number">1b </span>Rellihan</th>
                                    <td class="text-center" data-label="AB">4</td>
                                    <td class="text-center" data-label="R">0</td>
                                    <td class="text-center" data-label="H">1</td>
                                    <td class="text-center" data-label="RBI">1</td>
                                    <td class="text-center" data-label="BB">0</td>
                                    <td class="text-center" data-label="SO">1</td>
                                    <td class="text-center" data-label="LOB">1</td>
                                </tr>
                                
                                <tr>
                                    <td class="text-uppercase hide-on-small-down">c</td>
                                    <th scope="row"><span class="hide-on-medium text-uppercase mobile-jersey-number">c </span>Sandoval</th>
                                    <td class="text-center" data-label="AB">3</td>
                                    <td class="text-center" data-label="R">1</td>
                                    <td class="text-center" data-label="H">1</td>
                                    <td class="text-center" data-label="RBI">3</td>
                                    <td class="text-center" data-label="BB">1</td>
                                    <td class="text-center" data-label="SO">0</td>
                                    <td class="text-center" data-label="LOB">0</td>
                                </tr>
                                
                                <tr>
                                    <td class="text-uppercase hide-on-small-down">pr</td>
                                    <th scope="row">&nbsp;&nbsp;&nbsp;&nbsp;<span class="hide-on-medium text-uppercase mobile-jersey-number">pr </span>Elam</th>
                                    <td class="text-center" data-label="AB">0</td>
                                    <td class="text-center" data-label="R">1</td>
                                    <td class="text-center" data-label="H">0</td>
                                    <td class="text-center" data-label="RBI">0</td>
                                    <td class="text-center" data-label="BB">0</td>
                                    <td class="text-center" data-label="SO">0</td>
                                    <td class="text-center" data-label="LOB">0</td>
                                </tr>
                                
                                <tr>
                                    <td class="text-uppercase hide-on-small-down">rf</td>
                                    <th scope="row"><span class="hide-on-medium text-uppercase mobile-jersey-number">rf </span>Freeman</th>
                                    <td class="text-center" data-label="AB">4</td>
                                    <td class="text-center" data-label="R">0</td>
                                    <td class="text-center" data-label="H">1</td>
                                    <td class="text-center" data-label="RBI">0</td>
                                    <td class="text-center" data-label="BB">0</td>
                                    <td class="text-center" data-label="SO">0</td>
                                    <td class="text-center" data-label="LOB">2</td>
                                </tr>
                                
                                <tr>
                                    <td class="text-uppercase hide-on-small-down">3b</td>
                                    <th scope="row"><span class="hide-on-medium text-uppercase mobile-jersey-number">3b </span>Sherwood</th>
                                    <td class="text-center" data-label="AB">3</td>
                                    <td class="text-center" data-label="R">0</td>
                                    <td class="text-center" data-label="H">0</td>
                                    <td class="text-center" data-label="RBI">0</td>
                                    <td class="text-center" data-label="BB">0</td>
                                    <td class="text-center" data-label="SO">2</td>
                                    <td class="text-center" data-label="LOB">0</td>
                                </tr>
                                
                                <tr>
                                    <td class="text-uppercase hide-on-small-down">cf</td>
                                    <th scope="row"><span class="hide-on-medium text-uppercase mobile-jersey-number">cf </span>Leo</th>
                                    <td class="text-center" data-label="AB">3</td>
                                    <td class="text-center" data-label="R">0</td>
                                    <td class="text-center" data-label="H">0</td>
                                    <td class="text-center" data-label="RBI">0</td>
                                    <td class="text-center" data-label="BB">0</td>
                                    <td class="text-center" data-label="SO">1</td>
                                    <td class="text-center" data-label="LOB">0</td>
                                </tr>
                                
                                <tr>
                                    <td class="text-uppercase hide-on-small-down">2b</td>
                                    <th scope="row"><span class="hide-on-medium text-uppercase mobile-jersey-number">2b </span>Fernandez</th>
                                    <td class="text-center" data-label="AB">3</td>
                                    <td class="text-center" data-label="R">1</td>
                                    <td class="text-center" data-label="H">1</td>
                                    <td class="text-center" data-label="RBI">0</td>
                                    <td class="text-center" data-label="BB">0</td>
                                    <td class="text-center" data-label="SO">0</td>
                                    <td class="text-center" data-label="LOB">1</td>
                                </tr>
                                
                                <tr>
                                    <td class="text-uppercase hide-on-small-down">lf</td>
                                    <th scope="row"><span class="hide-on-medium text-uppercase mobile-jersey-number">lf </span>Morris</th>
                                    <td class="text-center" data-label="AB">2</td>
                                    <td class="text-center" data-label="R">2</td>
                                    <td class="text-center" data-label="H">1</td>
                                    <td class="text-center" data-label="RBI">0</td>
                                    <td class="text-center" data-label="BB">1</td>
                                    <td class="text-center" data-label="SO">1</td>
                                    <td class="text-center" data-label="LOB">0</td>
                                </tr>
                                
                                <tr>
                                    <td class="text-uppercase hide-on-small-down">ss</td>
                                    <th scope="row"><span class="hide-on-medium text-uppercase mobile-jersey-number">ss </span>Healy</th>
                                    <td class="text-center" data-label="AB">2</td>
                                    <td class="text-center" data-label="R">1</td>
                                    <td class="text-center" data-label="H">1</td>
                                    <td class="text-center" data-label="RBI">1</td>
                                    <td class="text-center" data-label="BB">0</td>
                                    <td class="text-center" data-label="SO">1</td>
                                    <td class="text-center" data-label="LOB">0</td>
                                </tr>
                                
                                <tr>
                                    <td class="text-uppercase hide-on-small-down">p</td>
                                    <th scope="row"><span class="hide-on-medium text-uppercase mobile-jersey-number">p </span>Garrett</th>
                                    <td class="text-center" data-label="AB">0</td>
                                    <td class="text-center" data-label="R">0</td>
                                    <td class="text-center" data-label="H">0</td>
                                    <td class="text-center" data-label="RBI">0</td>
                                    <td class="text-center" data-label="BB">0</td>
                                    <td class="text-center" data-label="SO">0</td>
                                    <td class="text-center" data-label="LOB">0</td>
                                </tr>
                                
                                <tr>
                                    <td class="text-uppercase hide-on-small-down">p</td>
                                    <th scope="row">&nbsp;&nbsp;&nbsp;&nbsp;<span class="hide-on-medium text-uppercase mobile-jersey-number">p </span>Castro</th>
                                    <td class="text-center" data-label="AB">0</td>
                                    <td class="text-center" data-label="R">0</td>
                                    <td class="text-center" data-label="H">0</td>
                                    <td class="text-center" data-label="RBI">0</td>
                                    <td class="text-center" data-label="BB">0</td>
                                    <td class="text-center" data-label="SO">0</td>
                                    <td class="text-center" data-label="LOB">0</td>
                                </tr>
                                
                            </tbody>
                            <tfoot>
                                <tr>              
                                    <td class="hide-on-small-down"></td>          
                                    <th scope="row">Totals</th>
                                    
                                    <td class="text-center" data-label="AB">28</td>
                                    <td class="text-center" data-label="R">6</td>
                                    <td class="text-center" data-label="H">8</td>
                                    <td class="text-center" data-label="RBI">5</td>
                                    <td class="text-center" data-label="BB">2</td>
                                    <td class="text-center" data-label="SO">7</td>
                                    <td class="text-center" data-label="LOB">4</td>
                                </tr>
                            </tfoot>
                        </table>

                           
                                
                        <dl class="special-stats">           
						
							<dt>Batting</dt>
                            <dd>
                                <dl>
                                <dt>2B:</dt><dd>Morris (1)</dd>
								
								<dt>HR:</dt><dd>Sandoval (1)</dd>
								
								
                                </dl>
                            </dd>															
						
							<dt>Baserunning</dt>
                            <dd>
                                <dl>
								<dt>SB:</dt><dd>Freeman (1); Fernandez (2)</dd>
								<dt>CS:</dt><dd>Healy (1)</dd>
								<dt>HBP:</dt><dd>Healy (1)</dd>																
																								
							    </dl>
                            </dd>				
						
							<dt>Fielding</dt>
                            <dd>
                                <dl>
								<dt>E:</dt><dd>Garrett (1)</dd>									
							    </dl>
                            </dd>						
						
						</dl>
                    </div>

                    <div class="x-large-6 columns">
                        <table class="sidearm-table" sortable-table="">
                            <caption>Wayland Baptist 7</caption>
                            <thead>
                                <tr>
                                    <th scope="col" class="text-hide hide-on-small-down">Position</th>
                                    <th class="text-left" scope="col">Player</th>
                                    <th class="text-center" title="At Bats" scope="col">AB</th>
                                    <th class="text-center" title="Runs Scored" scope="col">R</th>
                                    <th class="text-center" title="Hits" scope="col">H</th>
                                    <th class="text-center" title="Runs Batted In" scope="col">RBI</th>
                                    <th class="text-center" title="Walks" scope="col">BB</th>
                                    <th class="text-center" title="Strike Outs" scope="col">SO</th>
                                    <th class="text-center" title="Left On Base" scope="col">LOB</th>
                                </tr>
                            </thead>
                            <tbody>
                                
                                <tr>
                                    <td class="text-uppercase hide-on-small-down">ss</td>
                                    <th scope="row"><span class="hide-on-medium text-uppercase mobile-jersey-number">ss </span><a href='/roster.aspx?rp_id=7180' class='boxscore_player_link'>Ozuna</a></th>
                                    <td class="text-center" data-label="AB">4</td>
                                    <td class="text-center" data-label="R">1</td>
                                    <td class="text-center" data-label="H">1</td>
                                    <td class="text-center" data-label="RBI">3</td>
                                    <td class="text-center" data-label="BB">0</td>
                                    <td class="text-center" data-label="SO">0</td>
                                    <td class="text-center" data-label="LOB">0</td>
                                </tr>
                                
                                <tr>
                                    <td class="text-uppercase hide-on-small-down">2b</td>
                                    <th scope="row"><span class="hide-on-medium text-uppercase mobile-jersey-number">2b </span><a href='/roster.aspx?rp_id=7200' class='boxscore_player_link'>Collazo</a></th>
                                    <td class="text-center" data-label="AB">3</td>
                                    <td class="text-center" data-label="R">0</td>
                                    <td class="text-center" data-label="H">1</td>
                                    <td class="text-center" data-label="RBI">0</td>
                                    <td class="text-center" data-label="BB">0</td>
                                    <td class="text-center" data-label="SO">0</td>
                                    <td class="text-center" data-label="LOB">0</td>
                                </tr>
                                
                                <tr>
                                    <td class="text-uppercase hide-on-small-down">cf</td>
                                    <th scope="row"><span class="hide-on-medium text-uppercase mobile-jersey-number">cf </span><a href='/roster.aspx?rp_id=7192' class='boxscore_player_link'>Vargas</a></th>
                                    <td class="text-center" data-label="AB">3</td>
                                    <td class="text-center" data-label="R">1</td>
                                    <td class="text-center" data-label="H">1</td>
                                    <td class="text-center" data-label="RBI">1</td>
                                    <td class="text-center" data-label="BB">0</td>
                                    <td class="text-center" data-label="SO">1</td>
                                    <td class="text-center" data-label="LOB">1</td>
                                </tr>
                                
                                <tr>
                                    <td class="text-uppercase hide-on-small-down">3b</td>
                                    <th scope="row"><span class="hide-on-medium text-uppercase mobile-jersey-number">3b </span><a href='/roster.aspx?rp_id=7179' class='boxscore_player_link'>Rivera</a></th>
                                    <td class="text-center" data-label="AB">2</td>
                                    <td class="text-center" data-label="R">1</td>
                                    <td class="text-center" data-label="H">0</td>
                                    <td class="text-center" data-label="RBI">0</td>
                                    <td class="text-center" data-label="BB">0</td>
                                    <td class="text-center" data-label="SO">1</td>
                                    <td class="text-center" data-label="LOB">0</td>
                                </tr>
                                
                                <tr>
                                    <td class="text-uppercase hide-on-small-down">1b</td>
                                    <th scope="row"><span class="hide-on-medium text-uppercase mobile-jersey-number">1b </span><a href='/roster.aspx?rp_id=7197' class='boxscore_player_link'>Santos</a></th>
                                    <td class="text-center" data-label="AB">3</td>
                                    <td class="text-center" data-label="R">1</td>
                                    <td class="text-center" data-label="H">1</td>
                                    <td class="text-center" data-label="RBI">0</td>
                                    <td class="text-center" data-label="BB">0</td>
                                    <td class="text-center" data-label="SO">1</td>
                                    <td class="text-center" data-label="LOB">0</td>
                                </tr>
                                
                                <tr>
                                    <td class="text-uppercase hide-on-small-down">c</td>
                                    <th scope="row"><span class="hide-on-medium text-uppercase mobile-jersey-number">c </span><a href='/roster.aspx?rp_id=7186' class='boxscore_player_link'>Green</a></th>
                                    <td class="text-center" data-label="AB">3</td>
                                    <td class="text-center" data-label="R">1</td>
                                    <td class="text-center" data-label="H">1</td>
                                    <td class="text-center" data-label="RBI">3</td>
                                    <td class="text-center" data-label="BB">0</td>
                                    <td class="text-center" data-label="SO">0</td>
                                    <td class="text-center" data-label="LOB">0</td>
                                </tr>
                                
                                <tr>
                                    <td class="text-uppercase hide-on-small-down">rf</td>
                                    <th scope="row"><span class="hide-on-medium text-uppercase mobile-jersey-number">rf </span><a href='/roster.aspx?rp_id=7185' class='boxscore_player_link'>Goncalves</a></th>
                                    <td class="text-center" data-label="AB">3</td>
                                    <td class="text-center" data-label="R">1</td>
                                    <td class="text-center" data-label="H">1</td>
                                    <td class="text-center" data-label="RBI">0</td>
                                    <td class="text-center" data-label="BB">0</td>
                                    <td class="text-center" data-label="SO">1</td>
                                    <td class="text-center" data-label="LOB">0</td>
                                </tr>
                                
                                <tr>
                                    <td class="text-uppercase hide-on-small-down">lf</td>
                                    <th scope="row"><span class="hide-on-medium text-uppercase mobile-jersey-number">lf </span><a href='/roster.aspx?rp_id=7188' class='boxscore_player_link'>Adams</a></th>
                                    <td class="text-center" data-label="AB">3</td>
                                    <td class="text-center" data-label="R">0</td>
                                    <td class="text-center" data-label="H">0</td>
                                    <td class="text-center" data-label="RBI">0</td>
                                    <td class="text-center" data-label="BB">0</td>
                                    <td class="text-center" data-label="SO">0</td>
                                    <td class="text-center" data-label="LOB">1</td>
                                </tr>
                                
                                <tr>
                                    <td class="text-uppercase hide-on-small-down">dh</td>
                                    <th scope="row"><span class="hide-on-medium text-uppercase mobile-jersey-number">dh </span><a href='/roster.aspx?rp_id=7199' class='boxscore_player_link'>Deatherage</a></th>
                                    <td class="text-center" data-label="AB">1</td>
                                    <td class="text-center" data-label="R">1</td>
                                    <td class="text-center" data-label="H">0</td>
                                    <td class="text-center" data-label="RBI">0</td>
                                    <td class="text-center" data-label="BB">2</td>
                                    <td class="text-center" data-label="SO">0</td>
                                    <td class="text-center" data-label="LOB">0</td>
                                </tr>
                                
                                <tr>
                                    <td class="text-uppercase hide-on-small-down">p</td>
                                    <th scope="row"><span class="hide-on-medium text-uppercase mobile-jersey-number">p </span><a href='/roster.aspx?rp_id=7178' class='boxscore_player_link'>Solomon</a></th>
                                    <td class="text-center" data-label="AB">0</td>
                                    <td class="text-center" data-label="R">0</td>
                                    <td class="text-center" data-label="H">0</td>
                                    <td class="text-center" data-label="RBI">0</td>
                                    <td class="text-center" data-label="BB">0</td>
                                    <td class="text-center" data-label="SO">0</td>
                                    <td class="text-center" data-label="LOB">0</td>
                                </tr>
                                
                                <tr>
                                    <td class="text-uppercase hide-on-small-down">p</td>
                                    <th scope="row">&nbsp;&nbsp;&nbsp;&nbsp;<span class="hide-on-medium text-uppercase mobile-jersey-number">p </span><a href='/roster.aspx?rp_id=7181' class='boxscore_player_link'>Jackson</a></th>
                                    <td class="text-center" data-label="AB">0</td>
                                    <td class="text-center" data-label="R">0</td>
                                    <td class="text-center" data-label="H">0</td>
                                    <td class="text-center" data-label="RBI">0</td>
                                    <td class="text-center" data-label="BB">0</td>
                                    <td class="text-center" data-label="SO">0</td>
                                    <td class="text-center" data-label="LOB">0</td>
                                </tr>
                                
                                <tr>
                                    <td class="text-uppercase hide-on-small-down">p</td>
                                    <th scope="row">&nbsp;&nbsp;&nbsp;&nbsp;<span class="hide-on-medium text-uppercase mobile-jersey-number">p </span><a href='/roster.aspx?rp_id=7195' class='boxscore_player_link'>Jones</a></th>
                                    <td class="text-center" data-label="AB">0</td>
                                    <td class="text-center" data-label="R">0</td>
                                    <td class="text-center" data-label="H">0</td>
                                    <td class="text-center" data-label="RBI">0</td>
                                    <td class="text-center" data-label="BB">0</td>
                                    <td class="text-center" data-label="SO">0</td>
                                    <td class="text-center" data-label="LOB">0</td>
                                </tr>
                                
                            </tbody>
                            <tfoot>
                                <tr>   
                                    <td class="hide-on-small-down"></td>                     
                                    <th scope="row">Totals</th>
                                    
                                    <td class="text-center" data-label="AB">25</td>
                                    <td class="text-center" data-label="R">7</td>
                                    <td class="text-center" data-label="H">6</td>
                                    <td class="text-center" data-label="RBI">7</td>
                                    <td class="text-center" data-label="BB">2</td>
                                    <td class="text-center" data-label="SO">4</td>
                                    <td class="text-center" data-label="LOB">2</td>
                                </tr>
                            </tfoot>
                        </table> 

                        

                        <dl class="special-stats">
						
							<dt>Batting</dt>
                            <dd>
                                <dl>
								<dt>2B:</dt><dd><a href='/roster.aspx?rp_id=7185' class='boxscore_player_link'>Goncalves</a> (1)</dd>
								
								<dt>HR:</dt><dd><a href='/roster.aspx?rp_id=7180' class='boxscore_player_link'>Ozuna</a> (1); <a href='/roster.aspx?rp_id=7192' class='boxscore_player_link'>Vargas</a> (1); <a href='/roster.aspx?rp_id=7186' class='boxscore_player_link'>Green</a> (1)</dd>
								
								
							    </dl>
                            </dd>								
						
							<dt>Baserunning</dt>
                            <dd>
                                <dl>
								
								<dt>CS:</dt><dd><a href='/roster.aspx?rp_id=7200' class='boxscore_player_link'>Collazo</a> (1)</dd>
								<dt>HBP:</dt><dd><a href='/roster.aspx?rp_id=7179' class='boxscore_player_link'>Rivera</a> (1)</dd>																
																								
							    </dl>
                            </dd>				
													
							<dt>Fielding</dt>
                            <dd>
                                <dl>
								    <dt>E:</dt><dd><a href='/roster.aspx?rp_id=7180' class='boxscore_player_link'>Ozuna</a> (1); <a href='/roster.aspx?rp_id=7186' class='boxscore_player_link'>Green</a> (1)</dd>									
							    </dl>
                            </dd>						
						
						</dl>
                    </div>
                </div>
            </section>

            <section class="panel" aria-label="Team Individual Pitching Statistics">
                
                    <h4 class="hide">Team Individual Pitching Statistics</h4>
                
                <div class="row pad">
                    <table class="sidearm-table" sortable-table="">
                        <caption>MidAmerica Nazarene<span class="hide"> - Pitching Stats</span></caption>
                        <thead>
                            <tr>
                                <th scope="col" class="text-hide">Player</th>
                                <th class="text-center" scope="col">IP</th>
                                <th class="text-center" scope="col">H</th>
                                <th class="text-center" scope="col">R</th>
                                <th class="text-center" scope="col">ER</th>
                                <th class="text-center" scope="col">BB</th>
                                <th class="text-center" scope="col">SO</th>
                                <th class="text-center hide-on-small-down" scope="col">WP</th>
                                <th class="text-center hide-on-small-down" scope="col">BK</th>
                                <th class="text-center hide-on-small-down" scope="col">HBP</th>
                                <th class="text-center hide-on-small-down" scope="col">IBB</th>
                                <th class="text-center hide-on-small-down" scope="col">AB</th>
                                <th class="text-center hide-on-small-down" scope="col">BF</th>
                                <th class="text-center hide-on-small-down" scope="col">FO</th>
                                <th class="text-center hide-on-small-down" scope="col">GO</th>
							    <th class="text-center hide-on-small-down" scope="col">NP</th>
                            </tr> 
                        </thead>
                        <tbody> 
                            
                                <tr>
                                    <th scope="row">Garrett 
                                        
                                    </th>
                                    <td class="text-center" data-label="IP">4.0</td>
                                    <td class="text-center" data-label="H">3</td>
                                    <td class="text-center" data-label="R">4</td>
                                    <td class="text-center" data-label="ER">4</td>
                                    <td class="text-center" data-label="BB">1</td>
                                    <td class="text-center" data-label="SO">2</td>
                                    <td class="text-center hide-on-small-down" data-label="WP">0</td>
                                    <td class="text-center hide-on-small-down" data-label="BK">0</td>
                                    <td class="text-center hide-on-small-down" data-label="HBP">1</td>
                                    <td class="text-center hide-on-small-down" data-label="IBB">0</td>
                                    <td class="text-center hide-on-small-down" data-label="AB">16</td>
                                    <td class="text-center hide-on-small-down" data-label="BF">18</td>
                                    <td class="text-center hide-on-small-down" data-label="FO">10</td>
                                    <td class="text-center hide-on-small-down" data-label="GO">0</td>
								    <td class="text-center hide-on-small-down" data-label="NP">47</td>								
                                </tr>
                            
                                <tr>
                                    <th scope="row">Castro (L, 0-1)
                                        
                                    </th>
                                    <td class="text-center" data-label="IP">2.1</td>
                                    <td class="text-center" data-label="H">3</td>
                                    <td class="text-center" data-label="R">3</td>
                                    <td class="text-center" data-label="ER">3</td>
                                    <td class="text-center" data-label="BB">1</td>
                                    <td class="text-center" data-label="SO">2</td>
                                    <td class="text-center hide-on-small-down" data-label="WP">0</td>
                                    <td class="text-center hide-on-small-down" data-label="BK">0</td>
                                    <td class="text-center hide-on-small-down" data-label="HBP">0</td>
                                    <td class="text-center hide-on-small-down" data-label="IBB">0</td>
                                    <td class="text-center hide-on-small-down" data-label="AB">9</td>
                                    <td class="text-center hide-on-small-down" data-label="BF">10</td>
                                    <td class="text-center hide-on-small-down" data-label="FO">0</td>
                                    <td class="text-center hide-on-small-down" data-label="GO">4</td>
								    <td class="text-center hide-on-small-down" data-label="NP">33</td>								
                                </tr>
                                                    
                        </tbody>
                        <tfoot>
                            <tr>
                                <th scope="row">Totals</th>
                                
                                <td>
                                <td class="text-center" data-label="H">6</td>
                                <td class="text-center" data-label="R">7</td>
                                <td class="text-center" data-label="ER">7</td>
                                <td class="text-center" data-label="BB">2</td>
                                <td class="text-center" data-label="SO">4</td>
                                <td class="text-center hide-on-small-down" data-label="WP">0</td>
                                <td class="text-center hide-on-small-down" data-label="BK">0</td>
                                <td class="text-center hide-on-small-down" data-label="HBP">1</td>
                                <td class="text-center hide-on-small-down" data-label="IBB">0</td>
                                <td class="text-center hide-on-small-down" data-label="AB">25</td>
                                <td class="text-center hide-on-small-down" data-label="BF">28</td>
                                <td class="text-center hide-on-small-down" data-label="FO">10</td>
                                <td class="text-center hide-on-small-down" data-label="GO">4</td>
							    <td class="text-center hide-on-small-down" data-label="NP">80</td>						
                            </td></tr>
                        </tfoot>
                    </table>
                        
                    <table class="sidearm-table" style="margin-top: 20px;" sortable-table="">
                        <caption>Wayland Baptist<span class="hide"> - Pitching Stats</span></caption>
                        <thead>
                            <tr>
                                <th scope="col" class="text-hide">Player</th>
                                <th class="text-center" scope="col">IP</th>
                                <th class="text-center" scope="col">H</th>
                                <th class="text-center" scope="col">R</th>
                                <th class="text-center" scope="col">ER</th>
                                <th class="text-center" scope="col">BB</th>
                                <th class="text-center" scope="col">SO</th>
                                <th class="text-center hide-on-small-down" scope="col">WP</th>
                                <th class="text-center hide-on-small-down" scope="col">BK</th>
                                <th class="text-center hide-on-small-down" scope="col">HBP</th>
                                <th class="text-center hide-on-small-down" scope="col">IBB</th>
                                <th class="text-center hide-on-small-down" scope="col">AB</th>
                                <th class="text-center hide-on-small-down" scope="col">BF</th>
                                <th class="text-center hide-on-small-down" scope="col">FO</th>
                                <th class="text-center hide-on-small-down" scope="col">GO</th>
							    <th class="text-center hide-on-small-down" scope="col">NP</th>
                            </tr> 
                        </thead>
                        <tbody>
                            
                                <tr>
                                    <th scope="row"><a href='/roster.aspx?rp_id=7178' class='boxscore_player_link'>Solomon</a> 
                                        
                                    </th>
                                    <td class="text-center" data-label="IP">4.0</td>
                                    <td class="text-center" data-label="H">2</td>
                                    <td class="text-center" data-label="R">4</td>
                                    <td class="text-center" data-label="ER">4</td>
                                    <td class="text-center" data-label="BB">1</td>
                                    <td class="text-center" data-label="SO">4</td>
                                    <td class="text-center hide-on-small-down" data-label="WP">0</td>
                                    <td class="text-center hide-on-small-down" data-label="BK">0</td>
                                    <td class="text-center hide-on-small-down" data-label="HBP">1</td>
                                    <td class="text-center hide-on-small-down" data-label="IBB">0</td>
                                    <td class="text-center hide-on-small-down" data-label="AB">14</td>
                                    <td class="text-center hide-on-small-down" data-label="BF">16</td>
                                    <td class="text-center hide-on-small-down" data-label="FO">3</td>
                                    <td class="text-center hide-on-small-down" data-label="GO">5</td>
								    <td class="text-center hide-on-small-down" data-label="NP">68</td>								
                                </tr>
                            
                                <tr>
                                    <th scope="row"><a href='/roster.aspx?rp_id=7181' class='boxscore_player_link'>Jackson</a> 
                                        
                                    </th>
                                    <td class="text-center" data-label="IP">2.1</td>
                                    <td class="text-center" data-label="H">6</td>
                                    <td class="text-center" data-label="R">2</td>
                                    <td class="text-center" data-label="ER">0</td>
                                    <td class="text-center" data-label="BB">1</td>
                                    <td class="text-center" data-label="SO">3</td>
                                    <td class="text-center hide-on-small-down" data-label="WP">0</td>
                                    <td class="text-center hide-on-small-down" data-label="BK">0</td>
                                    <td class="text-center hide-on-small-down" data-label="HBP">0</td>
                                    <td class="text-center hide-on-small-down" data-label="IBB">0</td>
                                    <td class="text-center hide-on-small-down" data-label="AB">12</td>
                                    <td class="text-center hide-on-small-down" data-label="BF">13</td>
                                    <td class="text-center hide-on-small-down" data-label="FO">2</td>
                                    <td class="text-center hide-on-small-down" data-label="GO">1</td>
								    <td class="text-center hide-on-small-down" data-label="NP">59</td>								
                                </tr>
                            
                                <tr>
                                    <th scope="row"><a href='/roster.aspx?rp_id=7195' class='boxscore_player_link'>Jones</a> (W, 1-0)
                                        
                                    </th>
                                    <td class="text-center" data-label="IP">0.2</td>
                                    <td class="text-center" data-label="H">0</td>
                                    <td class="text-center" data-label="R">0</td>
                                    <td class="text-center" data-label="ER">0</td>
                                    <td class="text-center" data-label="BB">0</td>
                                    <td class="text-center" data-label="SO">0</td>
                                    <td class="text-center hide-on-small-down" data-label="WP">0</td>
                                    <td class="text-center hide-on-small-down" data-label="BK">0</td>
                                    <td class="text-center hide-on-small-down" data-label="HBP">0</td>
                                    <td class="text-center hide-on-small-down" data-label="IBB">0</td>
                                    <td class="text-center hide-on-small-down" data-label="AB">2</td>
                                    <td class="text-center hide-on-small-down" data-label="BF">2</td>
                                    <td class="text-center hide-on-small-down" data-label="FO">1</td>
                                    <td class="text-center hide-on-small-down" data-label="GO">1</td>
								    <td class="text-center hide-on-small-down" data-label="NP">9</td>								
                                </tr>
                                                    
                        </tbody>
                        <tfoot>
                            <tr>
                                <th scope="row">Totals</th>
                                
                                <td>
                                <td class="text-center" data-label="H">8</td>
                                <td class="text-center" data-label="R">6</td>
                                <td class="text-center" data-label="ER">4</td>
                                <td class="text-center" data-label="BB">2</td>
                                <td class="text-center" data-label="SO">7</td>
                                <td class="text-center hide-on-small-down" data-label="WP">0</td>
                                <td class="text-center hide-on-small-down" data-label="BK">0</td>
                                <td class="text-center hide-on-small-down" data-label="HBP">1</td>
                                <td class="text-center hide-on-small-down" data-label="IBB">0</td>
                                <td class="text-center hide-on-small-down" data-label="AB">28</td>
                                <td class="text-center hide-on-small-down" data-label="BF">31</td>
                                <td class="text-center hide-on-small-down" data-label="FO">6</td>
                                <td class="text-center hide-on-small-down" data-label="GO">7</td>
							    <td class="text-center hide-on-small-down" data-label="NP">136</td>
                            </td></tr>
                        </tfoot>
                    </table>

                    <table class="sidearm-table" style="margin-top:10px;" sortable-table="">
                        <thead></thead>
                        <tfoot class="special-stats">
                            
                            <tr>
                                <td>Win: <a href='/roster.aspx?rp_id=7195' class='boxscore_player_link'>Jones</a> (1-0)</td>
                            </tr>
                            
                            <tr>    
                                <td>Loss: Castro (0-1) </td>
                            </tr>
                            
                            <tr>    
                                <td>HBP: Garrett, <a href='/roster.aspx?rp_id=7178' class='boxscore_player_link'>Solomon</a></td>
                            </tr>    
                            <tr>    
                                <td>
                                PB: None</td>
                            </tr>
                        </tfoot>
                    </table>
                </div>
                
            </section>

        </section>

                
        <section id="play-by-play">
            
                <h3 class="hide">Play By Play</h3>
            
            <div class="sidearm-responsive-tabs" ui-tabs="" tabs-mobile-select="">
                <ul class="hide-on-medium-down">
				    <li><a href="#inning-all">All</a></li>
                    
                    <li><a href="#inning-1">1st</a></li>
                    
                    <li><a href="#inning-2">2nd</a></li>
                    
                    <li><a href="#inning-3">3rd</a></li>
                    
                    <li><a href="#inning-4">4th</a></li>
                    
                    <li><a href="#inning-5">5th</a></li>
                    
                    <li><a href="#inning-6">6th</a></li>
                    
                    <li><a href="#inning-7">7th</a></li>
                    
                </ul>

                <label for="play-by-play-inning-select" class="hide">Play By Play Innings</label>
                <select id="play-by-play-inning-select" class="ui-tabs-select hide-on-large">
                
                </select>

                
			
			    <div id="inning-all" class="no-print">
				    
						<div class="panel relative">
                            <div class="row pad">
						        <table class="sidearm-table play-by-play">
                                    <caption>MidAmerica Nazarene - Top of 1st</caption>
								    <thead>
									    <tr>
										    <th scope="col" class="text-hide">Play Description</th>									
										    
											    <th scope="col" class="text-center">MNU</th>
											    <th scope="col" class="text-center">WAY</th>
										    										
									    </tr>
								    </thead>
							        <tbody>
								
									        <tr>
										        <th scope="row">Jenkins grounded out to p (2-1 BFB).</th>
					
											        <td class="text-center ">0</td>
											        <td class="text-center">0</td>
									        </tr>
								        
									        <tr>
										        <th scope="row">Rellihan struck out swinging (2-2 BBKKS).</th>
					
											        <td class="text-center ">0</td>
											        <td class="text-center">0</td>
									        </tr>
								        
									        <tr>
										        <th scope="row">Sandoval grounded out to p (3-2 BBFSB).</th>
					
											        <td class="text-center ">0</td>
											        <td class="text-center">0</td>
									        </tr>
								        								
							        </tbody>
						        </table>

                                <dl class="special-stats emphasize inline text-right">
                                    <dt>Runs</dt>
                                    <dd>0</dd>
                                    <dt>Hits</dt>
                                    <dd>0</dd>
                                    <dt>Errors</dt>
                                    <dd>0</dd>
                                    <dt>Left On Base</dt>
                                    <dd>0</dd>
                                </dl>
                            </div>
                        </div>

                        <div class="panel relative">
                            <div class="row pad">
						        <table class="sidearm-table play-by-play">
                                    <caption>Wayland Baptist - Bottom of 1st</caption>	
								    <thead>
									    <tr>
										    <th scope="col" class="text-hide">Play Description</th>
										    
											    <th scope="col" class="text-center">MNU</th>
											    <th scope="col" class="text-center">WAY</th>
										    	 
									    </tr>
								    </thead>
							        <tbody>
								
										    <tr>
										        <th scope="row">Ozuna flied out to rf (1-1 BK).</th>						
											        <td class="text-center">0</td>
											        <td class="text-center ">0</td>
									        </tr>
								        
										    <tr>
										        <th scope="row">Collazo flied out to rf (0-0).</th>						
											        <td class="text-center">0</td>
											        <td class="text-center ">0</td>
									        </tr>
								        
										    <tr>
										        <th scope="row">Vargas homered to center field, RBI (1-2 BSS).</th>						
											        <td class="text-center">0</td>
											        <td class="text-center text-bold">1</td>
									        </tr>
								        
										    <tr>
										        <th scope="row">Rivera lined out to 2b (1-2 BKF).</th>						
											        <td class="text-center">0</td>
											        <td class="text-center ">1</td>
									        </tr>
								        								
							        </tbody>
						        </table>

                                <dl class="special-stats emphasize inline text-right">
                                    <dt>Runs</dt>
                                    <dd>1</dd>
                                    <dt>Hits</dt>
                                    <dd>1</dd>
                                    <dt>Errors</dt>
                                    <dd>0</dd>
                                    <dt>Left On Base</dt>
                                    <dd>0</dd>
                                </dl>
                            </div>
                        </div>

					    
						<div class="panel relative">
                            <div class="row pad">
						        <table class="sidearm-table play-by-play">
                                    <caption>MidAmerica Nazarene - Top of 2nd</caption>
								    <thead>
									    <tr>
										    <th scope="col" class="text-hide">Play Description</th>									
										    
											    <th scope="col" class="text-center">MNU</th>
											    <th scope="col" class="text-center">WAY</th>
										    										
									    </tr>
								    </thead>
							        <tbody>
								
									        <tr>
										        <th scope="row">Freeman grounded out to ss (2-2 BBFF).</th>
					
											        <td class="text-center ">0</td>
											        <td class="text-center">1</td>
									        </tr>
								        
									        <tr>
										        <th scope="row">Sherwood struck out looking (3-2 BKFBFFBFK).</th>
					
											        <td class="text-center ">0</td>
											        <td class="text-center">1</td>
									        </tr>
								        
									        <tr>
										        <th scope="row">Leo struck out swinging (0-2 KFS).</th>
					
											        <td class="text-center ">0</td>
											        <td class="text-center">1</td>
									        </tr>
								        								
							        </tbody>
						        </table>

                                <dl class="special-stats emphasize inline text-right">
                                    <dt>Runs</dt>
                                    <dd>0</dd>
                                    <dt>Hits</dt>
                                    <dd>0</dd>
                                    <dt>Errors</dt>
                                    <dd>0</dd>
                                    <dt>Left On Base</dt>
                                    <dd>0</dd>
                                </dl>
                            </div>
                        </div>

                        <div class="panel relative">
                            <div class="row pad">
						        <table class="sidearm-table play-by-play">
                                    <caption>Wayland Baptist - Bottom of 2nd</caption>	
								    <thead>
									    <tr>
										    <th scope="col" class="text-hide">Play Description</th>
										    
											    <th scope="col" class="text-center">MNU</th>
											    <th scope="col" class="text-center">WAY</th>
										    	 
									    </tr>
								    </thead>
							        <tbody>
								
										    <tr>
										        <th scope="row">Santos struck out looking (3-2 SBFBBK).</th>						
											        <td class="text-center">0</td>
											        <td class="text-center ">1</td>
									        </tr>
								        
										    <tr>
										        <th scope="row">Green fouled out to c (3-1 BBFB).</th>						
											        <td class="text-center">0</td>
											        <td class="text-center ">1</td>
									        </tr>
								        
										    <tr>
										        <th scope="row">Goncalves reached on an error by p.</th>						
											        <td class="text-center">0</td>
											        <td class="text-center ">1</td>
									        </tr>
								        
										    <tr>
										        <th scope="row">Adams flied out to cf.</th>						
											        <td class="text-center">0</td>
											        <td class="text-center ">1</td>
									        </tr>
								        								
							        </tbody>
						        </table>

                                <dl class="special-stats emphasize inline text-right">
                                    <dt>Runs</dt>
                                    <dd>0</dd>
                                    <dt>Hits</dt>
                                    <dd>0</dd>
                                    <dt>Errors</dt>
                                    <dd>1</dd>
                                    <dt>Left On Base</dt>
                                    <dd>1</dd>
                                </dl>
                            </div>
                        </div>

					    
						<div class="panel relative">
                            <div class="row pad">
						        <table class="sidearm-table play-by-play">
                                    <caption>MidAmerica Nazarene - Top of 3rd</caption>
								    <thead>
									    <tr>
										    <th scope="col" class="text-hide">Play Description</th>									
										    
											    <th scope="col" class="text-center">MNU</th>
											    <th scope="col" class="text-center">WAY</th>
										    										
									    </tr>
								    </thead>
							        <tbody>
								
									        <tr>
										        <th scope="row">Fernandez singled to pitcher (2-1 BKB).</th>
					
											        <td class="text-center ">0</td>
											        <td class="text-center">1</td>
									        </tr>
								        
									        <tr>
										        <th scope="row">Fernandez stole second.</th>
					
											        <td class="text-center ">0</td>
											        <td class="text-center">1</td>
									        </tr>
								        
									        <tr>
										        <th scope="row">Morris walked (3-2 BBKBFB).</th>
					
											        <td class="text-center ">0</td>
											        <td class="text-center">1</td>
									        </tr>
								        
									        <tr>
										        <th scope="row">Fernandez stole third.</th>
					
											        <td class="text-center ">0</td>
											        <td class="text-center">1</td>
									        </tr>
								        
									        <tr>
										        <th scope="row">Healy hit by pitch (0-2 KSFF); Morris advanced to second.</th>
					
											        <td class="text-center ">0</td>
											        <td class="text-center">1</td>
									        </tr>
								        
									        <tr>
										        <th scope="row">Jenkins struck out swinging (1-2 SFBS).</th>
					
											        <td class="text-center ">0</td>
											        <td class="text-center">1</td>
									        </tr>
								        
									        <tr>
										        <th scope="row">Rellihan grounded out to 2b, RBI (0-1 K); Healy advanced to second; Morris advanced to third; Fernandez scored.</th>
					
											        <td class="text-center text-bold">1</td>
											        <td class="text-center">1</td>
									        </tr>
								        
									        <tr>
										        <th scope="row">Sandoval homered to right center, 3 RBI (2-2 SFBB); Healy scored; Morris scored.</th>
					
											        <td class="text-center text-bold">4</td>
											        <td class="text-center">1</td>
									        </tr>
								        
									        <tr>
										        <th scope="row">Freeman grounded out to 3b (0-0).</th>
					
											        <td class="text-center ">4</td>
											        <td class="text-center">1</td>
									        </tr>
								        								
							        </tbody>
						        </table>

                                <dl class="special-stats emphasize inline text-right">
                                    <dt>Runs</dt>
                                    <dd>4</dd>
                                    <dt>Hits</dt>
                                    <dd>2</dd>
                                    <dt>Errors</dt>
                                    <dd>0</dd>
                                    <dt>Left On Base</dt>
                                    <dd>0</dd>
                                </dl>
                            </div>
                        </div>

                        <div class="panel relative">
                            <div class="row pad">
						        <table class="sidearm-table play-by-play">
                                    <caption>Wayland Baptist - Bottom of 3rd</caption>	
								    <thead>
									    <tr>
										    <th scope="col" class="text-hide">Play Description</th>
										    
											    <th scope="col" class="text-center">MNU</th>
											    <th scope="col" class="text-center">WAY</th>
										    	 
									    </tr>
								    </thead>
							        <tbody>
								
										    <tr>
										        <th scope="row">Deatherage walked (3-0 BBBB).</th>						
											        <td class="text-center">4</td>
											        <td class="text-center ">1</td>
									        </tr>
								        
										    <tr>
										        <th scope="row">Ozuna flied out to rf (0-0).</th>						
											        <td class="text-center">4</td>
											        <td class="text-center ">1</td>
									        </tr>
								        
										    <tr>
										        <th scope="row">Collazo flied out to rf (0-1 K).</th>						
											        <td class="text-center">4</td>
											        <td class="text-center ">1</td>
									        </tr>
								        
										    <tr>
										        <th scope="row">Vargas fouled out to c (0-1 K).</th>						
											        <td class="text-center">4</td>
											        <td class="text-center ">1</td>
									        </tr>
								        								
							        </tbody>
						        </table>

                                <dl class="special-stats emphasize inline text-right">
                                    <dt>Runs</dt>
                                    <dd>0</dd>
                                    <dt>Hits</dt>
                                    <dd>0</dd>
                                    <dt>Errors</dt>
                                    <dd>0</dd>
                                    <dt>Left On Base</dt>
                                    <dd>1</dd>
                                </dl>
                            </div>
                        </div>

					    
						<div class="panel relative">
                            <div class="row pad">
						        <table class="sidearm-table play-by-play">
                                    <caption>MidAmerica Nazarene - Top of 4th</caption>
								    <thead>
									    <tr>
										    <th scope="col" class="text-hide">Play Description</th>									
										    
											    <th scope="col" class="text-center">MNU</th>
											    <th scope="col" class="text-center">WAY</th>
										    										
									    </tr>
								    </thead>
							        <tbody>
								
									        <tr>
										        <th scope="row">Sherwood lined out to 1b (0-0).</th>
					
											        <td class="text-center ">4</td>
											        <td class="text-center">1</td>
									        </tr>
								        
									        <tr>
										        <th scope="row">Leo lined out to 2b (0-2 SFF).</th>
					
											        <td class="text-center ">4</td>
											        <td class="text-center">1</td>
									        </tr>
								        
									        <tr>
										        <th scope="row">Fernandez flied out to rf (0-1 S).</th>
					
											        <td class="text-center ">4</td>
											        <td class="text-center">1</td>
									        </tr>
								        								
							        </tbody>
						        </table>

                                <dl class="special-stats emphasize inline text-right">
                                    <dt>Runs</dt>
                                    <dd>0</dd>
                                    <dt>Hits</dt>
                                    <dd>0</dd>
                                    <dt>Errors</dt>
                                    <dd>0</dd>
                                    <dt>Left On Base</dt>
                                    <dd>0</dd>
                                </dl>
                            </div>
                        </div>

                        <div class="panel relative">
                            <div class="row pad">
						        <table class="sidearm-table play-by-play">
                                    <caption>Wayland Baptist - Bottom of 4th</caption>	
								    <thead>
									    <tr>
										    <th scope="col" class="text-hide">Play Description</th>
										    
											    <th scope="col" class="text-center">MNU</th>
											    <th scope="col" class="text-center">WAY</th>
										    	 
									    </tr>
								    </thead>
							        <tbody>
								
										    <tr>
										        <th scope="row">Rivera hit by pitch.</th>						
											        <td class="text-center">4</td>
											        <td class="text-center ">1</td>
									        </tr>
								        
										    <tr>
										        <th scope="row">Santos singled to left field (1-0 B); Rivera advanced to second.</th>						
											        <td class="text-center">4</td>
											        <td class="text-center ">1</td>
									        </tr>
								        
										    <tr>
										        <th scope="row">Green homered to left field, 3 RBI (0-1 K); Santos scored; Rivera scored.</th>						
											        <td class="text-center">4</td>
											        <td class="text-center text-bold">4</td>
									        </tr>
								        
										    <tr>
										        <th scope="row">Goncalves struck out swinging (1-2 KBSS).</th>						
											        <td class="text-center">4</td>
											        <td class="text-center ">4</td>
									        </tr>
								        
										    <tr>
										        <th scope="row">Adams popped up to 1b (1-1 KB).</th>						
											        <td class="text-center">4</td>
											        <td class="text-center ">4</td>
									        </tr>
								        
										    <tr>
										        <th scope="row">Deatherage popped up to ss (1-0 B).</th>						
											        <td class="text-center">4</td>
											        <td class="text-center ">4</td>
									        </tr>
								        								
							        </tbody>
						        </table>

                                <dl class="special-stats emphasize inline text-right">
                                    <dt>Runs</dt>
                                    <dd>3</dd>
                                    <dt>Hits</dt>
                                    <dd>2</dd>
                                    <dt>Errors</dt>
                                    <dd>0</dd>
                                    <dt>Left On Base</dt>
                                    <dd>0</dd>
                                </dl>
                            </div>
                        </div>

					    
						<div class="panel relative">
                            <div class="row pad">
						        <table class="sidearm-table play-by-play">
                                    <caption>MidAmerica Nazarene - Top of 5th</caption>
								    <thead>
									    <tr>
										    <th scope="col" class="text-hide">Play Description</th>									
										    
											    <th scope="col" class="text-center">MNU</th>
											    <th scope="col" class="text-center">WAY</th>
										    										
									    </tr>
								    </thead>
							        <tbody>
								
									        <tr>
										        <th scope="row" class='text-italic'>Jackson to p for Solomon.</th>
					
											        <td class="text-center ">4</td>
											        <td class="text-center">4</td>
									        </tr>
								        
									        <tr>
										        <th scope="row">Morris struck out swinging, out at first c to 1b (1-2 FBFS).</th>
					
											        <td class="text-center ">4</td>
											        <td class="text-center">4</td>
									        </tr>
								        
									        <tr>
										        <th scope="row">Healy struck out swinging (2-2 BSKBS).</th>
					
											        <td class="text-center ">4</td>
											        <td class="text-center">4</td>
									        </tr>
								        
									        <tr>
										        <th scope="row">Jenkins singled to right field (1-2 BKS).</th>
					
											        <td class="text-center ">4</td>
											        <td class="text-center">4</td>
									        </tr>
								        
									        <tr>
										        <th scope="row">Rellihan out at first 1b to 2b to 1b (2-2 BKKFFFB).</th>
					
											        <td class="text-center ">4</td>
											        <td class="text-center">4</td>
									        </tr>
								        								
							        </tbody>
						        </table>

                                <dl class="special-stats emphasize inline text-right">
                                    <dt>Runs</dt>
                                    <dd>0</dd>
                                    <dt>Hits</dt>
                                    <dd>1</dd>
                                    <dt>Errors</dt>
                                    <dd>0</dd>
                                    <dt>Left On Base</dt>
                                    <dd>1</dd>
                                </dl>
                            </div>
                        </div>

                        <div class="panel relative">
                            <div class="row pad">
						        <table class="sidearm-table play-by-play">
                                    <caption>Wayland Baptist - Bottom of 5th</caption>	
								    <thead>
									    <tr>
										    <th scope="col" class="text-hide">Play Description</th>
										    
											    <th scope="col" class="text-center">MNU</th>
											    <th scope="col" class="text-center">WAY</th>
										    	 
									    </tr>
								    </thead>
							        <tbody>
								
										    <tr>
										        <th scope="row" class='text-italic'>Castro to p for Garrett.</th>						
											        <td class="text-center">4</td>
											        <td class="text-center ">4</td>
									        </tr>
								        
										    <tr>
										        <th scope="row">Ozuna grounded out to ss (1-0 B).</th>						
											        <td class="text-center">4</td>
											        <td class="text-center ">4</td>
									        </tr>
								        
										    <tr>
										        <th scope="row">Collazo singled to right field (1-2 KBF).</th>						
											        <td class="text-center">4</td>
											        <td class="text-center ">4</td>
									        </tr>
								        
										    <tr>
										        <th scope="row">Collazo out at second c to 2b, caught stealing.</th>						
											        <td class="text-center">4</td>
											        <td class="text-center ">4</td>
									        </tr>
								        
										    <tr>
										        <th scope="row">Vargas struck out swinging (3-2 BBKBSS).</th>						
											        <td class="text-center">4</td>
											        <td class="text-center ">4</td>
									        </tr>
								        								
							        </tbody>
						        </table>

                                <dl class="special-stats emphasize inline text-right">
                                    <dt>Runs</dt>
                                    <dd>0</dd>
                                    <dt>Hits</dt>
                                    <dd>1</dd>
                                    <dt>Errors</dt>
                                    <dd>0</dd>
                                    <dt>Left On Base</dt>
                                    <dd>0</dd>
                                </dl>
                            </div>
                        </div>

					    
						<div class="panel relative">
                            <div class="row pad">
						        <table class="sidearm-table play-by-play">
                                    <caption>MidAmerica Nazarene - Top of 6th</caption>
								    <thead>
									    <tr>
										    <th scope="col" class="text-hide">Play Description</th>									
										    
											    <th scope="col" class="text-center">MNU</th>
											    <th scope="col" class="text-center">WAY</th>
										    										
									    </tr>
								    </thead>
							        <tbody>
								
									        <tr>
										        <th scope="row">Sandoval walked (3-2 FBFBBB).</th>
					
											        <td class="text-center ">4</td>
											        <td class="text-center">4</td>
									        </tr>
								        
									        <tr>
										        <th scope="row" class='text-italic'>Elam pinch ran for Sandoval.</th>
					
											        <td class="text-center ">4</td>
											        <td class="text-center">4</td>
									        </tr>
								        
									        <tr>
										        <th scope="row">Freeman singled to left field (3-2 KBFFBB); Elam advanced to third.</th>
					
											        <td class="text-center ">4</td>
											        <td class="text-center">4</td>
									        </tr>
								        
									        <tr>
										        <th scope="row">Freeman stole second, advanced to third on an error by ss; Elam scored on an error by ss, unearned.</th>
					
											        <td class="text-center text-bold">5</td>
											        <td class="text-center">4</td>
									        </tr>
								        
									        <tr>
										        <th scope="row">Sherwood struck out swinging (1-2 BKKS).</th>
					
											        <td class="text-center ">5</td>
											        <td class="text-center">4</td>
									        </tr>
								        
									        <tr>
										        <th scope="row">Leo flied out to rf (1-2 FBFF).</th>
					
											        <td class="text-center ">5</td>
											        <td class="text-center">4</td>
									        </tr>
								        
									        <tr>
										        <th scope="row">Fernandez lined out to cf.</th>
					
											        <td class="text-center ">5</td>
											        <td class="text-center">4</td>
									        </tr>
								        								
							        </tbody>
						        </table>

                                <dl class="special-stats emphasize inline text-right">
                                    <dt>Runs</dt>
                                    <dd>1</dd>
                                    <dt>Hits</dt>
                                    <dd>1</dd>
                                    <dt>Errors</dt>
                                    <dd>1</dd>
                                    <dt>Left On Base</dt>
                                    <dd>1</dd>
                                </dl>
                            </div>
                        </div>

                        <div class="panel relative">
                            <div class="row pad">
						        <table class="sidearm-table play-by-play">
                                    <caption>Wayland Baptist - Bottom of 6th</caption>	
								    <thead>
									    <tr>
										    <th scope="col" class="text-hide">Play Description</th>
										    
											    <th scope="col" class="text-center">MNU</th>
											    <th scope="col" class="text-center">WAY</th>
										    	 
									    </tr>
								    </thead>
							        <tbody>
								
										    <tr>
										        <th scope="row" class='text-italic'>Sandoval to c for Elam.</th>						
											        <td class="text-center">5</td>
											        <td class="text-center ">4</td>
									        </tr>
								        
										    <tr>
										        <th scope="row">Rivera struck out swinging, out at first c to 1b (0-2 KKS).</th>						
											        <td class="text-center">5</td>
											        <td class="text-center ">4</td>
									        </tr>
								        
										    <tr>
										        <th scope="row">Santos grounded out to ss (1-1 KB).</th>						
											        <td class="text-center">5</td>
											        <td class="text-center ">4</td>
									        </tr>
								        
										    <tr>
										        <th scope="row">Green grounded out to 3b (1-0 B).</th>						
											        <td class="text-center">5</td>
											        <td class="text-center ">4</td>
									        </tr>
								        								
							        </tbody>
						        </table>

                                <dl class="special-stats emphasize inline text-right">
                                    <dt>Runs</dt>
                                    <dd>0</dd>
                                    <dt>Hits</dt>
                                    <dd>0</dd>
                                    <dt>Errors</dt>
                                    <dd>0</dd>
                                    <dt>Left On Base</dt>
                                    <dd>0</dd>
                                </dl>
                            </div>
                        </div>

					    
						<div class="panel relative">
                            <div class="row pad">
						        <table class="sidearm-table play-by-play">
                                    <caption>MidAmerica Nazarene - Top of 7th</caption>
								    <thead>
									    <tr>
										    <th scope="col" class="text-hide">Play Description</th>									
										    
											    <th scope="col" class="text-center">MNU</th>
											    <th scope="col" class="text-center">WAY</th>
										    										
									    </tr>
								    </thead>
							        <tbody>
								
									        <tr>
										        <th scope="row">Morris doubled to right center (0-1 F).</th>
					
											        <td class="text-center ">5</td>
											        <td class="text-center">4</td>
									        </tr>
								        
									        <tr>
										        <th scope="row">Morris advanced to third on a throwing error by c.</th>
					
											        <td class="text-center ">5</td>
											        <td class="text-center">4</td>
									        </tr>
								        
									        <tr>
										        <th scope="row">Healy singled to center field, RBI (3-2 BSBFB); Morris scored, unearned.</th>
					
											        <td class="text-center text-bold">6</td>
											        <td class="text-center">4</td>
									        </tr>
								        
									        <tr>
										        <th scope="row">Healy out at second c to ss, caught stealing.</th>
					
											        <td class="text-center ">6</td>
											        <td class="text-center">4</td>
									        </tr>
								        
									        <tr>
										        <th scope="row">Jenkins singled to shortstop (1-1 BS).</th>
					
											        <td class="text-center ">6</td>
											        <td class="text-center">4</td>
									        </tr>
								        
									        <tr>
										        <th scope="row">Rellihan singled down the rf line; Jenkins advanced to third.</th>
					
											        <td class="text-center ">6</td>
											        <td class="text-center">4</td>
									        </tr>
								        
									        <tr>
										        <th scope="row" class='text-italic'>Jones to p for Jackson.</th>
					
											        <td class="text-center ">6</td>
											        <td class="text-center">4</td>
									        </tr>
								        
									        <tr>
										        <th scope="row">Sandoval popped up to 1b (2-2 FFBB).</th>
					
											        <td class="text-center ">6</td>
											        <td class="text-center">4</td>
									        </tr>
								        
									        <tr>
										        <th scope="row">Freeman reached on a fielder's choice (3-0 BBB); Rellihan out at second 3b to 2b.</th>
					
											        <td class="text-center ">6</td>
											        <td class="text-center">4</td>
									        </tr>
								        								
							        </tbody>
						        </table>

                                <dl class="special-stats emphasize inline text-right">
                                    <dt>Runs</dt>
                                    <dd>1</dd>
                                    <dt>Hits</dt>
                                    <dd>4</dd>
                                    <dt>Errors</dt>
                                    <dd>1</dd>
                                    <dt>Left On Base</dt>
                                    <dd>2</dd>
                                </dl>
                            </div>
                        </div>

                        <div class="panel relative">
                            <div class="row pad">
						        <table class="sidearm-table play-by-play">
                                    <caption>Wayland Baptist - Bottom of 7th</caption>	
								    <thead>
									    <tr>
										    <th scope="col" class="text-hide">Play Description</th>
										    
											    <th scope="col" class="text-center">MNU</th>
											    <th scope="col" class="text-center">WAY</th>
										    	 
									    </tr>
								    </thead>
							        <tbody>
								
										    <tr>
										        <th scope="row">Goncalves doubled to left center (0-0).</th>						
											        <td class="text-center">6</td>
											        <td class="text-center ">4</td>
									        </tr>
								        
										    <tr>
										        <th scope="row">Adams grounded out to 1b unassisted (1-1 SB); Goncalves advanced to third.</th>						
											        <td class="text-center">6</td>
											        <td class="text-center ">4</td>
									        </tr>
								        
										    <tr>
										        <th scope="row">Deatherage walked (3-1 BBFBB).</th>						
											        <td class="text-center">6</td>
											        <td class="text-center ">4</td>
									        </tr>
								        
										    <tr>
										        <th scope="row">Ozuna homered to left field, 3 RBI (1-1 KB); Deatherage scored; Goncalves scored.</th>						
											        <td class="text-center">6</td>
											        <td class="text-center text-bold">7</td>
									        </tr>
								        								
							        </tbody>
						        </table>

                                <dl class="special-stats emphasize inline text-right">
                                    <dt>Runs</dt>
                                    <dd>3</dd>
                                    <dt>Hits</dt>
                                    <dd>2</dd>
                                    <dt>Errors</dt>
                                    <dd>0</dd>
                                    <dt>Left On Base</dt>
                                    <dd>0</dd>
                                </dl>
                            </div>
                        </div>

					    				
			    </div>

			    
                    <div id="inning-1">

                        <div class="panel relative">
                            <div class="row pad">
					            <table class="sidearm-table play-by-play">
                                    <caption>MidAmerica Nazarene - Top of 1st</caption>
						            <thead>
							            <tr>
								            <th scope="col" class="text-hide">Play Description</th>
								            <th scope="col" class="text-center">MNU</th>
								            <th scope="col" class="text-center">WAY</th>
							            </tr>
						            </thead>
						            <tbody>
						    
								            <tr>
									            <th scope="row">Jenkins grounded out to p (2-1 BFB).</th>
									            <td class="text-center ">0</td>
									            <td class="text-center">0</td>
								            </tr>
							            
								            <tr>
									            <th scope="row">Rellihan struck out swinging (2-2 BBKKS).</th>
									            <td class="text-center ">0</td>
									            <td class="text-center">0</td>
								            </tr>
							            
								            <tr>
									            <th scope="row">Sandoval grounded out to p (3-2 BBFSB).</th>
									            <td class="text-center ">0</td>
									            <td class="text-center">0</td>
								            </tr>
							            								
						            </tbody>
					            </table>

                                <dl class="emphasize inline text-right">
                                    <dt>Runs</dt>
                                    <dd>0</dd>
                                    <dt>Hits</dt>
                                    <dd>0</dd>
                                    <dt>Errors</dt>
                                    <dd>0</dd>
                                    <dt>Left On Base</dt>
                                    <dd>0</dd>
                                </dl>
                            </div>
					    </div>

                        <div class="panel relative">
                            <div class="row pad">
					            <table class="sidearm-table play-by-play">
                                    <caption>Wayland Baptist - Bottom of 1st</caption>
						            <thead>
							            <tr>
								            <th scope="col" class="text-hide">Play Description</th>
								            <th scope="col" class="text-center">MNU</th>
								            <th scope="col" class="text-center">WAY</th>
							            </tr>
						            </thead>
						            <tbody>
						    
									        <tr>
									            <th scope="row">Ozuna flied out to rf (1-1 BK).</th>
									            <td class="text-center">0</td>
									            <td class="text-center ">0</td>
								            </tr>
							            
									        <tr>
									            <th scope="row">Collazo flied out to rf (0-0).</th>
									            <td class="text-center">0</td>
									            <td class="text-center ">0</td>
								            </tr>
							            
									        <tr>
									            <th scope="row">Vargas homered to center field, RBI (1-2 BSS).</th>
									            <td class="text-center">0</td>
									            <td class="text-center text-bold">1</td>
								            </tr>
							            
									        <tr>
									            <th scope="row">Rivera lined out to 2b (1-2 BKF).</th>
									            <td class="text-center">0</td>
									            <td class="text-center ">1</td>
								            </tr>
							            								
						            </tbody>
					            </table>

                                <dl class="emphasize inline text-right">
                                    <dt>Runs</dt>
                                    <dd>1</dd>
                                    <dt>Hits</dt>
                                    <dd>1</dd>
                                    <dt>Errors</dt>
                                    <dd>0</dd>
                                    <dt>Left On Base</dt>
                                    <dd>0</dd>
                                </dl>
                            </div>
                        </div>
                    </div>

                    
                    <div id="inning-2">

                        <div class="panel relative">
                            <div class="row pad">
					            <table class="sidearm-table play-by-play">
                                    <caption>MidAmerica Nazarene - Top of 2nd</caption>
						            <thead>
							            <tr>
								            <th scope="col" class="text-hide">Play Description</th>
								            <th scope="col" class="text-center">MNU</th>
								            <th scope="col" class="text-center">WAY</th>
							            </tr>
						            </thead>
						            <tbody>
						    
								            <tr>
									            <th scope="row">Freeman grounded out to ss (2-2 BBFF).</th>
									            <td class="text-center ">0</td>
									            <td class="text-center">1</td>
								            </tr>
							            
								            <tr>
									            <th scope="row">Sherwood struck out looking (3-2 BKFBFFBFK).</th>
									            <td class="text-center ">0</td>
									            <td class="text-center">1</td>
								            </tr>
							            
								            <tr>
									            <th scope="row">Leo struck out swinging (0-2 KFS).</th>
									            <td class="text-center ">0</td>
									            <td class="text-center">1</td>
								            </tr>
							            								
						            </tbody>
					            </table>

                                <dl class="emphasize inline text-right">
                                    <dt>Runs</dt>
                                    <dd>0</dd>
                                    <dt>Hits</dt>
                                    <dd>0</dd>
                                    <dt>Errors</dt>
                                    <dd>0</dd>
                                    <dt>Left On Base</dt>
                                    <dd>0</dd>
                                </dl>
                            </div>
					    </div>

                        <div class="panel relative">
                            <div class="row pad">
					            <table class="sidearm-table play-by-play">
                                    <caption>Wayland Baptist - Bottom of 2nd</caption>
						            <thead>
							            <tr>
								            <th scope="col" class="text-hide">Play Description</th>
								            <th scope="col" class="text-center">MNU</th>
								            <th scope="col" class="text-center">WAY</th>
							            </tr>
						            </thead>
						            <tbody>
						    
									        <tr>
									            <th scope="row">Santos struck out looking (3-2 SBFBBK).</th>
									            <td class="text-center">0</td>
									            <td class="text-center ">1</td>
								            </tr>
							            
									        <tr>
									            <th scope="row">Green fouled out to c (3-1 BBFB).</th>
									            <td class="text-center">0</td>
									            <td class="text-center ">1</td>
								            </tr>
							            
									        <tr>
									            <th scope="row">Goncalves reached on an error by p.</th>
									            <td class="text-center">0</td>
									            <td class="text-center ">1</td>
								            </tr>
							            
									        <tr>
									            <th scope="row">Adams flied out to cf.</th>
									            <td class="text-center">0</td>
									            <td class="text-center ">1</td>
								            </tr>
							            								
						            </tbody>
					            </table>

                                <dl class="emphasize inline text-right">
                                    <dt>Runs</dt>
                                    <dd>0</dd>
                                    <dt>Hits</dt>
                                    <dd>0</dd>
                                    <dt>Errors</dt>
                                    <dd>1</dd>
                                    <dt>Left On Base</dt>
                                    <dd>1</dd>
                                </dl>
                            </div>
                        </div>
                    </div>

                    
                    <div id="inning-3">

                        <div class="panel relative">
                            <div class="row pad">
					            <table class="sidearm-table play-by-play">
                                    <caption>MidAmerica Nazarene - Top of 3rd</caption>
						            <thead>
							            <tr>
								            <th scope="col" class="text-hide">Play Description</th>
								            <th scope="col" class="text-center">MNU</th>
								            <th scope="col" class="text-center">WAY</th>
							            </tr>
						            </thead>
						            <tbody>
						    
								            <tr>
									            <th scope="row">Fernandez singled to pitcher (2-1 BKB).</th>
									            <td class="text-center ">0</td>
									            <td class="text-center">1</td>
								            </tr>
							            
								            <tr>
									            <th scope="row">Fernandez stole second.</th>
									            <td class="text-center ">0</td>
									            <td class="text-center">1</td>
								            </tr>
							            
								            <tr>
									            <th scope="row">Morris walked (3-2 BBKBFB).</th>
									            <td class="text-center ">0</td>
									            <td class="text-center">1</td>
								            </tr>
							            
								            <tr>
									            <th scope="row">Fernandez stole third.</th>
									            <td class="text-center ">0</td>
									            <td class="text-center">1</td>
								            </tr>
							            
								            <tr>
									            <th scope="row">Healy hit by pitch (0-2 KSFF); Morris advanced to second.</th>
									            <td class="text-center ">0</td>
									            <td class="text-center">1</td>
								            </tr>
							            
								            <tr>
									            <th scope="row">Jenkins struck out swinging (1-2 SFBS).</th>
									            <td class="text-center ">0</td>
									            <td class="text-center">1</td>
								            </tr>
							            
								            <tr>
									            <th scope="row">Rellihan grounded out to 2b, RBI (0-1 K); Healy advanced to second; Morris advanced to third; Fernandez scored.</th>
									            <td class="text-center text-bold">1</td>
									            <td class="text-center">1</td>
								            </tr>
							            
								            <tr>
									            <th scope="row">Sandoval homered to right center, 3 RBI (2-2 SFBB); Healy scored; Morris scored.</th>
									            <td class="text-center text-bold">4</td>
									            <td class="text-center">1</td>
								            </tr>
							            
								            <tr>
									            <th scope="row">Freeman grounded out to 3b (0-0).</th>
									            <td class="text-center ">4</td>
									            <td class="text-center">1</td>
								            </tr>
							            								
						            </tbody>
					            </table>

                                <dl class="emphasize inline text-right">
                                    <dt>Runs</dt>
                                    <dd>4</dd>
                                    <dt>Hits</dt>
                                    <dd>2</dd>
                                    <dt>Errors</dt>
                                    <dd>0</dd>
                                    <dt>Left On Base</dt>
                                    <dd>0</dd>
                                </dl>
                            </div>
					    </div>

                        <div class="panel relative">
                            <div class="row pad">
					            <table class="sidearm-table play-by-play">
                                    <caption>Wayland Baptist - Bottom of 3rd</caption>
						            <thead>
							            <tr>
								            <th scope="col" class="text-hide">Play Description</th>
								            <th scope="col" class="text-center">MNU</th>
								            <th scope="col" class="text-center">WAY</th>
							            </tr>
						            </thead>
						            <tbody>
						    
									        <tr>
									            <th scope="row">Deatherage walked (3-0 BBBB).</th>
									            <td class="text-center">4</td>
									            <td class="text-center ">1</td>
								            </tr>
							            
									        <tr>
									            <th scope="row">Ozuna flied out to rf (0-0).</th>
									            <td class="text-center">4</td>
									            <td class="text-center ">1</td>
								            </tr>
							            
									        <tr>
									            <th scope="row">Collazo flied out to rf (0-1 K).</th>
									            <td class="text-center">4</td>
									            <td class="text-center ">1</td>
								            </tr>
							            
									        <tr>
									            <th scope="row">Vargas fouled out to c (0-1 K).</th>
									            <td class="text-center">4</td>
									            <td class="text-center ">1</td>
								            </tr>
							            								
						            </tbody>
					            </table>

                                <dl class="emphasize inline text-right">
                                    <dt>Runs</dt>
                                    <dd>0</dd>
                                    <dt>Hits</dt>
                                    <dd>0</dd>
                                    <dt>Errors</dt>
                                    <dd>0</dd>
                                    <dt>Left On Base</dt>
                                    <dd>1</dd>
                                </dl>
                            </div>
                        </div>
                    </div>

                    
                    <div id="inning-4">

                        <div class="panel relative">
                            <div class="row pad">
					            <table class="sidearm-table play-by-play">
                                    <caption>MidAmerica Nazarene - Top of 4th</caption>
						            <thead>
							            <tr>
								            <th scope="col" class="text-hide">Play Description</th>
								            <th scope="col" class="text-center">MNU</th>
								            <th scope="col" class="text-center">WAY</th>
							            </tr>
						            </thead>
						            <tbody>
						    
								            <tr>
									            <th scope="row">Sherwood lined out to 1b (0-0).</th>
									            <td class="text-center ">4</td>
									            <td class="text-center">1</td>
								            </tr>
							            
								            <tr>
									            <th scope="row">Leo lined out to 2b (0-2 SFF).</th>
									            <td class="text-center ">4</td>
									            <td class="text-center">1</td>
								            </tr>
							            
								            <tr>
									            <th scope="row">Fernandez flied out to rf (0-1 S).</th>
									            <td class="text-center ">4</td>
									            <td class="text-center">1</td>
								            </tr>
							            								
						            </tbody>
					            </table>

                                <dl class="emphasize inline text-right">
                                    <dt>Runs</dt>
                                    <dd>0</dd>
                                    <dt>Hits</dt>
                                    <dd>0</dd>
                                    <dt>Errors</dt>
                                    <dd>0</dd>
                                    <dt>Left On Base</dt>
                                    <dd>0</dd>
                                </dl>
                            </div>
					    </div>

                        <div class="panel relative">
                            <div class="row pad">
					            <table class="sidearm-table play-by-play">
                                    <caption>Wayland Baptist - Bottom of 4th</caption>
						            <thead>
							            <tr>
								            <th scope="col" class="text-hide">Play Description</th>
								            <th scope="col" class="text-center">MNU</th>
								            <th scope="col" class="text-center">WAY</th>
							            </tr>
						            </thead>
						            <tbody>
						    
									        <tr>
									            <th scope="row">Rivera hit by pitch.</th>
									            <td class="text-center">4</td>
									            <td class="text-center ">1</td>
								            </tr>
							            
									        <tr>
									            <th scope="row">Santos singled to left field (1-0 B); Rivera advanced to second.</th>
									            <td class="text-center">4</td>
									            <td class="text-center ">1</td>
								            </tr>
							            
									        <tr>
									            <th scope="row">Green homered to left field, 3 RBI (0-1 K); Santos scored; Rivera scored.</th>
									            <td class="text-center">4</td>
									            <td class="text-center text-bold">4</td>
								            </tr>
							            
									        <tr>
									            <th scope="row">Goncalves struck out swinging (1-2 KBSS).</th>
									            <td class="text-center">4</td>
									            <td class="text-center ">4</td>
								            </tr>
							            
									        <tr>
									            <th scope="row">Adams popped up to 1b (1-1 KB).</th>
									            <td class="text-center">4</td>
									            <td class="text-center ">4</td>
								            </tr>
							            
									        <tr>
									            <th scope="row">Deatherage popped up to ss (1-0 B).</th>
									            <td class="text-center">4</td>
									            <td class="text-center ">4</td>
								            </tr>
							            								
						            </tbody>
					            </table>

                                <dl class="emphasize inline text-right">
                                    <dt>Runs</dt>
                                    <dd>3</dd>
                                    <dt>Hits</dt>
                                    <dd>2</dd>
                                    <dt>Errors</dt>
                                    <dd>0</dd>
                                    <dt>Left On Base</dt>
                                    <dd>0</dd>
                                </dl>
                            </div>
                        </div>
                    </div>

                    
                    <div id="inning-5">

                        <div class="panel relative">
                            <div class="row pad">
					            <table class="sidearm-table play-by-play">
                                    <caption>MidAmerica Nazarene - Top of 5th</caption>
						            <thead>
							            <tr>
								            <th scope="col" class="text-hide">Play Description</th>
								            <th scope="col" class="text-center">MNU</th>
								            <th scope="col" class="text-center">WAY</th>
							            </tr>
						            </thead>
						            <tbody>
						    
								            <tr>
									            <th scope="row" class='text-italic'>Jackson to p for Solomon.</th>
									            <td class="text-center ">4</td>
									            <td class="text-center">4</td>
								            </tr>
							            
								            <tr>
									            <th scope="row">Morris struck out swinging, out at first c to 1b (1-2 FBFS).</th>
									            <td class="text-center ">4</td>
									            <td class="text-center">4</td>
								            </tr>
							            
								            <tr>
									            <th scope="row">Healy struck out swinging (2-2 BSKBS).</th>
									            <td class="text-center ">4</td>
									            <td class="text-center">4</td>
								            </tr>
							            
								            <tr>
									            <th scope="row">Jenkins singled to right field (1-2 BKS).</th>
									            <td class="text-center ">4</td>
									            <td class="text-center">4</td>
								            </tr>
							            
								            <tr>
									            <th scope="row">Rellihan out at first 1b to 2b to 1b (2-2 BKKFFFB).</th>
									            <td class="text-center ">4</td>
									            <td class="text-center">4</td>
								            </tr>
							            								
						            </tbody>
					            </table>

                                <dl class="emphasize inline text-right">
                                    <dt>Runs</dt>
                                    <dd>0</dd>
                                    <dt>Hits</dt>
                                    <dd>1</dd>
                                    <dt>Errors</dt>
                                    <dd>0</dd>
                                    <dt>Left On Base</dt>
                                    <dd>1</dd>
                                </dl>
                            </div>
					    </div>

                        <div class="panel relative">
                            <div class="row pad">
					            <table class="sidearm-table play-by-play">
                                    <caption>Wayland Baptist - Bottom of 5th</caption>
						            <thead>
							            <tr>
								            <th scope="col" class="text-hide">Play Description</th>
								            <th scope="col" class="text-center">MNU</th>
								            <th scope="col" class="text-center">WAY</th>
							            </tr>
						            </thead>
						            <tbody>
						    
									        <tr>
									            <th scope="row" class='text-italic'>Castro to p for Garrett.</th>
									            <td class="text-center">4</td>
									            <td class="text-center ">4</td>
								            </tr>
							            
									        <tr>
									            <th scope="row">Ozuna grounded out to ss (1-0 B).</th>
									            <td class="text-center">4</td>
									            <td class="text-center ">4</td>
								            </tr>
							            
									        <tr>
									            <th scope="row">Collazo singled to right field (1-2 KBF).</th>
									            <td class="text-center">4</td>
									            <td class="text-center ">4</td>
								            </tr>
							            
									        <tr>
									            <th scope="row">Collazo out at second c to 2b, caught stealing.</th>
									            <td class="text-center">4</td>
									            <td class="text-center ">4</td>
								            </tr>
							            
									        <tr>
									            <th scope="row">Vargas struck out swinging (3-2 BBKBSS).</th>
									            <td class="text-center">4</td>
									            <td class="text-center ">4</td>
								            </tr>
							            								
						            </tbody>
					            </table>

                                <dl class="emphasize inline text-right">
                                    <dt>Runs</dt>
                                    <dd>0</dd>
                                    <dt>Hits</dt>
                                    <dd>1</dd>
                                    <dt>Errors</dt>
                                    <dd>0</dd>
                                    <dt>Left On Base</dt>
                                    <dd>0</dd>
                                </dl>
                            </div>
                        </div>
                    </div>

                    
                    <div id="inning-6">

                        <div class="panel relative">
                            <div class="row pad">
					            <table class="sidearm-table play-by-play">
                                    <caption>MidAmerica Nazarene - Top of 6th</caption>
						            <thead>
							            <tr>
								            <th scope="col" class="text-hide">Play Description</th>
								            <th scope="col" class="text-center">MNU</th>
								            <th scope="col" class="text-center">WAY</th>
							            </tr>
						            </thead>
						            <tbody>
						    
								            <tr>
									            <th scope="row">Sandoval walked (3-2 FBFBBB).</th>
									            <td class="text-center ">4</td>
									            <td class="text-center">4</td>
								            </tr>
							            
								            <tr>
									            <th scope="row" class='text-italic'>Elam pinch ran for Sandoval.</th>
									            <td class="text-center ">4</td>
									            <td class="text-center">4</td>
								            </tr>
							            
								            <tr>
									            <th scope="row">Freeman singled to left field (3-2 KBFFBB); Elam advanced to third.</th>
									            <td class="text-center ">4</td>
									            <td class="text-center">4</td>
								            </tr>
							            
								            <tr>
									            <th scope="row">Freeman stole second, advanced to third on an error by ss; Elam scored on an error by ss, unearned.</th>
									            <td class="text-center text-bold">5</td>
									            <td class="text-center">4</td>
								            </tr>
							            
								            <tr>
									            <th scope="row">Sherwood struck out swinging (1-2 BKKS).</th>
									            <td class="text-center ">5</td>
									            <td class="text-center">4</td>
								            </tr>
							            
								            <tr>
									            <th scope="row">Leo flied out to rf (1-2 FBFF).</th>
									            <td class="text-center ">5</td>
									            <td class="text-center">4</td>
								            </tr>
							            
								            <tr>
									            <th scope="row">Fernandez lined out to cf.</th>
									            <td class="text-center ">5</td>
									            <td class="text-center">4</td>
								            </tr>
							            								
						            </tbody>
					            </table>

                                <dl class="emphasize inline text-right">
                                    <dt>Runs</dt>
                                    <dd>1</dd>
                                    <dt>Hits</dt>
                                    <dd>1</dd>
                                    <dt>Errors</dt>
                                    <dd>1</dd>
                                    <dt>Left On Base</dt>
                                    <dd>1</dd>
                                </dl>
                            </div>
					    </div>

                        <div class="panel relative">
                            <div class="row pad">
					            <table class="sidearm-table play-by-play">
                                    <caption>Wayland Baptist - Bottom of 6th</caption>
						            <thead>
							            <tr>
								            <th scope="col" class="text-hide">Play Description</th>
								            <th scope="col" class="text-center">MNU</th>
								            <th scope="col" class="text-center">WAY</th>
							            </tr>
						            </thead>
						            <tbody>
						    
									        <tr>
									            <th scope="row" class='text-italic'>Sandoval to c for Elam.</th>
									            <td class="text-center">5</td>
									            <td class="text-center ">4</td>
								            </tr>
							            
									        <tr>
									            <th scope="row">Rivera struck out swinging, out at first c to 1b (0-2 KKS).</th>
									            <td class="text-center">5</td>
									            <td class="text-center ">4</td>
								            </tr>
							            
									        <tr>
									            <th scope="row">Santos grounded out to ss (1-1 KB).</th>
									            <td class="text-center">5</td>
									            <td class="text-center ">4</td>
								            </tr>
							            
									        <tr>
									            <th scope="row">Green grounded out to 3b (1-0 B).</th>
									            <td class="text-center">5</td>
									            <td class="text-center ">4</td>
								            </tr>
							            								
						            </tbody>
					            </table>

                                <dl class="emphasize inline text-right">
                                    <dt>Runs</dt>
                                    <dd>0</dd>
                                    <dt>Hits</dt>
                                    <dd>0</dd>
                                    <dt>Errors</dt>
                                    <dd>0</dd>
                                    <dt>Left On Base</dt>
                                    <dd>0</dd>
                                </dl>
                            </div>
                        </div>
                    </div>

                    
                    <div id="inning-7">

                        <div class="panel relative">
                            <div class="row pad">
					            <table class="sidearm-table play-by-play">
                                    <caption>MidAmerica Nazarene - Top of 7th</caption>
						            <thead>
							            <tr>
								            <th scope="col" class="text-hide">Play Description</th>
								            <th scope="col" class="text-center">MNU</th>
								            <th scope="col" class="text-center">WAY</th>
							            </tr>
						            </thead>
						            <tbody>
						    
								            <tr>
									            <th scope="row">Morris doubled to right center (0-1 F).</th>
									            <td class="text-center ">5</td>
									            <td class="text-center">4</td>
								            </tr>
							            
								            <tr>
									            <th scope="row">Morris advanced to third on a throwing error by c.</th>
									            <td class="text-center ">5</td>
									            <td class="text-center">4</td>
								            </tr>
							            
								            <tr>
									            <th scope="row">Healy singled to center field, RBI (3-2 BSBFB); Morris scored, unearned.</th>
									            <td class="text-center text-bold">6</td>
									            <td class="text-center">4</td>
								            </tr>
							            
								            <tr>
									            <th scope="row">Healy out at second c to ss, caught stealing.</th>
									            <td class="text-center ">6</td>
									            <td class="text-center">4</td>
								            </tr>
							            
								            <tr>
									            <th scope="row">Jenkins singled to shortstop (1-1 BS).</th>
									            <td class="text-center ">6</td>
									            <td class="text-center">4</td>
								            </tr>
							            
								            <tr>
									            <th scope="row">Rellihan singled down the rf line; Jenkins advanced to third.</th>
									            <td class="text-center ">6</td>
									            <td class="text-center">4</td>
								            </tr>
							            
								            <tr>
									            <th scope="row" class='text-italic'>Jones to p for Jackson.</th>
									            <td class="text-center ">6</td>
									            <td class="text-center">4</td>
								            </tr>
							            
								            <tr>
									            <th scope="row">Sandoval popped up to 1b (2-2 FFBB).</th>
									            <td class="text-center ">6</td>
									            <td class="text-center">4</td>
								            </tr>
							            
								            <tr>
									            <th scope="row">Freeman reached on a fielder's choice (3-0 BBB); Rellihan out at second 3b to 2b.</th>
									            <td class="text-center ">6</td>
									            <td class="text-center">4</td>
								            </tr>
							            								
						            </tbody>
					            </table>

                                <dl class="emphasize inline text-right">
                                    <dt>Runs</dt>
                                    <dd>1</dd>
                                    <dt>Hits</dt>
                                    <dd>4</dd>
                                    <dt>Errors</dt>
                                    <dd>1</dd>
                                    <dt>Left On Base</dt>
                                    <dd>2</dd>
                                </dl>
                            </div>
					    </div>

                        <div class="panel relative">
                            <div class="row pad">
					            <table class="sidearm-table play-by-play">
                                    <caption>Wayland Baptist - Bottom of 7th</caption>
						            <thead>
							            <tr>
								            <th scope="col" class="text-hide">Play Description</th>
								            <th scope="col" class="text-center">MNU</th>
								            <th scope="col" class="text-center">WAY</th>
							            </tr>
						            </thead>
						            <tbody>
						    
									        <tr>
									            <th scope="row">Goncalves doubled to left center (0-0).</th>
									            <td class="text-center">6</td>
									            <td class="text-center ">4</td>
								            </tr>
							            
									        <tr>
									            <th scope="row">Adams grounded out to 1b unassisted (1-1 SB); Goncalves advanced to third.</th>
									            <td class="text-center">6</td>
									            <td class="text-center ">4</td>
								            </tr>
							            
									        <tr>
									            <th scope="row">Deatherage walked (3-1 BBFBB).</th>
									            <td class="text-center">6</td>
									            <td class="text-center ">4</td>
								            </tr>
							            
									        <tr>
									            <th scope="row">Ozuna homered to left field, 3 RBI (1-1 KB); Deatherage scored; Goncalves scored.</th>
									            <td class="text-center">6</td>
									            <td class="text-center text-bold">7</td>
								            </tr>
							            								
						            </tbody>
					            </table>

                                <dl class="emphasize inline text-right">
                                    <dt>Runs</dt>
                                    <dd>3</dd>
                                    <dt>Hits</dt>
                                    <dd>2</dd>
                                    <dt>Errors</dt>
                                    <dd>0</dd>
                                    <dt>Left On Base</dt>
                                    <dd>0</dd>
                                </dl>
                            </div>
                        </div>
                    </div>

                    	
            </div>
        </section>	
        
        
        <section id="composite-stats">
            
                <h3 class="hide">Composite Stats</h3>
            
            <div class="panel">
                <div class="row pad">
                    <table class="sidearm-table collapse-on-medium accordion" accordion-table="" sortable-table="">
                        <caption>MidAmerica Nazarene 6<span class="hide"> - Composite Stats</span></caption>
                        <thead>
                            <tr>
                                <th title="Position" scope="col" class="text-hide hide-on-medium-down">POS</th>
                                <th class="text-left" title="Player" scope="col">Player</th>
                                <th class="text-center" title="At Bats" scope="col">AB</th>
                                <th class="text-center" title="Runs Scored" scope="col">R</th>
                                <th class="text-center" title="Hits" scope="col">H</th>
                                <th class="text-center" title="Runs Batted In" scope="col">RBI</th>
                                <th class="text-center" title="Doubles" scope="col">2B</th>
                                <th class="text-center" title="Triples" scope="col">3B</th>
                                <th class="text-center" title="Home runs" scope="col">HR</th>
                                <th class="text-center" title="Walks" scope="col">BB</th>
                                <th class="text-center" title="Stolen Bases" scope="col">SB</th>
                                <th class="text-center" title="Caught Stealing" scope="col">CS</th>
                                <th class="text-center" title="Hit By Pitch" scope="col">HBP</th>
                                <th class="text-center" title="Sacrifice Hits" scope="col">SH</th>
                                <th class="text-center" title="Sacrifice Flies" scope="col">SF</th>
                                <th class="text-center" title="Strike Outs" scope="col">SO</th>
                                <th class="text-center" title="Strike Outs Looking" scope="col">KL</th>
                                <th class="text-center" title="Grounded Into Double Play" scope="col">GDP</th>
                                <th class="text-center" title="Put Outs" scope="col">PO</th>
                                <th class="text-center" title="Assists" scope="col">A</th>
                            </tr>
                        </thead>
                        <tbody>
                            
							<tr>
                                <td class="text-uppercase hide-on-medium-down">dh</td>
                                <th scope="row"><span class="hide-on-large text-uppercase mobile-jersey-number">dh </span>Jenkins</th>
                                <td class="text-center" data-label="AB">4</td>
                                <td class="text-center" data-label="R">0</td>
                                <td class="text-center" data-label="H">2</td>
                                <td class="text-center" data-label="RBI">0</td>
                                <td class="text-center" data-label="2B">0</td>
                                <td class="text-center" data-label="3B">0</td>
                                <td class="text-center" data-label="HR">0</td>
                                <td class="text-center" data-label="BB">0</td>
                                <td class="text-center" data-label="SB">0</td>
                                <td class="text-center" data-label="CS">0</td>
                                <td class="text-center" data-label="HP">0</td>
                                <td class="text-center" data-label="SH">0</td>
                                <td class="text-center" data-label="SF">0</td>
                                <td class="text-center" data-label="SO">1</td>
                                <td class="text-center" data-label="KL">0</td>
                                <td class="text-center" data-label="GDP">0</td>
                                <td class="text-center" data-label="PO">0</td>
                                <td class="text-center" data-label="A">0</td>
                            </tr>
                            
							<tr>
                                <td class="text-uppercase hide-on-medium-down">1b</td>
                                <th scope="row"><span class="hide-on-large text-uppercase mobile-jersey-number">1b </span>Rellihan</th>
                                <td class="text-center" data-label="AB">4</td>
                                <td class="text-center" data-label="R">0</td>
                                <td class="text-center" data-label="H">1</td>
                                <td class="text-center" data-label="RBI">1</td>
                                <td class="text-center" data-label="2B">0</td>
                                <td class="text-center" data-label="3B">0</td>
                                <td class="text-center" data-label="HR">0</td>
                                <td class="text-center" data-label="BB">0</td>
                                <td class="text-center" data-label="SB">0</td>
                                <td class="text-center" data-label="CS">0</td>
                                <td class="text-center" data-label="HP">0</td>
                                <td class="text-center" data-label="SH">0</td>
                                <td class="text-center" data-label="SF">0</td>
                                <td class="text-center" data-label="SO">1</td>
                                <td class="text-center" data-label="KL">0</td>
                                <td class="text-center" data-label="GDP">0</td>
                                <td class="text-center" data-label="PO">6</td>
                                <td class="text-center" data-label="A">0</td>
                            </tr>
                            
							<tr>
                                <td class="text-uppercase hide-on-medium-down">c</td>
                                <th scope="row"><span class="hide-on-large text-uppercase mobile-jersey-number">c </span>Sandoval</th>
                                <td class="text-center" data-label="AB">3</td>
                                <td class="text-center" data-label="R">1</td>
                                <td class="text-center" data-label="H">1</td>
                                <td class="text-center" data-label="RBI">3</td>
                                <td class="text-center" data-label="2B">0</td>
                                <td class="text-center" data-label="3B">0</td>
                                <td class="text-center" data-label="HR">1</td>
                                <td class="text-center" data-label="BB">1</td>
                                <td class="text-center" data-label="SB">0</td>
                                <td class="text-center" data-label="CS">0</td>
                                <td class="text-center" data-label="HP">0</td>
                                <td class="text-center" data-label="SH">0</td>
                                <td class="text-center" data-label="SF">0</td>
                                <td class="text-center" data-label="SO">0</td>
                                <td class="text-center" data-label="KL">0</td>
                                <td class="text-center" data-label="GDP">0</td>
                                <td class="text-center" data-label="PO">5</td>
                                <td class="text-center" data-label="A">2</td>
                            </tr>
                            
							<tr>
                                <td class="text-uppercase hide-on-medium-down">pr</td>
                                <th scope="row">&nbsp;&nbsp;&nbsp;&nbsp;<span class="hide-on-large text-uppercase mobile-jersey-number">pr </span>Elam</th>
                                <td class="text-center" data-label="AB">0</td>
                                <td class="text-center" data-label="R">1</td>
                                <td class="text-center" data-label="H">0</td>
                                <td class="text-center" data-label="RBI">0</td>
                                <td class="text-center" data-label="2B">0</td>
                                <td class="text-center" data-label="3B">0</td>
                                <td class="text-center" data-label="HR">0</td>
                                <td class="text-center" data-label="BB">0</td>
                                <td class="text-center" data-label="SB">0</td>
                                <td class="text-center" data-label="CS">0</td>
                                <td class="text-center" data-label="HP">0</td>
                                <td class="text-center" data-label="SH">0</td>
                                <td class="text-center" data-label="SF">0</td>
                                <td class="text-center" data-label="SO">0</td>
                                <td class="text-center" data-label="KL">0</td>
                                <td class="text-center" data-label="GDP">0</td>
                                <td class="text-center" data-label="PO">0</td>
                                <td class="text-center" data-label="A">0</td>
                            </tr>
                            
							<tr>
                                <td class="text-uppercase hide-on-medium-down">rf</td>
                                <th scope="row"><span class="hide-on-large text-uppercase mobile-jersey-number">rf </span>Freeman</th>
                                <td class="text-center" data-label="AB">4</td>
                                <td class="text-center" data-label="R">0</td>
                                <td class="text-center" data-label="H">1</td>
                                <td class="text-center" data-label="RBI">0</td>
                                <td class="text-center" data-label="2B">0</td>
                                <td class="text-center" data-label="3B">0</td>
                                <td class="text-center" data-label="HR">0</td>
                                <td class="text-center" data-label="BB">0</td>
                                <td class="text-center" data-label="SB">1</td>
                                <td class="text-center" data-label="CS">0</td>
                                <td class="text-center" data-label="HP">0</td>
                                <td class="text-center" data-label="SH">0</td>
                                <td class="text-center" data-label="SF">0</td>
                                <td class="text-center" data-label="SO">0</td>
                                <td class="text-center" data-label="KL">0</td>
                                <td class="text-center" data-label="GDP">0</td>
                                <td class="text-center" data-label="PO">4</td>
                                <td class="text-center" data-label="A">0</td>
                            </tr>
                            
							<tr>
                                <td class="text-uppercase hide-on-medium-down">3b</td>
                                <th scope="row"><span class="hide-on-large text-uppercase mobile-jersey-number">3b </span>Sherwood</th>
                                <td class="text-center" data-label="AB">3</td>
                                <td class="text-center" data-label="R">0</td>
                                <td class="text-center" data-label="H">0</td>
                                <td class="text-center" data-label="RBI">0</td>
                                <td class="text-center" data-label="2B">0</td>
                                <td class="text-center" data-label="3B">0</td>
                                <td class="text-center" data-label="HR">0</td>
                                <td class="text-center" data-label="BB">0</td>
                                <td class="text-center" data-label="SB">0</td>
                                <td class="text-center" data-label="CS">0</td>
                                <td class="text-center" data-label="HP">0</td>
                                <td class="text-center" data-label="SH">0</td>
                                <td class="text-center" data-label="SF">0</td>
                                <td class="text-center" data-label="SO">2</td>
                                <td class="text-center" data-label="KL">1</td>
                                <td class="text-center" data-label="GDP">0</td>
                                <td class="text-center" data-label="PO">0</td>
                                <td class="text-center" data-label="A">1</td>
                            </tr>
                            
							<tr>
                                <td class="text-uppercase hide-on-medium-down">cf</td>
                                <th scope="row"><span class="hide-on-large text-uppercase mobile-jersey-number">cf </span>Leo</th>
                                <td class="text-center" data-label="AB">3</td>
                                <td class="text-center" data-label="R">0</td>
                                <td class="text-center" data-label="H">0</td>
                                <td class="text-center" data-label="RBI">0</td>
                                <td class="text-center" data-label="2B">0</td>
                                <td class="text-center" data-label="3B">0</td>
                                <td class="text-center" data-label="HR">0</td>
                                <td class="text-center" data-label="BB">0</td>
                                <td class="text-center" data-label="SB">0</td>
                                <td class="text-center" data-label="CS">0</td>
                                <td class="text-center" data-label="HP">0</td>
                                <td class="text-center" data-label="SH">0</td>
                                <td class="text-center" data-label="SF">0</td>
                                <td class="text-center" data-label="SO">1</td>
                                <td class="text-center" data-label="KL">0</td>
                                <td class="text-center" data-label="GDP">0</td>
                                <td class="text-center" data-label="PO">1</td>
                                <td class="text-center" data-label="A">0</td>
                            </tr>
                            
							<tr>
                                <td class="text-uppercase hide-on-medium-down">2b</td>
                                <th scope="row"><span class="hide-on-large text-uppercase mobile-jersey-number">2b </span>Fernandez</th>
                                <td class="text-center" data-label="AB">3</td>
                                <td class="text-center" data-label="R">1</td>
                                <td class="text-center" data-label="H">1</td>
                                <td class="text-center" data-label="RBI">0</td>
                                <td class="text-center" data-label="2B">0</td>
                                <td class="text-center" data-label="3B">0</td>
                                <td class="text-center" data-label="HR">0</td>
                                <td class="text-center" data-label="BB">0</td>
                                <td class="text-center" data-label="SB">2</td>
                                <td class="text-center" data-label="CS">0</td>
                                <td class="text-center" data-label="HP">0</td>
                                <td class="text-center" data-label="SH">0</td>
                                <td class="text-center" data-label="SF">0</td>
                                <td class="text-center" data-label="SO">0</td>
                                <td class="text-center" data-label="KL">0</td>
                                <td class="text-center" data-label="GDP">0</td>
                                <td class="text-center" data-label="PO">2</td>
                                <td class="text-center" data-label="A">0</td>
                            </tr>
                            
							<tr>
                                <td class="text-uppercase hide-on-medium-down">lf</td>
                                <th scope="row"><span class="hide-on-large text-uppercase mobile-jersey-number">lf </span>Morris</th>
                                <td class="text-center" data-label="AB">2</td>
                                <td class="text-center" data-label="R">2</td>
                                <td class="text-center" data-label="H">1</td>
                                <td class="text-center" data-label="RBI">0</td>
                                <td class="text-center" data-label="2B">1</td>
                                <td class="text-center" data-label="3B">0</td>
                                <td class="text-center" data-label="HR">0</td>
                                <td class="text-center" data-label="BB">1</td>
                                <td class="text-center" data-label="SB">0</td>
                                <td class="text-center" data-label="CS">0</td>
                                <td class="text-center" data-label="HP">0</td>
                                <td class="text-center" data-label="SH">0</td>
                                <td class="text-center" data-label="SF">0</td>
                                <td class="text-center" data-label="SO">1</td>
                                <td class="text-center" data-label="KL">0</td>
                                <td class="text-center" data-label="GDP">0</td>
                                <td class="text-center" data-label="PO">0</td>
                                <td class="text-center" data-label="A">0</td>
                            </tr>
                            
							<tr>
                                <td class="text-uppercase hide-on-medium-down">ss</td>
                                <th scope="row"><span class="hide-on-large text-uppercase mobile-jersey-number">ss </span>Healy</th>
                                <td class="text-center" data-label="AB">2</td>
                                <td class="text-center" data-label="R">1</td>
                                <td class="text-center" data-label="H">1</td>
                                <td class="text-center" data-label="RBI">1</td>
                                <td class="text-center" data-label="2B">0</td>
                                <td class="text-center" data-label="3B">0</td>
                                <td class="text-center" data-label="HR">0</td>
                                <td class="text-center" data-label="BB">0</td>
                                <td class="text-center" data-label="SB">0</td>
                                <td class="text-center" data-label="CS">1</td>
                                <td class="text-center" data-label="HP">1</td>
                                <td class="text-center" data-label="SH">0</td>
                                <td class="text-center" data-label="SF">0</td>
                                <td class="text-center" data-label="SO">1</td>
                                <td class="text-center" data-label="KL">0</td>
                                <td class="text-center" data-label="GDP">0</td>
                                <td class="text-center" data-label="PO">1</td>
                                <td class="text-center" data-label="A">2</td>
                            </tr>
                            
							<tr>
                                <td class="text-uppercase hide-on-medium-down">p</td>
                                <th scope="row"><span class="hide-on-large text-uppercase mobile-jersey-number">p </span>Garrett</th>
                                <td class="text-center" data-label="AB">0</td>
                                <td class="text-center" data-label="R">0</td>
                                <td class="text-center" data-label="H">0</td>
                                <td class="text-center" data-label="RBI">0</td>
                                <td class="text-center" data-label="2B">0</td>
                                <td class="text-center" data-label="3B">0</td>
                                <td class="text-center" data-label="HR">0</td>
                                <td class="text-center" data-label="BB">0</td>
                                <td class="text-center" data-label="SB">0</td>
                                <td class="text-center" data-label="CS">0</td>
                                <td class="text-center" data-label="HP">0</td>
                                <td class="text-center" data-label="SH">0</td>
                                <td class="text-center" data-label="SF">0</td>
                                <td class="text-center" data-label="SO">0</td>
                                <td class="text-center" data-label="KL">0</td>
                                <td class="text-center" data-label="GDP">0</td>
                                <td class="text-center" data-label="PO">0</td>
                                <td class="text-center" data-label="A">0</td>
                            </tr>
                            
							<tr>
                                <td class="text-uppercase hide-on-medium-down">p</td>
                                <th scope="row">&nbsp;&nbsp;&nbsp;&nbsp;<span class="hide-on-large text-uppercase mobile-jersey-number">p </span>Castro</th>
                                <td class="text-center" data-label="AB">0</td>
                                <td class="text-center" data-label="R">0</td>
                                <td class="text-center" data-label="H">0</td>
                                <td class="text-center" data-label="RBI">0</td>
                                <td class="text-center" data-label="2B">0</td>
                                <td class="text-center" data-label="3B">0</td>
                                <td class="text-center" data-label="HR">0</td>
                                <td class="text-center" data-label="BB">0</td>
                                <td class="text-center" data-label="SB">0</td>
                                <td class="text-center" data-label="CS">0</td>
                                <td class="text-center" data-label="HP">0</td>
                                <td class="text-center" data-label="SH">0</td>
                                <td class="text-center" data-label="SF">0</td>
                                <td class="text-center" data-label="SO">0</td>
                                <td class="text-center" data-label="KL">0</td>
                                <td class="text-center" data-label="GDP">0</td>
                                <td class="text-center" data-label="PO">0</td>
                                <td class="text-center" data-label="A">0</td>
                            </tr>
                            
                        </tbody>
                        <tfoot>
                            <tr>   
                                <td class="hide-on-medium-down"></td>                     
                                <th scope="row">Totals</th>
                                <td class="text-center" data-label="AB">28</td>
                                <td class="text-center" data-label="R">6</td>
                                <td class="text-center" data-label="H">8</td>
                                <td class="text-center" data-label="RBI">5</td>
                                <td class="text-center" data-label="2B">1</td>
                                <td class="text-center" data-label="3B">0</td>
                                <td class="text-center" data-label="HR">1</td>
                                <td class="text-center" data-label="BB">2</td>
                                <td class="text-center" data-label="SB">3</td>
                                <td class="text-center" data-label="CS">1</td>
                                <td class="text-center" data-label="HBP">1</td>
                                <td class="text-center" data-label="SH">0</td>
                                <td class="text-center" data-label="SF">0</td>
                                <td class="text-center" data-label="SO">7</td>
                                <td class="text-center" data-label="KL">1</td>
                                <td class="text-center" data-label="GDP">0</td>
                                <td class="text-center" data-label="PO">19</td>
                                <td class="text-center" data-label="A">5</td>
                            </tr>
                        </tfoot>
                    </table>
                </div>
            </div>
                    
            <div class="panel">
                <div class="row pad">
                    <table class="sidearm-table collapse-on-medium accordion" accordion-table="" sortable-table="">
                        <caption>Wayland Baptist 7<span class="hide">Composite Stats</span></caption>
                        <thead>
                            <tr>
                                <th title="Position" scope="col" class="text-hide hide-on-medium-down">POS</th>
                                <th class="text-left" title="Player" scope="col">Player</th>
                                <th class="text-center" title="At Bats" scope="col">AB</th>
                                <th class="text-center" title="Runs Scored" scope="col">R</th>
                                <th class="text-center" title="Hits" scope="col">H</th>
                                <th class="text-center" title="Runs Batted In" scope="col">RBI</th>
                                <th class="text-center" title="Doubles" scope="col">2B</th>
                                <th class="text-center" title="Triples" scope="col">3B</th>
                                <th class="text-center" title="Home runs" scope="col">HR</th>
                                <th class="text-center" title="Walks" scope="col">BB</th>
                                <th class="text-center" title="Stolen Bases" scope="col">SB</th>
                                <th class="text-center" title="Caught Stealing" scope="col">CS</th>
                                <th class="text-center" title="Hit By Pitch" scope="col">HBP</th>
                                <th class="text-center" title="Sacrifice Hits" scope="col">SH</th>
                                <th class="text-center" title="Sacrifice Flies" scope="col">SF</th>
                                <th class="text-center" title="Strike Outs" scope="col">SO</th>
                                <th class="text-center" title="Strike Outs Looking" scope="col">KL</th>
                                <th class="text-center" title="Grounded Into Double Play" scope="col">GDP</th>
                                <th class="text-center" title="Put Outs" scope="col">PO</th>
                                <th class="text-center" title="Assists" scope="col">A</th>
                            </tr>
                        </thead>
                        <tbody>
                            
                            <tr>
                                <td class="text-uppercase hide-on-medium-down">ss</td>
                                <th scope="row"><span class="hide-on-large text-uppercase mobile-jersey-number">ss </span><a href='/roster.aspx?rp_id=7180' class='boxscore_player_link'>Ozuna</a></th>
                                <td class="text-center" data-label="AB">4</td>
                                <td class="text-center" data-label="R">1</td>
                                <td class="text-center" data-label="H">1</td>
                                <td class="text-center" data-label="RBI">3</td>
                                <td class="text-center" data-label="2B">0</td>
                                <td class="text-center" data-label="3B">0</td>
                                <td class="text-center" data-label="HR">1</td>
                                <td class="text-center" data-label="BB">0</td>
                                <td class="text-center" data-label="SB">0</td>
                                <td class="text-center" data-label="CS">0</td>
                                <td class="text-center" data-label="HP">0</td>
                                <td class="text-center" data-label="SH">0</td>
                                <td class="text-center" data-label="SF">0</td>
                                <td class="text-center" data-label="SO">0</td>
                                <td class="text-center" data-label="KL">0</td>
                                <td class="text-center" data-label="GDP">0</td>
                                <td class="text-center" data-label="PO">1</td>
                                <td class="text-center" data-label="A">1</td>
                            </tr>
                            
                            <tr>
                                <td class="text-uppercase hide-on-medium-down">2b</td>
                                <th scope="row"><span class="hide-on-large text-uppercase mobile-jersey-number">2b </span><a href='/roster.aspx?rp_id=7200' class='boxscore_player_link'>Collazo</a></th>
                                <td class="text-center" data-label="AB">3</td>
                                <td class="text-center" data-label="R">0</td>
                                <td class="text-center" data-label="H">1</td>
                                <td class="text-center" data-label="RBI">0</td>
                                <td class="text-center" data-label="2B">0</td>
                                <td class="text-center" data-label="3B">0</td>
                                <td class="text-center" data-label="HR">0</td>
                                <td class="text-center" data-label="BB">0</td>
                                <td class="text-center" data-label="SB">0</td>
                                <td class="text-center" data-label="CS">1</td>
                                <td class="text-center" data-label="HP">0</td>
                                <td class="text-center" data-label="SH">0</td>
                                <td class="text-center" data-label="SF">0</td>
                                <td class="text-center" data-label="SO">0</td>
                                <td class="text-center" data-label="KL">0</td>
                                <td class="text-center" data-label="GDP">0</td>
                                <td class="text-center" data-label="PO">2</td>
                                <td class="text-center" data-label="A">2</td>
                            </tr>
                            
                            <tr>
                                <td class="text-uppercase hide-on-medium-down">cf</td>
                                <th scope="row"><span class="hide-on-large text-uppercase mobile-jersey-number">cf </span><a href='/roster.aspx?rp_id=7192' class='boxscore_player_link'>Vargas</a></th>
                                <td class="text-center" data-label="AB">3</td>
                                <td class="text-center" data-label="R">1</td>
                                <td class="text-center" data-label="H">1</td>
                                <td class="text-center" data-label="RBI">1</td>
                                <td class="text-center" data-label="2B">0</td>
                                <td class="text-center" data-label="3B">0</td>
                                <td class="text-center" data-label="HR">1</td>
                                <td class="text-center" data-label="BB">0</td>
                                <td class="text-center" data-label="SB">0</td>
                                <td class="text-center" data-label="CS">0</td>
                                <td class="text-center" data-label="HP">0</td>
                                <td class="text-center" data-label="SH">0</td>
                                <td class="text-center" data-label="SF">0</td>
                                <td class="text-center" data-label="SO">1</td>
                                <td class="text-center" data-label="KL">0</td>
                                <td class="text-center" data-label="GDP">0</td>
                                <td class="text-center" data-label="PO">1</td>
                                <td class="text-center" data-label="A">0</td>
                            </tr>
                            
                            <tr>
                                <td class="text-uppercase hide-on-medium-down">3b</td>
                                <th scope="row"><span class="hide-on-large text-uppercase mobile-jersey-number">3b </span><a href='/roster.aspx?rp_id=7179' class='boxscore_player_link'>Rivera</a></th>
                                <td class="text-center" data-label="AB">2</td>
                                <td class="text-center" data-label="R">1</td>
                                <td class="text-center" data-label="H">0</td>
                                <td class="text-center" data-label="RBI">0</td>
                                <td class="text-center" data-label="2B">0</td>
                                <td class="text-center" data-label="3B">0</td>
                                <td class="text-center" data-label="HR">0</td>
                                <td class="text-center" data-label="BB">0</td>
                                <td class="text-center" data-label="SB">0</td>
                                <td class="text-center" data-label="CS">0</td>
                                <td class="text-center" data-label="HP">1</td>
                                <td class="text-center" data-label="SH">0</td>
                                <td class="text-center" data-label="SF">0</td>
                                <td class="text-center" data-label="SO">1</td>
                                <td class="text-center" data-label="KL">0</td>
                                <td class="text-center" data-label="GDP">0</td>
                                <td class="text-center" data-label="PO">0</td>
                                <td class="text-center" data-label="A">2</td>
                            </tr>
                            
                            <tr>
                                <td class="text-uppercase hide-on-medium-down">1b</td>
                                <th scope="row"><span class="hide-on-large text-uppercase mobile-jersey-number">1b </span><a href='/roster.aspx?rp_id=7197' class='boxscore_player_link'>Santos</a></th>
                                <td class="text-center" data-label="AB">3</td>
                                <td class="text-center" data-label="R">1</td>
                                <td class="text-center" data-label="H">1</td>
                                <td class="text-center" data-label="RBI">0</td>
                                <td class="text-center" data-label="2B">0</td>
                                <td class="text-center" data-label="3B">0</td>
                                <td class="text-center" data-label="HR">0</td>
                                <td class="text-center" data-label="BB">0</td>
                                <td class="text-center" data-label="SB">0</td>
                                <td class="text-center" data-label="CS">0</td>
                                <td class="text-center" data-label="HP">0</td>
                                <td class="text-center" data-label="SH">0</td>
                                <td class="text-center" data-label="SF">0</td>
                                <td class="text-center" data-label="SO">1</td>
                                <td class="text-center" data-label="KL">1</td>
                                <td class="text-center" data-label="GDP">0</td>
                                <td class="text-center" data-label="PO">9</td>
                                <td class="text-center" data-label="A">1</td>
                            </tr>
                            
                            <tr>
                                <td class="text-uppercase hide-on-medium-down">c</td>
                                <th scope="row"><span class="hide-on-large text-uppercase mobile-jersey-number">c </span><a href='/roster.aspx?rp_id=7186' class='boxscore_player_link'>Green</a></th>
                                <td class="text-center" data-label="AB">3</td>
                                <td class="text-center" data-label="R">1</td>
                                <td class="text-center" data-label="H">1</td>
                                <td class="text-center" data-label="RBI">3</td>
                                <td class="text-center" data-label="2B">0</td>
                                <td class="text-center" data-label="3B">0</td>
                                <td class="text-center" data-label="HR">1</td>
                                <td class="text-center" data-label="BB">0</td>
                                <td class="text-center" data-label="SB">0</td>
                                <td class="text-center" data-label="CS">0</td>
                                <td class="text-center" data-label="HP">0</td>
                                <td class="text-center" data-label="SH">0</td>
                                <td class="text-center" data-label="SF">0</td>
                                <td class="text-center" data-label="SO">0</td>
                                <td class="text-center" data-label="KL">0</td>
                                <td class="text-center" data-label="GDP">0</td>
                                <td class="text-center" data-label="PO">6</td>
                                <td class="text-center" data-label="A">2</td>
                            </tr>
                            
                            <tr>
                                <td class="text-uppercase hide-on-medium-down">rf</td>
                                <th scope="row"><span class="hide-on-large text-uppercase mobile-jersey-number">rf </span><a href='/roster.aspx?rp_id=7185' class='boxscore_player_link'>Goncalves</a></th>
                                <td class="text-center" data-label="AB">3</td>
                                <td class="text-center" data-label="R">1</td>
                                <td class="text-center" data-label="H">1</td>
                                <td class="text-center" data-label="RBI">0</td>
                                <td class="text-center" data-label="2B">1</td>
                                <td class="text-center" data-label="3B">0</td>
                                <td class="text-center" data-label="HR">0</td>
                                <td class="text-center" data-label="BB">0</td>
                                <td class="text-center" data-label="SB">0</td>
                                <td class="text-center" data-label="CS">0</td>
                                <td class="text-center" data-label="HP">0</td>
                                <td class="text-center" data-label="SH">0</td>
                                <td class="text-center" data-label="SF">0</td>
                                <td class="text-center" data-label="SO">1</td>
                                <td class="text-center" data-label="KL">0</td>
                                <td class="text-center" data-label="GDP">0</td>
                                <td class="text-center" data-label="PO">2</td>
                                <td class="text-center" data-label="A">0</td>
                            </tr>
                            
                            <tr>
                                <td class="text-uppercase hide-on-medium-down">lf</td>
                                <th scope="row"><span class="hide-on-large text-uppercase mobile-jersey-number">lf </span><a href='/roster.aspx?rp_id=7188' class='boxscore_player_link'>Adams</a></th>
                                <td class="text-center" data-label="AB">3</td>
                                <td class="text-center" data-label="R">0</td>
                                <td class="text-center" data-label="H">0</td>
                                <td class="text-center" data-label="RBI">0</td>
                                <td class="text-center" data-label="2B">0</td>
                                <td class="text-center" data-label="3B">0</td>
                                <td class="text-center" data-label="HR">0</td>
                                <td class="text-center" data-label="BB">0</td>
                                <td class="text-center" data-label="SB">0</td>
                                <td class="text-center" data-label="CS">0</td>
                                <td class="text-center" data-label="HP">0</td>
                                <td class="text-center" data-label="SH">0</td>
                                <td class="text-center" data-label="SF">0</td>
                                <td class="text-center" data-label="SO">0</td>
                                <td class="text-center" data-label="KL">0</td>
                                <td class="text-center" data-label="GDP">0</td>
                                <td class="text-center" data-label="PO">0</td>
                                <td class="text-center" data-label="A">0</td>
                            </tr>
                            
                            <tr>
                                <td class="text-uppercase hide-on-medium-down">dh</td>
                                <th scope="row"><span class="hide-on-large text-uppercase mobile-jersey-number">dh </span><a href='/roster.aspx?rp_id=7199' class='boxscore_player_link'>Deatherage</a></th>
                                <td class="text-center" data-label="AB">1</td>
                                <td class="text-center" data-label="R">1</td>
                                <td class="text-center" data-label="H">0</td>
                                <td class="text-center" data-label="RBI">0</td>
                                <td class="text-center" data-label="2B">0</td>
                                <td class="text-center" data-label="3B">0</td>
                                <td class="text-center" data-label="HR">0</td>
                                <td class="text-center" data-label="BB">2</td>
                                <td class="text-center" data-label="SB">0</td>
                                <td class="text-center" data-label="CS">0</td>
                                <td class="text-center" data-label="HP">0</td>
                                <td class="text-center" data-label="SH">0</td>
                                <td class="text-center" data-label="SF">0</td>
                                <td class="text-center" data-label="SO">0</td>
                                <td class="text-center" data-label="KL">0</td>
                                <td class="text-center" data-label="GDP">0</td>
                                <td class="text-center" data-label="PO">0</td>
                                <td class="text-center" data-label="A">0</td>
                            </tr>
                            
                            <tr>
                                <td class="text-uppercase hide-on-medium-down">p</td>
                                <th scope="row"><span class="hide-on-large text-uppercase mobile-jersey-number">p </span><a href='/roster.aspx?rp_id=7178' class='boxscore_player_link'>Solomon</a></th>
                                <td class="text-center" data-label="AB">0</td>
                                <td class="text-center" data-label="R">0</td>
                                <td class="text-center" data-label="H">0</td>
                                <td class="text-center" data-label="RBI">0</td>
                                <td class="text-center" data-label="2B">0</td>
                                <td class="text-center" data-label="3B">0</td>
                                <td class="text-center" data-label="HR">0</td>
                                <td class="text-center" data-label="BB">0</td>
                                <td class="text-center" data-label="SB">0</td>
                                <td class="text-center" data-label="CS">0</td>
                                <td class="text-center" data-label="HP">0</td>
                                <td class="text-center" data-label="SH">0</td>
                                <td class="text-center" data-label="SF">0</td>
                                <td class="text-center" data-label="SO">0</td>
                                <td class="text-center" data-label="KL">0</td>
                                <td class="text-center" data-label="GDP">0</td>
                                <td class="text-center" data-label="PO">0</td>
                                <td class="text-center" data-label="A">2</td>
                            </tr>
                            
                            <tr>
                                <td class="text-uppercase hide-on-medium-down">p</td>
                                <th scope="row">&nbsp;&nbsp;&nbsp;&nbsp;<span class="hide-on-large text-uppercase mobile-jersey-number">p </span><a href='/roster.aspx?rp_id=7181' class='boxscore_player_link'>Jackson</a></th>
                                <td class="text-center" data-label="AB">0</td>
                                <td class="text-center" data-label="R">0</td>
                                <td class="text-center" data-label="H">0</td>
                                <td class="text-center" data-label="RBI">0</td>
                                <td class="text-center" data-label="2B">0</td>
                                <td class="text-center" data-label="3B">0</td>
                                <td class="text-center" data-label="HR">0</td>
                                <td class="text-center" data-label="BB">0</td>
                                <td class="text-center" data-label="SB">0</td>
                                <td class="text-center" data-label="CS">0</td>
                                <td class="text-center" data-label="HP">0</td>
                                <td class="text-center" data-label="SH">0</td>
                                <td class="text-center" data-label="SF">0</td>
                                <td class="text-center" data-label="SO">0</td>
                                <td class="text-center" data-label="KL">0</td>
                                <td class="text-center" data-label="GDP">0</td>
                                <td class="text-center" data-label="PO">0</td>
                                <td class="text-center" data-label="A">0</td>
                            </tr>
                            
                            <tr>
                                <td class="text-uppercase hide-on-medium-down">p</td>
                                <th scope="row">&nbsp;&nbsp;&nbsp;&nbsp;<span class="hide-on-large text-uppercase mobile-jersey-number">p </span><a href='/roster.aspx?rp_id=7195' class='boxscore_player_link'>Jones</a></th>
                                <td class="text-center" data-label="AB">0</td>
                                <td class="text-center" data-label="R">0</td>
                                <td class="text-center" data-label="H">0</td>
                                <td class="text-center" data-label="RBI">0</td>
                                <td class="text-center" data-label="2B">0</td>
                                <td class="text-center" data-label="3B">0</td>
                                <td class="text-center" data-label="HR">0</td>
                                <td class="text-center" data-label="BB">0</td>
                                <td class="text-center" data-label="SB">0</td>
                                <td class="text-center" data-label="CS">0</td>
                                <td class="text-center" data-label="HP">0</td>
                                <td class="text-center" data-label="SH">0</td>
                                <td class="text-center" data-label="SF">0</td>
                                <td class="text-center" data-label="SO">0</td>
                                <td class="text-center" data-label="KL">0</td>
                                <td class="text-center" data-label="GDP">0</td>
                                <td class="text-center" data-label="PO">0</td>
                                <td class="text-center" data-label="A">0</td>
                            </tr>
                            
                        </tbody>
                        <tfoot>
                            <tr> 
                                <td class="hide-on-medium-down"></td>                       
                                <th scope="row">Totals</th>
                                <td class="text-center" data-label="AB">25</td>
                                <td class="text-center" data-label="R">7</td>
                                <td class="text-center" data-label="H">6</td>
                                <td class="text-center" data-label="RBI">7</td>
                                <td class="text-center" data-label="2B">1</td>
                                <td class="text-center" data-label="3B">0</td>
                                <td class="text-center" data-label="HR">3</td>
                                <td class="text-center" data-label="BB">2</td>
                                <td class="text-center" data-label="SB">0</td>
                                <td class="text-center" data-label="CS">1</td>
                                <td class="text-center" data-label="HBP">1</td>
                                <td class="text-center" data-label="SH">0</td>
                                <td class="text-center" data-label="SF">0</td>
                                <td class="text-center" data-label="SO">4</td>
                                <td class="text-center" data-label="KL">1</td>
                                <td class="text-center" data-label="GDP">0</td>
                                <td class="text-center" data-label="PO">21</td>
                                <td class="text-center" data-label="A">10</td>
                            </tr>
                        </tfoot>
                    </table>   
                </div>
            </div>


        </section>
    </div>
            

        

    </article>
		
	<script>
		require(["sidearm-responsive"], function () {
			$(window).sidearmResponsive();
		})
	</script>
    

            </main>
            
            <section class="s-sponsors" aria-labelledby="h2_sponsors">
                <h2 class="hide" id="h2_sponsors">Sponsors</h2>
                <div class="row">
                    

<script>
    var obj = {"start":0,"count":10,"name":"sponsors-3f6e39","sport_id":null,"count_breakpoints":null,"css_class":"","pinned_id":"","extra":{},"context":null,"dummy":false,"type":"ads","id":"18814f32-8d1b-436a-804d-dc5f7a11c8a7","data":{"location":{"id":143,"title":"Sponsors","type":"multi","effect":"slide","fixed_image_sizes":true,"excluded_sport_ids":[],"slick":true,"dfp":false,"sidearm_dfp":false,"common_page":false,"html_template":null,"name":"sponsors-3f6e39","autoplay_speed":8,"accessibility_icons":false,"sizes":null,"slick_options":[{"id":0,"breakpoint":0,"arrows":true,"dots":false,"slides_to_show":1,"slides_to_scroll":1,"extra_options":"{autoplay: true, autoplaySpeed: 8000, pausable: true, infinite:true}"},{"id":0,"breakpoint":640,"arrows":true,"dots":true,"slides_to_show":3,"slides_to_scroll":1,"extra_options":"{autoplay: true, autoplaySpeed: 8000, pausable: true, infinite:true}"},{"id":0,"breakpoint":1025,"arrows":true,"dots":true,"slides_to_show":6,"slides_to_scroll":1,"extra_options":"{autoplay: true, autoplaySpeed: 8000, pausable: true, infinite:true}"}],"dfp_sizes":null},"campaigns":[{"id":3,"title":"Sponsors TEST 1","start_date":"2020-08-21T15:13:08","end_date":null,"open_in_new_window":true,"link":"/common/controls/adhandler.aspx?ad_id=3&target=https://chickene.com/","icon":null,"html":null,"picture":{"images":[{"breakpoint":0,"alt":"Chicken Express","image":"https://dbukjj6eu5tsf.cloudfront.net/sidearm.sites/wbu.sidearmsports.com/images/2020/12/17/Chicken_Express_logo.png","width":null,"height":null}]},"css_class":null,"is_dummy":false,"hover_text":null},{"id":4,"title":"Sponsors TEST 2","start_date":"2020-08-21T15:13:08","end_date":null,"open_in_new_window":true,"link":"/common/controls/adhandler.aspx?ad_id=4&target=https://www.mcdonalds.com/us/en-us.html","icon":null,"html":null,"picture":{"images":[{"breakpoint":0,"alt":"McDonald's","image":"https://dbukjj6eu5tsf.cloudfront.net/sidearm.sites/wbu.sidearmsports.com/images/2020/12/17/McDonalds.png","width":null,"height":null}]},"css_class":null,"is_dummy":false,"hover_text":null},{"id":5,"title":"Sponsors TEST 3","start_date":"2020-08-21T15:13:08","end_date":null,"open_in_new_window":true,"link":"/common/controls/adhandler.aspx?ad_id=5&target=https://www.vistabank.com/","icon":null,"html":null,"picture":{"images":[{"breakpoint":0,"alt":"Vista Bank","image":"https://dbukjj6eu5tsf.cloudfront.net/sidearm.sites/wbu.sidearmsports.com/images/2020/12/17/vista_bank.jpg","width":null,"height":null}]},"css_class":null,"is_dummy":false,"hover_text":null},{"id":6,"title":"Sponsors TEST 4","start_date":"2020-08-21T15:13:08","end_date":null,"open_in_new_window":true,"link":"/common/controls/adhandler.aspx?ad_id=6&target=https://www.atmosenergy.com/","icon":null,"html":null,"picture":{"images":[{"breakpoint":0,"alt":"Atmos","image":"https://dbukjj6eu5tsf.cloudfront.net/sidearm.sites/wbu.sidearmsports.com/images/2020/12/17/Atmos.jpg","width":null,"height":null}]},"css_class":null,"is_dummy":false,"hover_text":null},{"id":7,"title":"Sponsors TEST 5","start_date":"2020-08-21T15:13:08","end_date":null,"open_in_new_window":true,"link":"/common/controls/adhandler.aspx?ad_id=7&target=https://www.plainviewchrysler.com/","icon":null,"html":null,"picture":{"images":[{"breakpoint":0,"alt":"Plainview Chrysler Dodge Jeep Ram","image":"https://dbukjj6eu5tsf.cloudfront.net/sidearm.sites/wbu.sidearmsports.com/images/2020/12/17/Plv_Dodge_Chrysler_71.jpg","width":null,"height":null}]},"css_class":null,"is_dummy":false,"hover_text":null},{"id":8,"title":"Sponsors TEST 6","start_date":"2020-08-21T15:13:08","end_date":null,"open_in_new_window":true,"link":"/common/controls/adhandler.aspx?ad_id=8&target=https://www.facebook.com/Master-Graphics-LLC-479081678816081","icon":null,"html":null,"picture":{"images":[{"breakpoint":0,"alt":"Master Graphics","image":"https://dbukjj6eu5tsf.cloudfront.net/sidearm.sites/wbu.sidearmsports.com/images/2020/12/17/Master_Graphics.jpg","width":null,"height":null}]},"css_class":null,"is_dummy":false,"hover_text":null},{"id":9,"title":"Sponsors TEST 7","start_date":"2020-08-21T15:13:08","end_date":null,"open_in_new_window":true,"link":"/common/controls/adhandler.aspx?ad_id=9&target=https://www.covenanthealth.org/","icon":null,"html":null,"picture":{"images":[{"breakpoint":0,"alt":"Covenant Health Hospital","image":"https://dbukjj6eu5tsf.cloudfront.net/sidearm.sites/wbu.sidearmsports.com/images/2020/12/17/Covenant.jpg","width":null,"height":null}]},"css_class":null,"is_dummy":false,"hover_text":null},{"id":10,"title":"Sponsors TEST 8","start_date":"2020-08-21T15:13:08","end_date":null,"open_in_new_window":true,"link":"/common/controls/adhandler.aspx?ad_id=10&target=https://www.higginbotham.net/plainview","icon":null,"html":null,"picture":{"images":[{"breakpoint":0,"alt":"Higginbotham Insurance","image":"https://dbukjj6eu5tsf.cloudfront.net/sidearm.sites/wbu.sidearmsports.com/images/2020/12/17/Higginbotham.jpg","width":null,"height":null}]},"css_class":null,"is_dummy":false,"hover_text":null}],"content_id":"sponsors-3f6e39","content_title":"sponsors-3f6e39","content_date":null,"content_url":null,"content_image_url":null},"mode":"web"};
    if (!("sidearmComponents" in window))
        window.sidearmComponents = [];
    window.sidearmComponents.push(obj);
</script>

<ads-component params="{ id: '18814f32-8d1b-436a-804d-dc5f7a11c8a7' }"></ads-component>
                </div>
            </section>

            <div class="dfp-advert">
                <div class="row">
                    

<script>
    var obj = {"start":0,"count":10,"name":"sidearm-dfp-2","sport_id":null,"count_breakpoints":null,"css_class":"","pinned_id":"","extra":{},"context":null,"dummy":false,"type":"ads","id":"8ffd3899-a223-4e85-8fa4-c8fb5208dcf8","data":{"location":{"id":91,"title":"SIDEARM DFP - Location 2","type":"dfp","effect":"none","fixed_image_sizes":false,"excluded_sport_ids":[],"slick":false,"dfp":true,"sidearm_dfp":true,"common_page":false,"html_template":null,"name":"sidearm-dfp-2","autoplay_speed":8,"accessibility_icons":false,"sizes":null,"slick_options":null,"dfp_sizes":[{"id":230,"enabled":true,"breakpoint":1024,"width":970,"height":0,"size_list":"[[970,66],[970,90]]","unit_name":"//wbu/sidearm-dfp-2","sidearm_dfp":null},{"id":229,"enabled":true,"breakpoint":767,"width":728,"height":90,"size_list":null,"unit_name":"//wbu/sidearm-dfp-2","sidearm_dfp":null},{"id":228,"enabled":true,"breakpoint":0,"width":300,"height":250,"size_list":null,"unit_name":"//wbu/sidearm-dfp-2","sidearm_dfp":null}]},"campaigns":null,"content_id":"sidearm-dfp-2","content_title":"sidearm-dfp-2","content_date":null,"content_url":null,"content_image_url":null},"mode":"web"};
    if (!("sidearmComponents" in window))
        window.sidearmComponents = [];
    window.sidearmComponents.push(obj);
</script>

<ads-component params="{ id: '8ffd3899-a223-4e85-8fa4-c8fb5208dcf8' }"></ads-component>
                </div>
            </div>

            <footer id="main-footer" class="main-footer" aria-labelledby="h2_main-footer">
                <div class="footer-logos">
                    <div class="row">
                        <div class="flex">
                            <div class="footer-logos__logo edu">
                                <a href="https://www.wbu.edu/" target="_blank">
                                    <img src="/images/responsive_2020/logos_uni.svg" alt="Wayland Baptist University logo - link to .edu site">
                                </a>
                            </div>
                            <div class="footer-logos__logo naia">
                                <a href="" target="_blank">
                                    <img src="/images/responsive_2020/NAIA_logo.svg" alt="National Association of Intercollegiate Athletics logo - link to site">
                                </a>
                            </div>
                            <div class="footer-logos__logo sac">
                                <a href="http://www.soonerathletic.org/" target="_blank">
                                    <img src="/images/responsive_2020/logos_sac.png" alt="Sooner Athletic Conference logo - link to site">
                                </a>
                            </div>
                        </div>
                    </div>
                </div>
                <h2 class="hide" id="h2_main-footer">Footer</h2>
                <div class="row">
                    
<style>
    .c-common-footer{ line-height:1.5; padding:0;}
    .c-common-footer .c-common-footer__list-items{margin:0; padding:0; list-style:none;}
    .c-common-footer .c-common-footer__list-item{padding:12px 24px; border-top:solid 1px;}
    .c-common-footer .c-common-footer__list-item:first-child{ border-top:none;}
    .c-common-footer .c-common-footer__list-item:nth-child(n+3){width:100%;}
    .c-common-footer .c-common-footer__list-link{text-decoration:none; font-weight:400; font-size:1rem;}
    .c-common-footer .c-common-footer__list-link:hover{text-decoration:underline;}
    .c-common-footer .c-common-footer__logos{ flex: 0 0 auto; -webkit-flex: 0 0 auto; border-top:solid 1px;}
    .c-common-footer .c-common-footer__logo-item{ padding:24px; flex: 1 1 50%; -webkit-flex: 1 1 50%; text-align:center;}
    .c-common-footer .c-common-footer__logo-link { display:inline-block;}
    .c-common-footer .c-common-footer__logo-item:nth-child(n+2){ border-left:solid 1px; }
    .c-common-footer .c-common-footer__logo-item svg{ max-height:30px; width:100%;}

    .c-common-footer--black{ background:black; }
    .c-common-footer--black .c-common-footer__list-link{ color:white;}
    .c-common-footer--black .c-common-footer__list-item{border-top-color:#474952;}
    .c-common-footer--black .c-common-footer__list-item:nth-child(2) { border-left-color:#474952; }
    .c-common-footer--black .c-common-footer__logos{ border-top-color:#474952;}
    .c-common-footer--black .c-common-footer__logo-item:nth-child(n+2){ border-left-color:#474952; }

    .c-common-footer--white{ background:white; }
    .c-common-footer--white .c-common-footer__list-link{ color:black;}
    .c-common-footer--white .c-common-footer__list-item{border-top-color:#d9d9db;}
    .c-common-footer--white .c-common-footer__list-item:nth-child(2) { border-left-color: #d9d9db; }
    .c-common-footer--white .c-common-footer__logos{ border-top-color:#d9d9db;}
    .c-common-footer--white .c-common-footer__logo-item:nth-child(n+2){ border-left-color:#d9d9db; }

    .c-common-footer--gray{ background:#f5f5f5; }
    .c-common-footer--gray .c-common-footer__list-link{ color:black;}
    .c-common-footer--gray .c-common-footer__list-item{border-top-color:#d9d9db;}
    .c-common-footer--gray .c-common-footer__list-item:nth-child(2) { border-left-color: #d9d9db; }
    .c-common-footer--gray .c-common-footer__logos{ border-top-color:#d9d9db;}
    .c-common-footer--gray .c-common-footer__logo-item:nth-child(n+2){ border-left-color:#d9d9db; }

    @media all and (min-width:540px) {
        .c-common-footer .c-common-footer__links{ padding: 24px 12px; flex: 1 1 auto; -webkit-flex: 1 1 auto;}
        .c-common-footer .c-common-footer__list-item{padding:0 12px; margin-bottom:4px; border-top:none;}
        .c-common-footer  .c-common-footer__list-item:nth-child(2){ border-left-style:solid; border-left-width: 1px;}
        .c-common-footer .c-common-footer__logos{ border-top-style:none; }
        .c-common-footer .c-common-footer__logo-item{ flex: 1 0 auto; -webkit-flex: 1 0 auto; }
        .c-common-footer .c-common-footer__logo-item svg{ height:36px; width:auto; max-height:none;}
        .c-common-footer .c-common-footer__logo-item .c-common-footer__logo-learfield{ height:30px; width:auto; max-height:none;}
        .c-common-footer .c-common-footer__logo-item .c-common-footer__logo-sidearm{ height:48px; width:auto; max-height:none;}
        .c-common-footer--learfield .c-common-footer__logos{border-top-style:solid; border-top-width: 1px; }
    }
    @media all and (min-width:768px){
        .c-common-footer{ padding:24px 0;}
        .c-common-footer .c-common-footer__logos {border-top: none;}
        .c-common-footer .c-common-footer__logo-item{ padding:6px 24px; flex: 0 0 auto; -webkit-flex: 0 0 auto;}
    }
</style>
<div class="component c-common-footer c-common-footer--white flex flex-column flex-align-stretch flex-justify-between medium-flex-row">
    <div class="c-common-footer__links">
        <ul class="c-common-footer__list-items flex flex-column flex-align-stretch medium-flex-row flex-wrap">
            <li class="c-common-footer__list-item">
                <a class="c-common-footer__list-link" href="http://sidearmsports.com/terms-of-service" target="_blank">Terms of Service</a>
            </li>
            <li class="c-common-footer__list-item">
                <a class="c-common-footer__list-link" href="http://sidearmsports.com/privacypolicy" target="_blank">Privacy Policy</a>
            </li>
            
            <li class="c-common-footer__list-item">
                <a class="c-common-footer__list-link" href="https://www.cbssports.com" target="_blank">video platform powered by CBS Sports Digital</a>
            </li>
        </ul>
    </div>
    <div class="c-common-footer__logos flex flex-align-center">
        
            <div class="c-common-footer__logo-item">
                <a class="c-common-footer__logo-link" href="https://www.sidearmsports.com" aria-label="Link to Sidearm Sports home page" target="_blank">
                    
                             <svg class="c-common-footer__logo-sidearm" fill="none" xmlns="http://www.w3.org/2000/svg" viewbox="0 0 200 57" xmlns:xlink="http://www.w3.org/1999/xlink" aria-labelledby="sidearm_sports_logo_title"><g clip-path="url(#clip6)"><title id="sidearm_sports_logo_title">Sidearm Sports Learfield</title><path d="M126.192 3.382c-.61 0-.924.558-.924 1.674v.662c0 .855.61 1.64 1.865 2.371 1.743 1.03 2.894 1.866 3.469 2.511 1.273 1.465 1.9 3.487 1.9 6.067 0 3.626-2.126 5.44-6.362 5.44-2.092 0-3.609-.384-4.515-1.168-.977-.855-1.465-2.302-1.465-4.36v-2.65h5.108c0 .245-.017.611-.052 1.1a16.89 16.89 0 00-.053 1.098c0 1.726.349 2.58 1.046 2.58.698 0 1.029-.663 1.029-1.988 0-.906-.105-1.621-.349-2.127-.244-.505-.732-.993-1.482-1.499-1.952-1.29-3.085-2.11-3.381-2.423-1.221-1.308-1.831-3.104-1.831-5.405 0-3.522 2.005-5.265 5.997-5.265 2.475 0 4.114.523 4.916 1.552.697.871 1.028 2.58 1.028 5.108h-4.881V5.352c0-1.307-.348-1.97-1.063-1.97zm12.621 5.998h.993c.907 0 1.36-.454 1.36-1.343V5.038c0-.889-.453-1.325-1.36-1.325h-.993V9.38zM133.566 0h7.199c3.487 0 5.23 1.691 5.23 5.038v2.72c0 2.406-.645 3.94-1.918 4.638-.819.453-2.58.68-5.264.68v9.013h-5.247V0zm18.949 17.138c0 .924.348 1.394 1.046 1.394.697 0 1.045-.47 1.045-1.394V4.968c0-.923-.348-1.394-1.045-1.394-.698 0-1.046.47-1.046 1.395v12.169zm-5.457-10.565c0-2.232.523-3.888 1.569-4.97C149.673.523 151.329 0 153.561 0c2.248 0 3.887.523 4.933 1.604 1.046 1.063 1.569 2.72 1.569 4.969v8.96c0 2.232-.523 3.889-1.569 4.97-1.046 1.063-2.685 1.604-4.933 1.604-2.232 0-3.888-.54-4.934-1.604-1.046-1.064-1.569-2.72-1.569-4.97v-8.96zm19.577 1.883h.436c1.133 0 1.708-.506 1.708-1.552v-1.83c0-1.03-.575-1.552-1.708-1.552h-.436v4.934zM161.388 0h6.031c2.754 0 4.515.384 5.3 1.168.784.785 1.168 2.545 1.168 5.3 0 1.238-.245 2.162-.75 2.772-.506.61-1.377.994-2.597 1.133 1.307.175 2.231.558 2.754 1.151.54.61.802 1.552.802 2.842v7.74h-5.317v-8.385c0-1.273-.488-1.918-1.447-1.918h-.68v10.303h-5.247V0h-.017zm16.525 4.463h-3.382V0h12.447v4.463h-3.382v17.644h-5.683V4.463zm15.759-1.081c-.61 0-.924.558-.924 1.674v.662c0 .855.628 1.64 1.865 2.371 1.744 1.03 2.894 1.866 3.47 2.511 1.272 1.464 1.9 3.487 1.9 6.067 0 3.626-2.11 5.44-6.363 5.44-2.092 0-3.591-.384-4.515-1.169-.959-.854-1.447-2.3-1.447-4.358v-2.65h5.108c0 .244-.018.61-.053 1.098a17.48 17.48 0 00-.052 1.099c0 1.726.331 2.58 1.029 2.58.697 0 1.046-.663 1.046-1.988 0-.906-.123-1.621-.367-2.127-.226-.505-.732-.993-1.464-1.499-1.97-1.307-3.103-2.127-3.399-2.44-1.22-1.308-1.831-3.104-1.831-5.405 0-3.505 2.005-5.265 6.015-5.265 2.475 0 4.114.523 4.915 1.551.698.872 1.029 2.58 1.029 5.108h-4.898v-1.29c.017-1.307-.349-1.97-1.064-1.97z" fill="#EE7623"></path><path d="M29.844 3.382c-.645 0-.959.558-.959 1.656v.646c0 .854.645 1.638 1.953 2.37 1.813 1.03 3.015 1.866 3.608 2.511 1.325 1.465 1.97 3.47 1.97 6.05 0 3.609-2.197 5.422-6.607 5.422-2.179 0-3.748-.384-4.69-1.15-1.01-.855-1.516-2.302-1.516-4.36v-2.632h5.317c0 .244-.017.61-.07 1.098-.035.489-.07.855-.07 1.099 0 1.726.367 2.58 1.081 2.58.715 0 1.081-.663 1.081-1.988 0-.906-.122-1.62-.366-2.109-.244-.506-.767-1.011-1.534-1.5-2.057-1.307-3.225-2.109-3.539-2.423-1.272-1.307-1.9-3.103-1.9-5.387C23.603 1.743 25.678 0 29.861 0c2.563 0 4.271.506 5.108 1.534.715.872 1.08 2.563 1.08 5.091h-5.09v-1.29c0-1.308-.383-1.953-1.115-1.953zM37.776.07h5.682v22.037h-5.682V.07zM50.78 18.393h.837c.889 0 1.325-.61 1.325-1.813V5.579c0-1.22-.436-1.83-1.325-1.83h-.837v14.644zM45.097.07h7.165c2.249 0 3.835.366 4.759 1.115 1.063.837 1.604 2.354 1.604 4.533v12.17c0 2.824-1.674 4.236-5.038 4.236h-8.49V.07zm20.849 17.59v-4.846h4.811l.54-4.254h-5.35V4.515h5.856L72.361.07h-13.51s1.343.75 1.412 1.952v18.15c-.07 1.185-1.412 1.952-1.412 1.952H69.59l.557-4.446h-4.2v-.017zm13.196-4.88l-.993-8.822-.994 8.821h1.987zM73.982.07h8.176l3.033 22.037h-5.386l-.576-5.945h-2.074l-.627 5.945h-5.335L73.983.07zm16.945 8.42h.435c1.133 0 1.691-.505 1.691-1.551V5.126c0-1.029-.558-1.552-1.69-1.552h-.436V8.49zM83.797.07h7.897c2.736 0 4.497.383 5.281 1.168.785.784 1.169 2.545 1.169 5.282 0 1.238-.245 2.162-.75 2.755-.506.61-1.36.976-2.58 1.133 1.29.157 2.214.54 2.754 1.15.54.594.802 1.553.802 2.843v7.723h-5.317v-7.305c0-1.273-.488-2.04-1.447-2.04h-.68v9.328h-4.148L83.797.07zm15.95 0h7.566l1.482 12.448L110.172.07h7.652v22.037h-4.811V5.736l-2.458 16.37h-3.608l-2.389-16.37v16.37h-4.81V.07zM6.31 17.33l4.707 4.707 6.572-6.573-2.214-2.197L6.31 17.33zM4.445 6.573L6.66 8.787l9.065-4.08L11.017 0 4.445 6.573z" fill="#003057"></path><path d="M6.24 10.548L3.365 7.67 0 11.018l5.23 5.23 10.564-4.759 2.893 2.894 3.347-3.365-5.212-5.212-10.581 4.742z" fill="#EE7623"></path><path d="M19.158 44.23h2.075c.366 0 .697.035.993.105.296.07.54.175.75.331.209.157.366.35.488.576.122.226.174.523.174.837 0 .348-.07.645-.192.889-.14.244-.313.436-.54.575-.227.14-.488.244-.784.314a4.14 4.14 0 01-.96.104h-.87v2.633h-1.134V44.23zm1.918 2.773c.191 0 .366-.018.523-.035a1.73 1.73 0 00.453-.14.704.704 0 00.314-.279.939.939 0 00.122-.47c0-.192-.035-.332-.122-.454a.704.704 0 00-.314-.279 1.153 1.153 0 00-.436-.122 4.588 4.588 0 00-.506-.035h-.819v1.831h.785v-.017zm4.009.383c0-.506.087-.976.261-1.377.175-.401.401-.767.715-1.046a3.22 3.22 0 011.081-.663 3.837 3.837 0 011.36-.226c.488 0 .959.07 1.377.226a3.22 3.22 0 011.08.663c.314.279.541.627.715 1.046.175.4.262.871.262 1.377 0 .488-.087.941-.262 1.36-.174.401-.4.767-.714 1.063a3.494 3.494 0 01-1.081.698c-.419.174-.872.244-1.377.244-.488 0-.942-.087-1.36-.244a3.205 3.205 0 01-1.08-.697 3.261 3.261 0 01-.716-1.064 3.38 3.38 0 01-.261-1.36zm1.238 0c0 .349.052.663.157.941.104.28.261.524.453.733.192.209.418.366.697.488.262.122.558.174.89.174.33 0 .627-.052.888-.174.262-.122.506-.279.697-.488.192-.21.35-.454.454-.733a2.67 2.67 0 00.157-.94c0-.332-.053-.629-.157-.925a2.208 2.208 0 00-.436-.732 2.01 2.01 0 00-.697-.488 2.187 2.187 0 00-.89-.175c-.313 0-.627.053-.889.175a2.113 2.113 0 00-.68.488c-.191.21-.33.453-.435.732a1.89 1.89 0 00-.21.924zm6.816-3.156h1.237l1.238 4.673h.018l1.394-4.672h1.168l1.377 4.672h.018l1.255-4.672h1.203l-1.866 6.346h-1.098l-1.482-4.76h-.017l-1.482 4.76h-1.098l-1.865-6.346zm10.407 0h4.2v.994h-3.085v1.622h2.911v.959h-2.91V49.6h3.242v1.011h-4.376v-6.38h.018zm6.24 0H52c.297 0 .593.035.872.088.279.07.523.174.75.314.226.139.4.33.523.557.139.227.191.523.191.855 0 .453-.122.837-.383 1.133-.262.296-.61.488-1.064.593l1.691 2.824h-1.36l-1.464-2.685h-.819v2.685h-1.133V44.23h-.018zm2.057 2.738c.157 0 .332-.018.489-.035.157-.018.313-.07.435-.14a.957.957 0 00.314-.279c.087-.122.122-.279.122-.47 0-.175-.035-.314-.122-.419a.868.868 0 00-.296-.261 1.556 1.556 0 00-.401-.14c-.157-.017-.297-.035-.453-.035h-1.029v1.779h.941zm4.359-2.738h4.2v.994h-3.085v1.622h2.911v.959h-2.91V49.6h3.242v1.011h-4.376v-6.38h.018zm6.223 0h2.249c.418 0 .836.053 1.255.157.418.105.802.28 1.133.54.331.245.61.576.82.977.208.401.313.907.313 1.5 0 .557-.105 1.028-.314 1.43-.21.4-.488.731-.82.993a3.316 3.316 0 01-1.132.575 4.475 4.475 0 01-1.255.192h-2.25V44.23zm2.074 5.37c.297 0 .593-.035.872-.104.296-.07.558-.192.802-.349.244-.157.436-.384.575-.663.157-.279.227-.645.227-1.063 0-.453-.07-.82-.227-1.116a2.208 2.208 0 00-.575-.68 2.173 2.173 0 00-.802-.331 5.093 5.093 0 00-.872-.087h-.941V49.6h.941zm8.559-5.37h2.476c.244 0 .47.035.715.088.226.052.435.157.627.279a1.6 1.6 0 01.453.505c.105.21.175.454.175.733 0 .366-.105.662-.314.889a1.81 1.81 0 01-.802.505v.018c.4.052.732.209.994.47.261.262.383.61.383 1.029 0 .349-.07.645-.209.872a1.72 1.72 0 01-.54.575c-.227.14-.489.244-.767.314-.297.07-.593.087-.89.087h-2.283V44.23h-.018zm1.133 2.58h1.012c.383 0 .662-.069.854-.226a.787.787 0 00.296-.645c0-.279-.104-.488-.296-.61-.21-.122-.523-.175-.959-.175h-.906v1.657zm0 2.825h1.012c.14 0 .296-.017.47-.035.175-.017.314-.07.47-.122a.918.918 0 00.35-.279.87.87 0 00.139-.505c0-.332-.105-.576-.349-.698-.226-.14-.575-.192-1.028-.192h-1.063v1.831zm6.974-1.813l-2.389-3.592h1.377l1.604 2.668 1.621-2.668h1.308l-2.388 3.592v2.755h-1.133v-2.755zm35.474-4.132h-1.325v7.427h5.857V49.81h-4.532v-6.12zm6.258 7.427h5.857v-1.325h-4.532v-1.726h3.225v-1.325h-3.225v-1.063a.662.662 0 00-.662-.663h5.194V43.69h-5.857v7.427zm10.006-7.427l-2.615 7.427h1.395l2.162-6.102 1.063 3.051h-1.412l-.471 1.325h2.354l.61 1.726h1.412l-2.615-7.427h-1.883zm11.889 3.068v-1.743c0-.732-.593-1.325-1.325-1.325h-4.532v7.427h1.325v-3.051h2.057l1.412 3.051h1.447l-1.43-3.086a1.29 1.29 0 001.046-1.273zm-1.325-.017h-3.207v-1.063a.663.663 0 00-.663-.663h3.87v1.726zm3.853 4.376h1.325v-3.051h3.207v-1.325h-3.207v-1.063a.663.663 0 00-.663-.663h5.195V43.69h-5.857v7.427zm8.89-7.427h-1.325v7.427h1.325V43.69zm2.545 7.427h5.858v-1.325h-4.533v-1.726h3.208v-1.325h-3.208v-1.063a.662.662 0 00-.662-.663h5.195V43.69h-5.858v7.427zm9.518-7.427h-1.325v7.427h5.858V49.81h-4.533v-6.12zm9.832 0h-3.591v7.427h3.591a2.742 2.742 0 002.737-2.737v-1.97c0-1.5-1.22-2.72-2.737-2.72zm1.412 4.707c0 .785-.627 1.413-1.412 1.413h-2.266v-4.132a.662.662 0 00-.663-.663h2.929c.785 0 1.412.628 1.412 1.412v1.97zm-88.242 7.759h17.485V38.669H91.275v17.487zm7.304-5.039l2.807-2.807 5.997 2.807h-8.804zm-.244-7.427h6.189l-7.427 7.427h-4.445l6.555-6.555-.872-.872zM200 30.876H0v.715h200v-.715z" fill="#003057"></path></g><defs><clippath id="clip6"><path fill="#fff" d="M0 0h200v56.156H0z"></path></clippath></defs></svg>
                        
                </a>
            </div>
        
    </div>
</div>

                </div>
            </footer>

            <script>
            require(['knockout', 'jquery', 'config', 'jquery-ui', 'headroom', 'jquery-headroom', 'slick', 'binding-handlers'], function(ko, $) {
                $(window).ready(function(){
                    $('.main-header').headroom('destroy').removeData('headroom').headroom({ offset: 0});
                    setTimeout(function(){
                        $('.s-storyad').headroom('destroy').removeData('headroom').headroom({ offset: 250});
                    }, 5000)
                });
                setTimeout(function(){
                    $('.s-leaderboard--sticky').headroom('destroy').removeData('headroom').headroom({ offset: 250});
                }, 5000);
            });
        </script>

        <script>
            var checkExist = setInterval(function() {
            if ($('.navigation-loaded').length) {

                $( ".headroom--top .c-navigation-desktop .c-navigation__item--level-1.c-navigation__parent" ).hover(
                    function() {
                        $( ".main-navigation__logo-link img" ).width(75);
                    },
                    function() {
                        $( ".main-navigation__logo-link img" ).width(127);
                    }
                );

                clearInterval(checkExist);
            }
            }, 2000); // check every 100ms
        </script>
			 
        
<script type="text/javascript">window.accessibility_focus_outline_style = 'solid'; window.accessibility_focus_outline_color = '#00FFFF'; window.accessibility_focus_outline_width = '5px'; window.accessibility_light_mode = 'true'.toLowerCase();</script></form>
    <script type='text/html' id='template-promotions'><!-- ko ifnot: isInitializing() -->

    <!-- ko switch -->

        <!-- ko case: ad.location.type === 'single' -->
            <!-- ko with: single -->
                <div class="ad single-ad" data-bind="css: css_class">
                    <!-- ko if: link === '' || link === '#' -->
                        <span>
                            <picture data-bind="html5Picture: picture, alt: ((typeof picture.images[0] != 'undefined') ? (picture.images[0].alt) : (hover_text ? hover_text : title))"></picture>
                        </span>
                    <!-- /ko -->
                    <!-- ko if: link !== '' && link !== '#' -->
                        <a data-bind="
                            attr:{
                                'aria-label': ((typeof picture.images[0] != 'undefined') ? (picture.images[0].alt) : (hover_text ? hover_text : title)), 
                                href: link, 
                                title: hover_text ? hover_text : title, 
                                target: open_in_new_window ? '_blank' : '', 
                                click: $component.trackEvent.bind($data, 'click', $data.title),
                                'tabindex' : ko.computed(function() {
                                    var index = 
                                    $parents.findIndex(function(item) {
                                        return Object.keys(item).length > 0 && item.component;
                                    });
                                    if(index < 0)
                                        return 0;

                                    var model = $parents[index];
                                    if(model.component.name != 'main-nav')
                                        return 0;
                                    if (model.component.name === 'main-nav')
                                        return model.isMenuOpen() ? '0' : '-1';
                                    return 0;
                                })
                            },
                            event: {
                                focus: function() {
                                    var index = 
                                    $parents.findIndex(function(item) {
                                        return Object.keys(item).length > 0 && item.component;
                                    });
                                    if(index < 0)
                                        return;

                                    var model = $parents[index];
                                    if (model.component.name === 'main-nav') {
                                        model.openMenu();
                                    }
                                    return;
                                },
                                blur: function() {
                                    var index = 
                                    $parents.findIndex(function(item) {
                                        return Object.keys(item).length > 0 && item.component;
                                    });
                                    if(index < 0)
                                        return;

                                    var model = $parents[index];
                                    if (model.component.name === 'main-nav') {
                                        model.closeMenu();
                                    }
                                    return;
                                }
                            }
                            ">
                            <picture data-bind="html5Picture: picture, alt: ((typeof picture.images[0] != 'undefined') ? (picture.images[0].alt) : (hover_text ? hover_text : title))"></picture>
                        </a>
                    <!-- /ko -->
                </div>
            <!-- /ko -->
        <!-- /ko -->

        <!-- ko case: ad.location.type === 'multi' -->
            <!-- ko if: ad.location.effect === 'slide' || ad.location.effect === 'fade' -->
                <div class="ads-container" data-bind="afterBind: { callback: function() { $component.slick($element, slickOptions) }, foreach: ad.campaigns }">
                    <div class="ad multi-ad" data-bind="css: css_class">   
                        <!-- ko if: link === '' || link === '#' -->
                            <span>
                                <picture data-bind="html5Picture: picture, alt: ((typeof picture.images[0] != 'undefined') ? (picture.images[0].alt) : (hover_text ? hover_text : title))"></picture>
                            </span>
                        <!-- /ko -->
                        <!-- ko if: link !== '' && link !== '#' -->
                            <a data-bind="attr:{'aria-label': ((typeof picture.images[0] != 'undefined') ? (picture.images[0].alt) : (hover_text ? hover_text : title)), href: link, title: hover_text ? hover_text : title, target: open_in_new_window ? '_blank' : '' }, click: $component.trackEvent.bind($data, 'click', $data.title)">
                                <picture data-bind="html5Picture: picture, alt: ((typeof picture.images[0] != 'undefined') ? (picture.images[0].alt) : (hover_text ? hover_text : title))"></picture>
                            </a>
                        <!-- /ko -->
                    </div>
                </div> 
            <!-- /ko -->
            <!-- ko if: ad.location.effect === 'none' -->
                <div class="ads-container" data-bind="foreach: ad.campaigns">
                    <div class="ad multi-ad" data-bind="css: css_class">
                        <!-- ko if: link === '' || link === '#' -->
                            <span>
                                <picture data-bind="html5Picture: picture, alt: ((typeof picture.images[0] != 'undefined') ? (picture.images[0].alt) : (hover_text ? hover_text : title))"></picture>
                            </span>
                        <!-- /ko -->
                        <!-- ko if: link !== '' && link !== '#' -->
                            <a data-bind="attr: { 'aria-label': ((typeof picture.images[0] != 'undefined') ? (picture.images[0].alt) : (hover_text ? hover_text : title)), href: link, title: hover_text ? hover_text : title, target: open_in_new_window ? '_blank' : '' }, click: $component.trackEvent.bind($data, 'click', $data.title)">
                                <picture data-bind="html5Picture: picture, alt: ((typeof picture.images[0] != 'undefined') ? (picture.images[0].alt) : (hover_text ? hover_text : title))"></picture>
                            </a>
                        <!-- /ko -->
                    </div>
                </div> 
            <!-- /ko -->
            <!-- ko if: ad.location.effect === 'random' -->
                <div class="ads-container" aria-hidden="true" aria-live="off" data-bind="foreach: ad.campaigns">
                    <!-- ko if: $parent.randomSlide === $index() -->
                        <div class="ad multi-ad" data-bind="css: css_class">
                            <!-- ko if: link === '' || link === '#' -->
                                <span>
                                    <picture data-bind="html5Picture: picture, alt: ((typeof picture.images[0] != 'undefined') ? (picture.images[0].alt) : (hover_text ? hover_text : title))"></picture>
                                </span>
                            <!-- /ko -->
                            <!-- ko if: link !== '' && link !== '#' -->
                                <a data-bind="attr: { 'aria-label': ((typeof picture.images[0] != 'undefined') ? (picture.images[0].alt) : (hover_text ? hover_text : title)), href: link, title: hover_text ? hover_text : title, target: open_in_new_window ? '_blank' : '' }, click: $component.trackEvent.bind($data, 'click', $data.title)">
                                    <picture data-bind="html5Picture: picture, alt: ((typeof picture.images[0] != 'undefined') ? (picture.images[0].alt) : (hover_text ? hover_text : title))"></picture>
                                </a>
                            <!-- /ko -->
                        </div>
                    <!-- /ko -->
                </div> 
            <!-- /ko -->
        <!-- /ko -->

        <!-- ko case: ad.location.type === 'html' -->
            <!-- ko with: single -->
                <div class="ad html-ad" data-bind="css: css_class, html: html">
                </div>
            <!-- /ko -->
        <!-- /ko -->

        <!-- ko case: ad.location.type === 'icons' -->
            <div class="ads-container" data-bind="foreach: ad.campaigns, css:{ 'is-accessible': ad.location.accessibility_icons }">
                <div class="ad icons-ad" data-bind="css: css_class">
                    
                    <!-- ko if: $component.ad.location.accessibility_icons -->
                        <!-- ko if: link === '' || link === '#' -->
                            <span class="sidearm-icon" aria-hidden="true" data-bind="css: icon"></span>
                            <span class="icons-ad__label" data-bind="text: title"></span>
                        <!-- /ko -->
                        <!-- ko if: link !== '' && link !== '#' -->
                            <a class="icons-ad__link" data-bind="
                                attr:{ 
                                    href: link,
                                    title: hover_text ? hover_text : title, target: open_in_new_window ? '_blank' : '',
                                    'tabindex' : ko.computed(function() {
                                        var index = 
                                        $parents.findIndex(function(item) {
                                            return Object.keys(item).length > 0 && item.component;
                                        });
                                        if(index < 0)
                                            return 0;
        
                                        var model = $parents[index];
                                        if(model.component.name != 'main-nav')
                                            return 0;
                                        if (model.component.name === 'main-nav')
                                            return model.isMenuOpen() ? '0' : '-1';
                                        return 0;
                                    })
                                },
                                click: $component.trackEvent.bind($data, 'click', $data.title),
                                event: {
                                    focus: function() {
                                        var index = 
                                        $parents.findIndex(function(item) {
                                            return Object.keys(item).length > 0 && item.component;
                                        });
                                        if(index < 0)
                                            return;
        
                                        var model = $parents[index];
                                        if (model.component.name === 'main-nav') {
                                            model.openMenu();
                                        }
                                        return;
                                    },
                                    blur: function() {
                                        var index = 
                                        $parents.findIndex(function(item) {
                                            return Object.keys(item).length > 0 && item.component;
                                        });
                                        if(index < 0)
                                            return;
        
                                        var model = $parents[index];
                                        if (model.component.name === 'main-nav') {
                                            model.closeMenu();
                                        }
                                        return;
                                    }
                                }">
                                <span class="sidearm-icon" aria-hidden="true" data-bind="css: icon"></span>
                                <span class="icons-ad__label" data-bind="text: title"></span>
                            </a>
                        <!-- /ko -->
                    <!-- /ko -->
                    
                    <!-- ko if: !$component.ad.location.accessibility_icons -->
                        <!-- ko if: link === '' || link === '#' -->
                            <span>
                                <i data-bind="css: icon">
                                    <span data-bind="text: title"></span>
                                </i>
                            </span>
                        <!-- /ko -->
                        <!-- ko if: link !== '' && link !== '#' -->
                            <a data-bind="attr: { 
                                'aria-label': title + ' (' + id + ')', 
                                href: link, 
                                title: hover_text ? hover_text : title, 
                                target: open_in_new_window ? '_blank' : '',
                                'tabindex' : ko.computed(function() {
                                    var index = 
                                    $parents.findIndex(function(item) {
                                        return Object.keys(item).length > 0 && item.component;
                                    });
                                    if(index < 0)
                                        return 0;

                                    var model = $parents[index];
                                    if(model.component.name != 'main-nav')
                                        return 0;
                                    if (model.component.name === 'main-nav')
                                        return model.isMenuOpen() ? '0' : '-1';
                                    return 0;
                                })
                            }, 
                            click: $component.trackEvent.bind($data, 'click', $data.title),
                            event: {
                                focus: function() {
                                    var index = 
                                    $parents.findIndex(function(item) {
                                        return Object.keys(item).length > 0 && item.component;
                                    });
                                    if(index < 0)
                                        return;

                                    var model = $parents[index];
                                    if (model.component.name === 'main-nav') {
                                        model.openMenu();
                                    }
                                    return;
                                },
                                blur: function() {
                                    var index = 
                                    $parents.findIndex(function(item) {
                                        return Object.keys(item).length > 0 && item.component;
                                    });
                                    if(index < 0)
                                        return;

                                    var model = $parents[index];
                                    if (model.component.name === 'main-nav') {
                                        model.closeMenu();
                                    }
                                    return;
                                }
                            }">
                                <i data-bind="css: icon">
                                    <span data-bind="text: title"></span>
                                </i>
                            </a>
                        <!-- /ko -->
                    <!-- /ko -->
                    
                </div>
            </div>
        <!-- /ko -->

        <!-- ko case: ad.location.type === 'dfp' -->
            <div data-bind='component: {
                name: "dfp-component",
                params: DFPParams
            }'></div>
        <!-- /ko -->

    <!-- /ko -->

<!-- /ko --></script><script type='text/html' id='template-evergreen'><div class="dfp-ad" data-bind=" attr: { id: id, 'class' : (sidearm_dfp ? 'sidearm-dfp-ad' : 'dfp-ad') }, style: { width: width() + 'px', height: height() === 0 ? 'auto' : height() + 'px', 'background-color' : window.site_in_dev_mode === 'true' ? '#ccc' : '' }, afterBind: { callback: renderAd, foreach: data }"></div></script><script type='text/html' id='template-navigation'><!-- ko if: name() === 'main-nav' -->
<div class="component c-navigation c-navigation--main flex row">
    <div class="main-navigation__logo flex flex-justify-center">
        <a class="main-navigation__logo-link" href="/index.aspx">
            <img class="default" data-bind="attr: {src: $component.bucket + '/images/responsive_2020/wbu_logo.svg'}" alt="Wayland Baptist Main Logo - link to homepage" />
        </a>
    </div>
    <!-- ko if: ko.observable().matchMedia("(min-width: 1025px)")-->
        <div class="c-navigation-desktop flex-item-1">
            <ul class="c-navigation__level-1 flex flex-justify-start" data-bind="afterBind: { fastForEach: data, callback: navOverflow }">
                <!-- ko if: !isHidden() -->
                    <li data-bind="
                        attr: { 
                            'aria-haspopup': items.length ? 'true' : 'false',
                            'class': ko.computed(function() { return class_name ? class_name + ' c-navigation__item c-navigation__item--level-1': 'c-navigation__item c-navigation__item--level-1' })
                        },
                        css: {
                            'c-navigation__parent': items && items.length > 0,
                            'is-open': isItemOpen(),  'sidearm-haspopup': items.length
                        }">
                        <!-- ko if: url === "" || url === "#" -->
                            <a class="c-navigation__url c-navigation__url--level-1" data-bind="
                                html: title,
                                onEnter: toggleMenuItem,
                                css: {'is-toggled':isItemOpen() },
                                attr: {
                                    'aria-haspopup': items && items.length ? 'true' : 'false',
                                    'aria-expanded': isItemOpen() ? 'true' : 'false'
                                }" tabindex="0"></a>
                        <!-- /ko -->

                        <!-- ko if: url !== "" && url !== "#" -->
                            <a class="c-navigation__url c-navigation__url--level-1" data-bind="
                                html: title, 
                                attr: { 
                                    href: url, target: open_in_new_window ? '_blank' : '' 
                                }, 
                                onEnter: toggleMenuItem"></a>
                        <!-- /ko -->

                        <!-- ko if: columns.length > 0 -->
                            <div class="c-navigation__level-2" data-bind="
                                css: { 'is-open' : isItemOpen() }, 
                                attr: { 'aria-hidden' : isItemOpen() ? 'false' : 'true' }, 
                                onEscape:closeMenuItem">
                                <div class="c-navigation__level-2-inner">
                                    <div class="inner-container flex">
                                        <!-- ko fastForEach: columns -->
                                            <ul class="c-navigation__column reset-list" data-bind="fastForEach: items, attr: { 'aria-label': $parent.title }">
                                                <li class="c-navigation__item c-navigation__item--level-2" data-bind="css: {'c-navigation__separator': separator, 'c-navigation__parent':items && items.length > 0}">
                                                    <!-- ko if: separator -->
                                                        <span data-bind="text: title"></span>
                                                    <!-- /ko -->
        
                                                    <!-- ko ifnot: separator -->
                                                        <a class="c-navigation__url c-navigation__url--level-2" data-bind="
                                                            text: title, 
                                                            attr: { 
                                                                href: url, 
                                                                target: open_in_new_window ? '_blank' : '', 
                                                                'aria-label': ($parent.items[0].separator === 0 ? '' : $parent.items[0].title + ' ') + title, tabindex: $parents[1].isItemOpen() ? 0 : -1
                                                            },
                                                            event: {
                                                                focus: function() { $parents[1].openMenuItem(); },
                                                                blur:  function() { $parents[1].closeMenuItem(); }
                                                            },
                                                            css: class_name"></a>
                                                    <!-- /ko -->

                                                    <!-- ko if: social_media_links -->
                                                        <!-- ko fastForEach: social_media_links -->
                                                        <!-- ko if: class_name == 'tickets' -->
                                                        <a class="c-navigation__url c-navigation__url--level-2 c-navigation__social" data-bind="
                                                        text: title, 
                                                        attr: { 
                                                            href: url, 
                                                            'aria-label': ($parents[1].items[0].separator === 0 ? '' : $parents[1].items[0].title + ' ') + $parent.title + ' ' + title, 
                                                            'aria-hidden': !url ? 'true' : 'false', tabindex: $parents[2].isItemOpen() ? 0 : -1,
                                                            tabindex: url ? ($parents[2].isItemOpen() ? 0 : -1) : -1
                                                        },
                                                        event: {
                                                            focus: function() { $parents[2].openMenuItem(); },
                                                            blur:  function() { $parents[2].closeMenuItem(); }
                                                        },
                                                        css: class_name"></a>
                                                        <!-- /ko -->
                                                        <!-- /ko -->
                                                    <!-- /ko -->
        
                                                    <!-- ko if: schedule_roster_news_links -->
                                                        <!-- ko fastForEach: schedule_roster_news_links -->
                                                            <a class="c-navigation__url c-navigation__url--level-2 c-navigation__schedule-roster-news" data-bind="
                                                                text: title, 
                                                                attr: { 
                                                                    href: url, 
                                                                    'aria-label': ($parents[1].items[0].separator === 0 ? '' : $parents[1].items[0].title + ' ') + $parent.title + ' ' + title, 
                                                                    'aria-hidden': !url ? 'true' : 'false', 
                                                                    tabindex: $parents[2].isItemOpen() ? 0 : -1
                                                                },
                                                                event: {
                                                                    focus: function() { $parents[2].openMenuItem(); },
                                                                    blur:  function() { $parents[2].closeMenuItem(); }
                                                                },
                                                                css: class_name"></a>
                                                                <span class="c-navigation__url c-navigation__url--level-2 c-navigation__schedule-roster-news--separator">/</span>
                                                        <!-- /ko -->
                                                    <!-- /ko -->
                                                
                                                    <!-- ko if: stats -->
                                                    <a class="c-navigation__url c-navigation__url--level-2 c-navigation__stats" data-bind="attr: { 
                                                        href: stats.url, 
                                                        'aria-label': ($parents[1].items[0].separator === 0 ? '' : $parents[1].items[0].title + ' ') + title + ' Stats', 
                                                        'aria-hidden': !url ? 'true' : 'false', 
                                                        tabindex: $parents[1].isItemOpen() ? 0 : -1},
                                                        event: {
                                                            focus: function() { $parents[1].openMenuItem(); },
                                                            blur:  function() { $parents[1].closeMenuItem(); }
                                                        }, 
                                                        css: class_name">Stats</a>
                                                    <!-- /ko -->
                                                </li>
                                            </ul>
                                        <!-- /ko -->
                                    </div>

                                    <!-- ko if: ad -->
                                        <div class="c-navigation__ad" data-bind="css: ad.css_class">
                                            <a data-bind=
                                                "attr: { 
                                                    href: ad.link, 
                                                    tabindex: isItemOpen() ? 0 : -1 
                                                }, 
                                                event: {
                                                    focus: function() { openMenuItem(); },
                                                    blur:  function() { closeMenuItem(); }
                                                }">
                                            <picture data-bind="html5Picture: ad.picture, alt: ad.title"></picture>
                                            </a>
                                        </div>
                                    <!-- /ko -->
                                </div>
                            </div>
                        <!-- /ko -->
                    </li>
                <!-- /ko -->
            </ul>
        </div>
    <!-- /ko -->

    <!-- ko if: ko.observable().matchMedia("(max-width: 1024px)") -->
        <search-component data-gist-id="130" params="{name: 'overlay-search'}"></search-component>
    <!-- /ko -->
    
    <button type="button" class="c-navigation__toggle" data-bind="click: function(){
        toggleMenu();
        if($('.c-navigation--sport').length){
            ko.dataFor($('.c-navigation--sport')[0]).closeMenu();
        }
        if($('.c-search--overlay').length){
            ko.dataFor($('.c-search--overlay')[0]).closeSearch();
        }}, attr: {'aria-expanded': isMenuOpen() ? true : false }, css: {'is-toggled': isMenuOpen()}, visible: ko.observable().matchMedia('(max-width: 1024px)')() || hasHiddenItems" aria-label="Toggle main navigation menu">
        <!-- ko if: !isMenuOpen() -->
            <span aria-hidden="true" class="sf-menu sidearm-icon"></span>
        <!-- /ko -->
        <!-- ko if: isMenuOpen() -->
            <span  aria-hidden="true" class="sf-close sidearm-icon"></span>
        <!-- /ko -->
    </button>

    <!-- ko if: ko.observable().matchMedia("(min-width: 1025px)") -->
        <div class="c-navigation--main__search">
            <search-component data-gist-id="80" params="{name: 'standard-search'}"></search-component>
        </div>
    <!-- /ko -->


    <!-- ko if: hasHiddenItems() || ko.observable().matchMedia("(max-width: 1024px)") -->
        <div class="c-navigation-mobile">
            <div class="c-navigation__offcanvas"  data-bind="css: isMenuOpen() ? 'is-open' : '', onEscape: closeMenu">
                <ul class="c-navigation__level-1" data-bind="fastForEach: data">
                    <!-- ko if: isHidden() || ko.observable().matchMedia("(max-width: 1024px)") -->
                        <li data-bind="
                            attr: {
                                'class': ko.computed(function() { return class_name ? class_name + ' c-navigation__item c-navigation__item--level-1': 'c-navigation__item c-navigation__item--level-1' })
                            },
                            css: {
                                'c-navigation__parent' : items.length > 0, 'is-open': isItemOpen()
                            }">
                            <!-- ko if: url === "" || url === "#" -->
                                <a class="c-navigation__url c-navigation__url--level-1" data-bind="
                                    html: title,
                                    attr: { 
                                        href: url,
                                        target: open_in_new_window ? '_blank' : '',
                                        tabindex: $parent.isMenuOpen() ? 0 : -1
                                    }, 
                                    click: toggleMenuItem, 
                                    css: {
                                        'is-open': isItemOpen()
                                    },
                                    event: {
                                        focus: function() { $parent.openMenu(); },
                                        blur:  function() { $parent.closeMenu(); }
                                    }"></a>
                            <!-- /ko -->
                            <!-- ko if: url !== "" && url !== "#" -->
                                <a class="c-navigation__url c-navigation__url--level-1" data-bind="html: title, css: {'is-open': isItemOpen()}, attr: { href: url }"></a>
                            <!-- /ko -->
                            <!-- ko if: items.length > 0 -->
                                <div class="c-navigation__level-2" data-bind="css: isItemOpen() ? 'is-open' : '', onEscape: closeMenuItem">
                                    <ul data-bind="fastForEach: items">
                                        <li class="c-navigation__item c-navigation__item--level-2" data-bind="css: {'c-navigation__separator': separator}">
                                            <!-- ko if: separator -->
                                                <span data-bind="text: title"></span>
                                            <!-- /ko -->
                                            <!-- ko ifnot: separator -->
                                                <a class="c-navigation__url c-navigation__url--level-2" data-bind="
                                                    html: title,
                                                    attr: {
                                                        href: url,
                                                        target: open_in_new_window ? '_blank' : '',
                                                        tabindex: $parent.isItemOpen() ? 0 : -1
                                                    }, 
                                                    event: {
                                                        focus: function() { $parents[1].openMenu(); $parent.openMenuItem(); },
                                                        blur:  function() { $parents[1].closeMenu(); $parent.closeMenuItem(); }
                                                    },
                                                    css: class_name"></a>
                                            <!-- /ko -->
                                        </li>
                                    </ul>
                                </div>
                            <!-- /ko -->
                        </li>
                    <!-- /ko -->
                </ul>
                <!-- ko if: ko.observable().matchMedia("(max-width: 1147px)")-->
                <div class="c-navigation__social-icons">
                    <ads-component params="{name: 'social-icons-ba3159'}"></ads-component>
                </div>
                <!-- /ko -->
            </div>
        </div>
    <!-- /ko -->
</div>
<!-- /ko -->


<!-- ko if: name() === 'sports-nav' -->
<div class="component c-navigation c-navigation--sport row" data-bind="css: ko.observable().matchMedia('(min-width:1025px)')() ? 'c-navigation--desktop' : 'c-navigation--mobile'">
    <!-- ko switch-->
        <!-- ko case: ko.observable().matchMedia('(min-width:1025px)') -->
            <ul class="c-navigation__level-1 flex" data-bind="fastForEach: data">
                <li class="" data-bind="
                    attr: {
                        class: class_name,
                        'aria-haspopup': items && items.length ? 'true' : 'false'
                    },
                    css: {
                        'c-navigation__sport': class_name === 'sport-home',
                        'c-navigation__additional': class_name === 'additional-links',
                        'c-navigation__parent': items && items.length,
                        'c-navigation__item c-navigation__item--level-1': true
                    }">
                    <a class="c-navigation__url c-navigation__url--level-1" data-bind="
                    html: class_name === 'additional-links' ? 'More +' : title,
                    onEnter: toggleMenuItem,
                    css: {'is-toggled':isItemOpen()},
                    attr: {
                        'aria-haspopup': items && items.length,
                        'aria-expanded': isItemOpen() ? 'true' : 'false',
                        href: url != '' && url != '#' ? url : null,
                        target: open_in_new_window ? '_blank' : ''
                    }" tabindex="0"></a>
                    
                    <!-- ko if: class_name === "sport-home" -->
                        <div class="c-navigation__ad">
                            <ads-component params="{ name: '' }"></ads-component>
                        </div>
                    <!-- /ko -->

                    <!-- ko if: items && items.length -->
                        <ul class="c-navigation__level-2" data-bind="
                            fastForEach: items,
                            css: {'is-open': isItemOpen()},
                            onEscape: closeMenuItem">
                            <li class="c-navigation__item c-navigation__item--level-2" data-bind="css: { 'c-navigation__separator': separator }">
                                <!-- ko if: separator -->
                                    <span data-bind="text: title"></span>
                                <!-- /ko -->

                                <!-- ko ifnot: separator -->
                                    <a class="c-navigation__url c-navigation__url--level-2" data-bind="
                                        html: title, 
                                        attr: { 
                                            href: url, 
                                            target: open_in_new_window ? '_blank' : '',
                                            tabindex: $parent.isItemOpen() ? 0 : -1
                                        },
                                        event: {
                                            focus: function() { $parent.openMenuItem(); },
                                            blur:  function() { $parent.closeMenuItem(); }
                                        },
                                        css: class_name"></a>
                                <!-- /ko -->
                            </li>
                        </ul>
                    <!-- /ko -->
                </li>
            </ul>
        <!-- /ko -->

        <!-- ko case: $else -->
            <ul class="c-navigation__sport-links flex flex-align-center flex-justify-between">
                <li class="c-navigation__sport flex flex-align-center">
                    <!-- ko switch -->
                        <!-- ko case: mediumUp -->
                            <a class="c-navigation__sport-link c-navigation__url" data-bind="text: sport.title, attr: { href: data()[0].url != '#' ? data()[0].url : '/index.aspx?path=' + sport.shortname }"></a>
                        <!-- /ko -->
                        <!-- ko case: $else -->
                            <a class="c-navigation__sport-link c-navigation__url" data-bind="text: sport.abbreviation, attr: { href: data()[0].url != '#' ? data()[0].url : '/index.aspx?path=' + sport.shortname }"></a>
                        <!-- /ko -->
                    <!-- /ko -->
                </li>

                <!-- ko if: data().length > 1 -->
                <li class="c-navigation__item--sport-links c-navigation__additional">
                    <button type="button" class="c-navigation__toggle" data-bind="click: toggleMenu, attr: {'aria-expanded': isMenuOpen() ? 'true' : 'false'}, css: {'is-toggled': isMenuOpen()}" aria-label="Toggle sport navigation menu">
                        <span>More</span>
                    </button>
                </li>
                <!-- /ko -->
            </ul>

            <div class="c-navigation__offcanvas" data-bind="
                css: {
                    'is-open': isMenuOpen()
                },
                attr: {
                    'aria-hidden': isMenuOpen() ? false : true
                },
                onEscape: closeMenu">
                <ul class="c-navigation__level-1" data-bind="fastForEach: data">
                    <!-- ko if: class_name != 'sport-home' -->
                        <li class="c-navigation__item c-navigation__item--level-1" data-bind="css: { 'c-navigation__parent' : items && items.length > 0, 'c-navigation__additional': class_name === 'additional-links', 'is-open': isItemOpen() }">
                            <!-- ko if: url != "" && url != "#" -->
                                <a class="c-navigation__url c-navigation__url--level-1" data-bind="
                                    html: title,
                                    attr: {
                                        href: url,
                                        target: open_in_new_window ? '_blank' : '',
                                        tabindex: $parent.isMenuOpen() ? 0 : -1
                                    },
                                    event: {
                                        focus: function() { $parent.openMenu(); },
                                        blur:  function() { $parent.closeMenu(); }
                                    },"></a>
                            <!-- /ko -->
    
                            <!-- ko if: url === "" || url === "#" -->
                                <a class="c-navigation__url c-navigation__url--level-1" href="javascript:void(0)" data-bind="
                                    html: class_name === 'additional-links' ? 'More' : title,
                                    click: toggleMenuItem,
                                    css: {
                                        'is-open': isItemOpen()
                                    },
                                    attr: {
                                        'aria-expanded': isItemOpen() ? true : false,
                                        'aria-haspopup': items && items.length,
                                        tabindex: $parent.isMenuOpen() ? 0 : -1
                                    },
                                    event: {
                                        focus: function() { $parent.openMenu(); },
                                        blur:  function() { $parent.closeMenu(); }
                                    },"></a>
                            <!-- /ko -->
    
                            <!-- ko if: items && items.length -->
                                <div class="c-navigation__level-2" data-bind="css: isItemOpen() ? 'is-open' : '', attr: {'aria-hidden': isItemOpen() ? 'false' : 'true'}">
                                    <ul class="" data-bind="fastForEach: items">
                                        <li class="c-navigation__item c-navigation__item--level-2" data-bind="css: {'c-navigation__separator': separator}">
                                            <!-- ko if: separator -->
                                                <span data-bind="text: title"></span>
                                            <!-- /ko -->
    
                                            <!-- ko ifnot: separator -->
                                                <a class="c-navigation__url c-navigation__url--level-2" data-bind="
                                                    html: title,
                                                    attr: {
                                                        href: url,
                                                        target: open_in_new_window ? '_blank' : '',
                                                        tabindex: $parent.isItemOpen() ? 0 : -1
                                                    },
                                                    event: {
                                                        focus: function() { $parents[1].openMenu(); $parent.openMenuItem(); },
                                                        blur:  function() { $parents[1].closeMenu(); $parent.closeMenuItem(); }
                                                    }"></a>
                                            <!-- /ko -->
                                        </li>
                                    </ul>
                                </div>
                            <!-- /ko -->
                        </li>
                    <!-- /ko -->
                </ul>
            </div>
        <!-- /ko -->
    <!-- /ko -->
</div>
<!-- /ko --></script><script type='text/html' id='template-search'><!-- ko if: name() === 'standard-search' -->
<div class="component c-search c-search--standard" role="search">
    <fieldset>
        <legend class="accessible-hide">Search:</legend>
        
        <div class="c-search__container">
            <input type="text" class="c-search__text" data-bind="textInput: query, onEnter: search" placeholder="Search" aria-label="Search this site" />
    
            <button type="submit" class="c-search__submit" data-bind="click: search, disable: !query()" aria-label="Search site"><i class="sf-search-2 sidearm-icon"></i></button>
        </div>
    </fieldset>
</div>
<!-- /ko -->

<!-- ko if: name() === 'overlay-search' -->
<div class="component c-search c-search--overlay" role="search" data-bind="focusTrapWithin: '.c-search__overlay', css:{ 'is-open': toggled() }, onEscape: closeSearch">
    <button type="button" class="c-search__toggle" aria-label="Toggle search form" data-bind="click: function(){
        toggleSearch();
        if($('.c-navigation--sport').length){
            ko.dataFor($('.c-navigation--sport')[0]).closeMenu();
        }
        ko.dataFor($('.c-navigation--main')[0]).closeMenu();
     }, attr: { 'aria-expanded': toggled() ? 'true' : 'false' }, css: { 'is-toggled' : toggled() }">
        <span aria-hidden="true" class="sf-search-2 sidearm-icon"></span>
    </button>
    <div class="c-search__overlay" data-bind="css:{ 'is-open': toggled() }, click: closeSearch">
        <fieldset>
            <legend class="accessible-hide">Search</legend>
            <div class="c-search__text-wrap relative" data-bind="click: function(){}, clickBubble: false">
                <input type="text" class="c-search__text" data-bind="textInput: query, onEnter: search, attr:{ tabindex: toggled() ? 0 : -1 }" placeholder="Search..." aria-label="Search this site" />
                <button type="submit" class="c-search__submit" data-bind="click: search, disable: !query(), attr:{ tabindex: toggled() ? 0 : -1 }" aria-label="Search site">Go</button>
            </div>
        </fieldset>
        <button type="button" class="c-search__close" aria-label="Close search" data-bind="click: closeSearch, clickBubble: false, attr:{ tabindex: toggled() ? 0 : -1 }">
            <span aria-hidden="true" class="sf-close sidearm-font"></span>
        </button>
    </div>
</div>
<!-- /ko --></script>
                    <script>
                        window.preloaded_templates_are_rendering = true;

                        require(['knockout'], function (ko) {
                            function register_custom_loader(component, vm_name, template_name) {
                                if (document.getElementById('template-' + (template_name || component) )) {
                                    var custom_loader = {
                                        getConfig: function(name, callback) {
                                            if (name === component + '-component') {
                                                componentConfig = {
                                                    template: { element: 'template-' + (template_name || component) },
                                                    viewModel: { require: 'components/' + (vm_name || component) }
                                                };
                                                callback(componentConfig);
                                            }
                                            else {
                                                callback(null)
                                            }
                                        }
                                    };

                                    ko.components.loaders.unshift(custom_loader);
                                }
                            }

                            register_custom_loader('ads', 'promotions', 'promotions');
                            register_custom_loader('dfp', 'evergreen', 'evergreen');

                            register_custom_loader('navigation');
register_custom_loader('search');

                            
                            window.preloaded_templates_are_rendering = false;
                        });
                    </script>
                

<div class="bcdo0arqi" style="display: none;" role="dialog" aria-label="Ad Blocker Detected" aria-modal="true">
    <div class="bcdo0arqi__inner">
        <div class="bcdo0arqi__body">
            <div class="flex flex-align-center">
                <img src="/images/logos/site/site.png?width=48" alt="Site logo" />
                <div class="bcdo0arqi-modal__title">Ad Blocker Detected</div>
            </div>
            <div class="bcdo0arqi-modal__text">
                <p>Thanks for visiting <a class="bcdo0arqi-modal__text-host"></a>!</p> 
                <p>The use of software that blocks ads hinders our ability to serve you the content you came here to enjoy.</p>
                <p>We ask that you consider turning off your ad blocker so we can deliver you the best experience possible while you are here.</p>
                <p>Thank you for your support!</p>
                <div class="bcdo0arqi-modal__learn">
                    <a href="http://www.sidearmsports.com/blockers" target="_blank"><span class="sf-arrows-round-right"></span>Learn More About Ad Blockers</a>
                </div>
            </div>
        </div>
        <button type="button" class="bcdo0arqi-banner__consent text-center" aria-label="Close ad blocker detected modal">Close</button>
    </div>
</div>

<script>
    var host_element = document.querySelector(".bcdo0arqi-modal__text-host");
    host_element.href = window.location.href; 
    host_element.innerText = window.location.hostname; 

    function close_banner() {
        var CookieDate = new Date;
        CookieDate.setTime(CookieDate.getTime() + 1 * 3600 * 1000 * 24);
        document.cookie = "sidearm-adblock-banner_consent=true; expires=\"" + CookieDate.toGMTString() + "\";";
        document.querySelector(".bcdo0arqi").remove();
    }

    var consent_button = document.querySelector(".bcdo0arqi-banner__consent");

    consent_button.addEventListener("click", function() { close_banner(); });

    require(['config'], function(config) {
        require(['jquery', 'knockout', 'cookie', 'text'], function ($, ko, cookie, text) {
            $(function() {                
                //disable check for Siteimprove scans
                if (navigator.userAgent.toLowerCase().indexOf('siteimprove') < 0) {
                    
                    if (cookie.get_cookie('sidearm-adblock-banner_consent')) {
                        return;
                    }

                    var deferred = $.Deferred();

                    require(['/components/js/analytics.js'], function() { 
                        deferred.resolve();
                    }, function() {
                        deferred.reject();
                    });

                    deferred.then(function(success) {
                        $.get('/common/templates/dfp/dfp-component-template.html')
                            .then(function(response) { }, function(error) {
                                show_ad_blocker_blocked_modal();
                            });
                    }, function(error) {
                        show_ad_blocker_blocked_modal()
                    });

                    function show_ad_blocker_blocked_modal() {
                        var modal = document.querySelector('.bcdo0arqi');
                        modal.style.display = 'flex';
                        modal.querySelector('.bcdo0arqi-banner__consent').focus();
                    }
                }
            });
        });
    });
</script>

<style>
    .bcdo0arqi {
  display: flex;
  align-items: center;
  justify-content: center;
  position: fixed;
  top: 0;
  left: 0;
  width: 100%;
  height: 100%;
  z-index: 999999;
  padding: 24px;
  background-color: rgba(0, 0, 0, 0.85);
}
.bcdo0arqi__inner {
  background-color: white;
  color: #2a2b2c;
  width: 100%;
  max-width: 500px;
  border-radius: 2px;
  line-height: 1.875;
  font-size: 1rem;
  max-height: 100%;
  max-width: 700px;
}
.bcdo0arqi__body {
  padding: 24px;
}
.bcdo0arqi-modal__title {
  position: relative;
  padding-left: 24px;
  font-size: 1.5rem;
  font-weight: 900;
  line-height: 1;
}
.bcdo0arqi-modal__title::after {
  content: '';
  display: block;
  width: 48px;
  height: 2px;
  background-color: black;
  margin-top: 8px;
}
.bcdo0arqi-modal__text a {
  color: black;
}
.bcdo0arqi-modal__learn {
  color: black;
  font-size: 1rem;
  font-weight: 400;
  line-height: 1.5rem;
}
.bcdo0arqi-modal__learn a {
  color: black;
}
.bcdo0arqi-modal__browsers {
  padding-top: 12px;
  margin: 0 -6px;
}
.bcdo0arqi-modal__browsers-button {
  flex: 1 0 auto;
  text-decoration: none;
  border-radius: 6px;
  background: whitesmoke;
  border-radius: 35px;
  padding: 12px;
  margin: 0 6px;
  border: 1px solid #d9d9d9;
  transition: .25s;
}
.bcdo0arqi-modal__browsers-button img {
  width: 36px;
  height: 36px;
}
.bcdo0arqi-modal__browsers-button:hover {
  background: #d9d9d9;
}
.bcdo0arqi-modal__browsers--upgrade {
  line-height: 1;
  padding: 0 12px;
}
.bcdo0arqi-modal__browsers--text {
  font-size: 14px;
  color: #2a2b2c;
  font-weight: 400;
}
.bcdo0arqi-modal__browsers--text span {
  font-size: 16px;
  color: black;
  font-weight: 700;
}
.bcdo0arqi-modal__browsers--text:last-child {
  padding-top: 4px;
}
.bcdo0arqi-banner__consent {
  -webkit-appearance: none;
  background-color: whitesmoke;
  border: 1px solid #d9d9d9;
  display: block;
  padding: 0 16px;
  color: black;
  width: 100%;
  margin-top: 8px;
  transition: .25s;
  line-height: 28px;
  height: 28px;
  font-size: 14px;
}
.bcdo0arqi-banner__consent:hover {
  background-color: black;
  color: white;
}

</style><div style='position: fixed; left: -10000px'></div><!-- BEGIN ControlTag for "Sidearm" -->
<script class="kxct" data-id="so4l4yxm2" data-timing="async" data-version="3.0" type="text/javascript">
  window.Krux||((Krux=function(){Krux.q.push(arguments)}).q=[]);
  (function(){
    var k=document.createElement('script');k.type='text/javascript';k.async=true;
    k.src=(location.protocol==='https:'?'https:':'http:')+'//cdn.krxd.net/controltag/so4l4yxm2.js';
    var s=document.getElementsByTagName('script')[0];s.parentNode.insertBefore(k,s);
  }());
</script>
<!-- END ControlTag -->

<script>
Krux('ns:mogointeractive', 'consent:set', {
dc: true,
  al: true,
  tg: true,
  cd: false,
  sh: false,
  re: false
}, function(errors, body) {
  if (errors) {
    console.error(errors);
  }
});
</script></body>
</html>